Archive member included because of file (symbol)

c:\Users\s133023402\AppData\Roaming\Code\User\globalStorage\vexrobotics.vexcode\sdk\cpp\V5\V5_20240802_15_00_00/vexv5\libv5rt.a(v5_startup.c.obj)
                              (vexStartup)
c:\Users\s133023402\AppData\Roaming\Code\User\globalStorage\vexrobotics.vexcode\sdk\cpp\V5\V5_20240802_15_00_00/vexv5\libv5rt.a(v5_util.c.obj)
                              c:\Users\s133023402\AppData\Roaming\Code\User\globalStorage\vexrobotics.vexcode\sdk\cpp\V5\V5_20240802_15_00_00/vexv5\libv5rt.a(v5_startup.c.obj) (vexStdlibVersionLinked)
c:\Users\s133023402\AppData\Roaming\Code\User\globalStorage\vexrobotics.vexcode\sdk\cpp\V5\V5_20240802_15_00_00/vexv5\libv5rt.a(v5_apijump.c.obj)
                              c:\Users\s133023402\AppData\Roaming\Code\User\globalStorage\vexrobotics.vexcode\sdk\cpp\V5\V5_20240802_15_00_00/vexv5\libv5rt.a(v5_startup.c.obj) (vexPrivateApiEnable)
c:\Users\s133023402\AppData\Roaming\Code\User\globalStorage\vexrobotics.vexcode\sdk\cpp\V5\V5_20240802_15_00_00/vexv5\libv5rt.a(v5_apiversions.c.obj)
                              c:\Users\s133023402\AppData\Roaming\Code\User\globalStorage\vexrobotics.vexcode\sdk\cpp\V5\V5_20240802_15_00_00/vexv5\libv5rt.a(v5_apijump.c.obj) (vexSystemVersion)
c:\Users\s133023402\AppData\Roaming\Code\User\globalStorage\vexrobotics.vexcode\sdk\cpp\V5\V5_20240802_15_00_00/vexv5\libv5rt.a(vex_global.cpp.obj)
                              build/src/main.o (vex::wait(double, vex::timeUnits))
c:\Users\s133023402\AppData\Roaming\Code\User\globalStorage\vexrobotics.vexcode\sdk\cpp\V5\V5_20240802_15_00_00/vexv5\libv5rt.a(vex_motor.cpp.obj)
                              build/src/robot-config.o (vex::motor::~motor())
c:\Users\s133023402\AppData\Roaming\Code\User\globalStorage\vexrobotics.vexcode\sdk\cpp\V5\V5_20240802_15_00_00/vexv5\libv5rt.a(vex_imu.cpp.obj)
                              build/src/robot-config.o (vex::inertial::setHeading(double, vex::rotationUnits))
c:\Users\s133023402\AppData\Roaming\Code\User\globalStorage\vexrobotics.vexcode\sdk\cpp\V5\V5_20240802_15_00_00/vexv5\libv5rt.a(vex_rotation.cpp.obj)
                              build/src/robot-config.o (vex::rotation::~rotation())
c:\Users\s133023402\AppData\Roaming\Code\User\globalStorage\vexrobotics.vexcode\sdk\cpp\V5\V5_20240802_15_00_00/vexv5\libv5rt.a(vex_optical.cpp.obj)
                              build/src/robot-config.o (vex::optical::~optical())
c:\Users\s133023402\AppData\Roaming\Code\User\globalStorage\vexrobotics.vexcode\sdk\cpp\V5\V5_20240802_15_00_00/vexv5\libv5rt.a(vex_controller.cpp.obj)
                              build/src/robot-config.o (vex::controller::~controller())
c:\Users\s133023402\AppData\Roaming\Code\User\globalStorage\vexrobotics.vexcode\sdk\cpp\V5\V5_20240802_15_00_00/vexv5\libv5rt.a(vex_task.cpp.obj)
                              build/src/robot-config.o (vex::task::task(int (*)()))
c:\Users\s133023402\AppData\Roaming\Code\User\globalStorage\vexrobotics.vexcode\sdk\cpp\V5\V5_20240802_15_00_00/vexv5\libv5rt.a(vex_thread.cpp.obj)
                              c:\Users\s133023402\AppData\Roaming\Code\User\globalStorage\vexrobotics.vexcode\sdk\cpp\V5\V5_20240802_15_00_00/vexv5\libv5rt.a(vex_global.cpp.obj) (vex::this_thread::sleep_for(unsigned long))
c:\Users\s133023402\AppData\Roaming\Code\User\globalStorage\vexrobotics.vexcode\sdk\cpp\V5\V5_20240802_15_00_00/vexv5\libv5rt.a(vex_event.cpp.obj)
                              c:\Users\s133023402\AppData\Roaming\Code\User\globalStorage\vexrobotics.vexcode\sdk\cpp\V5\V5_20240802_15_00_00/vexv5\libv5rt.a(vex_imu.cpp.obj) (vex::event::init(unsigned long, unsigned long, void (*)()))
c:\Users\s133023402\AppData\Roaming\Code\User\globalStorage\vexrobotics.vexcode\sdk\cpp\V5\V5_20240802_15_00_00/vexv5\libv5rt.a(vex_mevent.cpp.obj)
                              c:\Users\s133023402\AppData\Roaming\Code\User\globalStorage\vexrobotics.vexcode\sdk\cpp\V5\V5_20240802_15_00_00/vexv5\libv5rt.a(vex_controller.cpp.obj) (vex::mevent::mevent(unsigned long, unsigned long))
c:\Users\s133023402\AppData\Roaming\Code\User\globalStorage\vexrobotics.vexcode\sdk\cpp\V5\V5_20240802_15_00_00/vexv5\libv5rt.a(vex_brain.cpp.obj)
                              build/src/auton-selector.o (vex::brain::lcd::setFont(vex::fontType))
c:\Users\s133023402\AppData\Roaming\Code\User\globalStorage\vexrobotics.vexcode\sdk\cpp\V5\V5_20240802_15_00_00/vexv5\libv5rt.a(vex_competition.cpp.obj)
                              build/src/main.o (vex::competition::competition())
c:\Users\s133023402\AppData\Roaming\Code\User\globalStorage\vexrobotics.vexcode\sdk\cpp\V5\V5_20240802_15_00_00/vexv5\libv5rt.a(vex_triport.cpp.obj)
                              c:\Users\s133023402\AppData\Roaming\Code\User\globalStorage\vexrobotics.vexcode\sdk\cpp\V5\V5_20240802_15_00_00/vexv5\libv5rt.a(vex_brain.cpp.obj) (vex::triport::~triport())
[...]
Memory Configuration

Name             Origin             Length             Attributes
ps7_ddr_0_S_AXI_BASEADDR 0x03800000         0x04800000
*default*        0x00000000         0xffffffff

Linker script and memory map

                0x00002000                _STACK_SIZE = DEFINED (_STACK_SIZE)?_STACK_SIZE:0x2000
                0x00100000                _HEAP_SIZE = DEFINED (_HEAP_SIZE)?_HEAP_SIZE:0x100000
                0x00000400                _ABORT_STACK_SIZE = DEFINED (_ABORT_STACK_SIZE)?_ABORT_STACK_SIZE:0x400
                0x00000800                _SUPERVISOR_STACK_SIZE = DEFINED (_SUPERVISOR_STACK_SIZE)?_SUPERVISOR_STACK_SIZE:0x800
                0x00000400                _IRQ_STACK_SIZE = DEFINED (_IRQ_STACK_SIZE)?_IRQ_STACK_SIZE:0x400
                0x00000400                _FIQ_STACK_SIZE = DEFINED (_FIQ_STACK_SIZE)?_FIQ_STACK_SIZE:0x400
                0x00000400                _UNDEF_STACK_SIZE = DEFINED (_UNDEF_STACK_SIZE)?_UNDEF_STACK_SIZE:0x400

.text           0x03800000     0x68c8
 *(.vectors)
 *(.boot_data)
 .boot_data     0x03800000       0x20 c:\Users\s133023402\AppData\Roaming\Code\User\globalStorage\vexrobotics.vexcode\sdk\cpp\V5\V5_20240802_15_00_00/vexv5\libv5rt.a(v5_startup.c.obj)
                0x03800000                vexCodeSig
                0x00000020                . = 0x20
 *(.boot)
 .boot          0x03800020       0xbc c:\Users\s133023402\AppData\Roaming\Code\User\globalStorage\vexrobotics.vexcode\sdk\cpp\V5\V5_20240802_15_00_00/vexv5\libv5rt.a(v5_startup.c.obj)
                0x03800020                vexStartup
                0x03800100                . = ALIGN (0x40)
 *fill*         0x038000dc       0x24 
 *(.freertos_vectors)
 *(.text)
 *(.text.*)
 .text.main     0x03800100       0x68 build/src/main.o
                0x03800100                main
 .text._GLOBAL__sub_I_main.cpp
                0x03800168       0x5c build/src/main.o
 .text._GLOBAL__sub_I_autons.cpp
                0x038001c4       0x34 build/src/autons.o
 .text._Z10autonomousv
                0x038001f8       0x6c build/src/autonomous.o
                0x038001f8                autonomous()
 .text._GLOBAL__sub_I_autonomous.cpp
                0x03800264       0x34 build/src/autonomous.o
 .text._GLOBAL__sub_I_PID.cpp
                0x03800298       0x34 build/src/PID.o
 .text._Z12colorSortRedv
                0x038002cc       0x34 build/src/other-functions.o
                0x038002cc                colorSortRed()
 .text._Z12red_detectedv
                0x03800300       0xd8 build/src/other-functions.o
                0x03800300                red_detected()
 .text._Z13colorSortBluev
                0x038003d8       0x34 build/src/other-functions.o
                0x038003d8                colorSortBlue()
 *fill*         0x0380040c        0x4 
 .text._Z13blue_detectedv
                0x03800410       0xe8 build/src/other-functions.o
                0x03800410                blue_detected()
 .text._GLOBAL__sub_I_other_functions.cpp
                0x038004f8       0x34 build/src/other-functions.o
 .text._GLOBAL__sub_I_pure_pursuit.cpp
                0x0380052c       0x34 build/src/pure-pursuit.o
 .text._ZN3vex11motor_groupC2IJNS_5motorES2_EEERS2_DpRT_
                0x03800560       0x44 build/src/robot-config.o
                0x03800560                vex::motor_group::motor_group<vex::motor, vex::motor>(vex::motor&, vex::motor&, vex::motor&)
 .text._Z33rc_auto_loop_function_Controller1v
                0x038005a4      0x2b0 build/src/robot-config.o
                0x038005a4                rc_auto_loop_function_Controller1()
 .text._Z11vexcodeInitv
                0x03800854       0xd0 build/src/robot-config.o
                0x03800854                vexcodeInit()
 .text._GLOBAL__sub_I_robot_config.cpp
                0x03800924      0x574 build/src/robot-config.o
 .text._Z16setDrivePositionddd
                0x03800e98       0x90 build/src/odometry.o
                0x03800e98                setDrivePosition(double, double, double)
 .text._GLOBAL__sub_I_odometry.cpp
                0x03800f28       0x34 build/src/odometry.o
 *fill*         0x03800f5c        0x4 
 .text._Z11usercontrolv
                0x03800f60      0x2c0 build/src/user-control.o
                0x03800f60                usercontrol()
 .text._GLOBAL__sub_I_user_control.cpp
                0x03801220       0x34 build/src/user-control.o
 *fill*         0x03801254        0x4 
 .text._Z9pre_autonv
                0x03801258       0x80 build/src/pre-auton.o
                0x03801258                pre_auton()
 .text._GLOBAL__sub_I_pre_auton.cpp
                0x038012d8       0x34 build/src/pre-auton.o
 .text._Z9quadrant0v
                0x0380130c       0x9c build/src/auton-selector.o
                0x0380130c                quadrant0()
 .text._Z9quadrant1v
                0x038013a8       0x9c build/src/auton-selector.o
                0x038013a8                quadrant1()
 .text._Z9quadrant2v
                0x03801444       0x9c build/src/auton-selector.o
                0x03801444                quadrant2()
 .text._Z9quadrant3v
                0x038014e0       0x9c build/src/auton-selector.o
                0x038014e0                quadrant3()
 .text._Z9quadrant4v
                0x0380157c       0x9c build/src/auton-selector.o
                0x0380157c                quadrant4()
 .text._Z9selectionv
                0x03801618       0xd4 build/src/auton-selector.o
                0x03801618                selection()
 .text._Z13field_stripesv
                0x038016ec       0x74 build/src/auton-selector.o
                0x038016ec                field_stripes()
 .text._Z9end_zonesv
                0x03801760       0x9c build/src/auton-selector.o
                0x03801760                end_zones()
 .text._Z5goalsv
                0x038017fc      0x148 build/src/auton-selector.o
                0x038017fc                goals()
 .text._Z12block_thingsv
                0x03801944      0x32c build/src/auton-selector.o
                0x03801944                block_things()
 .text._Z6loaderv
                0x03801c70      0x124 build/src/auton-selector.o
                0x03801c70                loader()
 .text._Z8graphicsv
                0x03801d94       0x6c build/src/auton-selector.o
                0x03801d94                graphics()
 .text._Z5touchv
                0x03801e00      0xa34 build/src/auton-selector.o
                0x03801e00                touch()
 .text._Z10selectablev
                0x03802834       0x10 build/src/auton-selector.o
                0x03802834                selectable()
 .text._GLOBAL__sub_I_auton_selector.cpp
                0x03802844       0x34 build/src/auton-selector.o
 .text.vexMain  0x03802878       0xb0 c:\Users\s133023402\AppData\Roaming\Code\User\globalStorage\vexrobotics.vexcode\sdk\cpp\V5\V5_20240802_15_00_00/vexv5\libv5rt.a(v5_startup.c.obj)
                0x03802878                vexMain
 .text.__vex_function_prolog
                0x03802928       0x18 c:\Users\s133023402\AppData\Roaming\Code\User\globalStorage\vexrobotics.vexcode\sdk\cpp\V5\V5_20240802_15_00_00/vexv5\libv5rt.a(v5_startup.c.obj)
                0x03802928                __vex_function_prolog
 .text._init    0x03802940        0x4 c:\Users\s133023402\AppData\Roaming\Code\User\globalStorage\vexrobotics.vexcode\sdk\cpp\V5\V5_20240802_15_00_00/vexv5\libv5rt.a(v5_startup.c.obj)
                0x03802940                _init
 .text._fini    0x03802944        0x4 c:\Users\s133023402\AppData\Roaming\Code\User\globalStorage\vexrobotics.vexcode\sdk\cpp\V5\V5_20240802_15_00_00/vexv5\libv5rt.a(v5_startup.c.obj)
                0x03802944                _fini
 .text.vexStdlibVersionLinked
                0x03802948        0xc c:\Users\s133023402\AppData\Roaming\Code\User\globalStorage\vexrobotics.vexcode\sdk\cpp\V5\V5_20240802_15_00_00/vexv5\libv5rt.a(v5_util.c.obj)
                0x03802948                vexStdlibVersionLinked
 .text.vexStdlibVersionVerify
                0x03802954       0x30 c:\Users\s133023402\AppData\Roaming\Code\User\globalStorage\vexrobotics.vexcode\sdk\cpp\V5\V5_20240802_15_00_00/vexv5\libv5rt.a(v5_util.c.obj)
                0x03802954                vexStdlibVersionVerify
 .text.vexPrivateApiEnable
                0x03802984       0x10 c:\Users\s133023402\AppData\Roaming\Code\User\globalStorage\vexrobotics.vexcode\sdk\cpp\V5\V5_20240802_15_00_00/vexv5\libv5rt.a(v5_apijump.c.obj)
                0x03802984                vexPrivateApiEnable
 .text.vexStdlibMismatchError
                0x03802994       0x3c c:\Users\s133023402\AppData\Roaming\Code\User\globalStorage\vexrobotics.vexcode\sdk\cpp\V5\V5_20240802_15_00_00/vexv5\libv5rt.a(v5_apijump.c.obj)
                0x03802994                vexStdlibMismatchError
 .text.vexTaskAdd
                0x038029d0       0x10 c:\Users\s133023402\AppData\Roaming\Code\User\globalStorage\vexrobotics.vexcode\sdk\cpp\V5\V5_20240802_15_00_00/vexv5\libv5rt.a(v5_apijump.c.obj)
                0x038029d0                vexTaskAdd
 .text.vexTasksRun
                0x038029e0       0x10 c:\Users\s133023402\AppData\Roaming\Code\User\globalStorage\vexrobotics.vexcode\sdk\cpp\V5\V5_20240802_15_00_00/vexv5\libv5rt.a(v5_apijump.c.obj)
                0x038029e0                vexTasksRun
 .text.vexTaskYield
                0x038029f0       0x10 c:\Users\s133023402\AppData\Roaming\Code\User\globalStorage\vexrobotics.vexcode\sdk\cpp\V5\V5_20240802_15_00_00/vexv5\libv5rt.a(v5_apijump.c.obj)
                0x038029f0                vexTaskYield
 .text.vexTaskCheckTimeslice
                0x03802a00       0x10 c:\Users\s133023402\AppData\Roaming\Code\User\globalStorage\vexrobotics.vexcode\sdk\cpp\V5\V5_20240802_15_00_00/vexv5\libv5rt.a(v5_apijump.c.obj)
                0x03802a00                vexTaskCheckTimeslice
 .text.vexTaskSleep
                0x03802a10       0x10 c:\Users\s133023402\AppData\Roaming\Code\User\globalStorage\vexrobotics.vexcode\sdk\cpp\V5\V5_20240802_15_00_00/vexv5\libv5rt.a(v5_apijump.c.obj)
                0x03802a10                vexTaskSleep
 .text.vexTasksDump
                0x03802a20       0x1c c:\Users\s133023402\AppData\Roaming\Code\User\globalStorage\vexrobotics.vexcode\sdk\cpp\V5\V5_20240802_15_00_00/vexv5\libv5rt.a(v5_apijump.c.obj)
                0x03802a20                vexTasksDump
 .text.vexTaskGetTaskIndex
                0x03802a3c       0x10 c:\Users\s133023402\AppData\Roaming\Code\User\globalStorage\vexrobotics.vexcode\sdk\cpp\V5\V5_20240802_15_00_00/vexv5\libv5rt.a(v5_apijump.c.obj)
                0x03802a3c                vexTaskGetTaskIndex
 .text.vexTaskStopAll
                0x03802a4c       0x10 c:\Users\s133023402\AppData\Roaming\Code\User\globalStorage\vexrobotics.vexcode\sdk\cpp\V5\V5_20240802_15_00_00/vexv5\libv5rt.a(v5_apijump.c.obj)
                0x03802a4c                vexTaskStopAll
 .text.vexTaskRemoveAllUser
                0x03802a5c       0x34 c:\Users\s133023402\AppData\Roaming\Code\User\globalStorage\vexrobotics.vexcode\sdk\cpp\V5\V5_20240802_15_00_00/vexv5\libv5rt.a(v5_apijump.c.obj)
                0x03802a5c                vexTaskRemoveAllUser
 .text.vexTaskCompletionIdSet
                0x03802a90       0x10 c:\Users\s133023402\AppData\Roaming\Code\User\globalStorage\vexrobotics.vexcode\sdk\cpp\V5\V5_20240802_15_00_00/vexv5\libv5rt.a(v5_apijump.c.obj)
                0x03802a90                vexTaskCompletionIdSet
 .text.vexTaskStopWithId
                0x03802aa0       0x10 c:\Users\s133023402\AppData\Roaming\Code\User\globalStorage\vexrobotics.vexcode\sdk\cpp\V5\V5_20240802_15_00_00/vexv5\libv5rt.a(v5_apijump.c.obj)
                0x03802aa0                vexTaskStopWithId
 .text.vexTaskSuspendWithId
                0x03802ab0       0x10 c:\Users\s133023402\AppData\Roaming\Code\User\globalStorage\vexrobotics.vexcode\sdk\cpp\V5\V5_20240802_15_00_00/vexv5\libv5rt.a(v5_apijump.c.obj)
                0x03802ab0                vexTaskSuspendWithId
 .text.vexTaskResumeWithId
                0x03802ac0       0x10 c:\Users\s133023402\AppData\Roaming\Code\User\globalStorage\vexrobotics.vexcode\sdk\cpp\V5\V5_20240802_15_00_00/vexv5\libv5rt.a(v5_apijump.c.obj)
                0x03802ac0                vexTaskResumeWithId
 .text.vexCriticalSection
                0x03802ad0       0x2c c:\Users\s133023402\AppData\Roaming\Code\User\globalStorage\vexrobotics.vexcode\sdk\cpp\V5\V5_20240802_15_00_00/vexv5\libv5rt.a(v5_apijump.c.obj)
                0x03802ad0                vexCriticalSection
 .text.vexEventAdd
                0x03802afc       0x34 c:\Users\s133023402\AppData\Roaming\Code\User\globalStorage\vexrobotics.vexcode\sdk\cpp\V5\V5_20240802_15_00_00/vexv5\libv5rt.a(v5_apijump.c.obj)
                0x03802afc                vexEventAdd
 .text.vexEventUserIndexGet
                0x03802b30       0x1c c:\Users\s133023402\AppData\Roaming\Code\User\globalStorage\vexrobotics.vexcode\sdk\cpp\V5\V5_20240802_15_00_00/vexv5\libv5rt.a(v5_apijump.c.obj)
                0x03802b30                vexEventUserIndexGet
 .text.vexEventAddWithArg
                0x03802b4c       0x3c c:\Users\s133023402\AppData\Roaming\Code\User\globalStorage\vexrobotics.vexcode\sdk\cpp\V5\V5_20240802_15_00_00/vexv5\libv5rt.a(v5_apijump.c.obj)
                0x03802b4c                vexEventAddWithArg
 .text.vexEventsCleanup
                0x03802b88       0x2c c:\Users\s133023402\AppData\Roaming\Code\User\globalStorage\vexrobotics.vexcode\sdk\cpp\V5\V5_20240802_15_00_00/vexv5\libv5rt.a(v5_apijump.c.obj)
                0x03802b88                vexEventsCleanup
 .text.vexDebug
                0x03802bb4       0x38 c:\Users\s133023402\AppData\Roaming\Code\User\globalStorage\vexrobotics.vexcode\sdk\cpp\V5\V5_20240802_15_00_00/vexv5\libv5rt.a(v5_apijump.c.obj)
                0x03802bb4                vexDebug
 .text.vex_sprintf
                0x03802bec       0x40 c:\Users\s133023402\AppData\Roaming\Code\User\globalStorage\vexrobotics.vexcode\sdk\cpp\V5\V5_20240802_15_00_00/vexv5\libv5rt.a(v5_apijump.c.obj)
                0x03802bec                vex_sprintf
 .text.vex_vsnprintf
                0x03802c2c       0x3c c:\Users\s133023402\AppData\Roaming\Code\User\globalStorage\vexrobotics.vexcode\sdk\cpp\V5\V5_20240802_15_00_00/vexv5\libv5rt.a(v5_apijump.c.obj)
                0x03802c2c                vex_vsnprintf
 .text.vexSystemTimeGet
                0x03802c68       0x1c c:\Users\s133023402\AppData\Roaming\Code\User\globalStorage\vexrobotics.vexcode\sdk\cpp\V5\V5_20240802_15_00_00/vexv5\libv5rt.a(v5_apijump.c.obj)
                0x03802c68                vexSystemTimeGet
 .text.vexSystemExitRequest
                0x03802c84       0x1c c:\Users\s133023402\AppData\Roaming\Code\User\globalStorage\vexrobotics.vexcode\sdk\cpp\V5\V5_20240802_15_00_00/vexv5\libv5rt.a(v5_apijump.c.obj)
                0x03802c84                vexSystemExitRequest
 .text.vexDeviceGetByIndex
                0x03802ca0       0x24 c:\Users\s133023402\AppData\Roaming\Code\User\globalStorage\vexrobotics.vexcode\sdk\cpp\V5\V5_20240802_15_00_00/vexv5\libv5rt.a(v5_apijump.c.obj)
                0x03802ca0                vexDeviceGetByIndex
 .text.vexControllerGet
                0x03802cc4       0x2c c:\Users\s133023402\AppData\Roaming\Code\User\globalStorage\vexrobotics.vexcode\sdk\cpp\V5\V5_20240802_15_00_00/vexv5\libv5rt.a(v5_apijump.c.obj)
                0x03802cc4                vexControllerGet
 .text.vexControllerTextSet
                0x03802cf0       0x74 c:\Users\s133023402\AppData\Roaming\Code\User\globalStorage\vexrobotics.vexcode\sdk\cpp\V5\V5_20240802_15_00_00/vexv5\libv5rt.a(v5_apijump.c.obj)
                0x03802cf0                vexControllerTextSet
 .text.vexDeviceAdiPortConfigSet
                0x03802d64       0x34 c:\Users\s133023402\AppData\Roaming\Code\User\globalStorage\vexrobotics.vexcode\sdk\cpp\V5\V5_20240802_15_00_00/vexv5\libv5rt.a(v5_apijump.c.obj)
                0x03802d64                vexDeviceAdiPortConfigSet
 .text.vexDeviceAdiPortConfigGet
                0x03802d98       0x2c c:\Users\s133023402\AppData\Roaming\Code\User\globalStorage\vexrobotics.vexcode\sdk\cpp\V5\V5_20240802_15_00_00/vexv5\libv5rt.a(v5_apijump.c.obj)
                0x03802d98                vexDeviceAdiPortConfigGet
 .text.vexDeviceAdiValueSet
                0x03802dc4       0x34 c:\Users\s133023402\AppData\Roaming\Code\User\globalStorage\vexrobotics.vexcode\sdk\cpp\V5\V5_20240802_15_00_00/vexv5\libv5rt.a(v5_apijump.c.obj)
                0x03802dc4                vexDeviceAdiValueSet
 .text.vexDeviceMotorVelocitySet
                0x03802df8       0x2c c:\Users\s133023402\AppData\Roaming\Code\User\globalStorage\vexrobotics.vexcode\sdk\cpp\V5\V5_20240802_15_00_00/vexv5\libv5rt.a(v5_apijump.c.obj)
                0x03802df8                vexDeviceMotorVelocitySet
 .text.vexDeviceMotorVelocityGet
                0x03802e24       0x24 c:\Users\s133023402\AppData\Roaming\Code\User\globalStorage\vexrobotics.vexcode\sdk\cpp\V5\V5_20240802_15_00_00/vexv5\libv5rt.a(v5_apijump.c.obj)
                0x03802e24                vexDeviceMotorVelocityGet
 .text.vexDeviceMotorActualVelocityGet
                0x03802e48       0x24 c:\Users\s133023402\AppData\Roaming\Code\User\globalStorage\vexrobotics.vexcode\sdk\cpp\V5\V5_20240802_15_00_00/vexv5\libv5rt.a(v5_apijump.c.obj)
                0x03802e48                vexDeviceMotorActualVelocityGet
 .text.vexDeviceMotorModeGet
                0x03802e6c       0x24 c:\Users\s133023402\AppData\Roaming\Code\User\globalStorage\vexrobotics.vexcode\sdk\cpp\V5\V5_20240802_15_00_00/vexv5\libv5rt.a(v5_apijump.c.obj)
                0x03802e6c                vexDeviceMotorModeGet
 .text.vexDeviceMotorCurrentLimitSet
                0x03802e90       0x2c c:\Users\s133023402\AppData\Roaming\Code\User\globalStorage\vexrobotics.vexcode\sdk\cpp\V5\V5_20240802_15_00_00/vexv5\libv5rt.a(v5_apijump.c.obj)
                0x03802e90                vexDeviceMotorCurrentLimitSet
 .text.vexDeviceMotorZeroPositionFlagGet
                0x03802ebc       0x24 c:\Users\s133023402\AppData\Roaming\Code\User\globalStorage\vexrobotics.vexcode\sdk\cpp\V5\V5_20240802_15_00_00/vexv5\libv5rt.a(v5_apijump.c.obj)
                0x03802ebc                vexDeviceMotorZeroPositionFlagGet
 .text.vexDeviceMotorReverseFlagSet
                0x03802ee0       0x2c c:\Users\s133023402\AppData\Roaming\Code\User\globalStorage\vexrobotics.vexcode\sdk\cpp\V5\V5_20240802_15_00_00/vexv5\libv5rt.a(v5_apijump.c.obj)
                0x03802ee0                vexDeviceMotorReverseFlagSet
 .text.vexDeviceMotorEncoderUnitsSet
                0x03802f0c       0x2c c:\Users\s133023402\AppData\Roaming\Code\User\globalStorage\vexrobotics.vexcode\sdk\cpp\V5\V5_20240802_15_00_00/vexv5\libv5rt.a(v5_apijump.c.obj)
                0x03802f0c                vexDeviceMotorEncoderUnitsSet
 .text.vexDeviceMotorBrakeModeSet
                0x03802f38       0x2c c:\Users\s133023402\AppData\Roaming\Code\User\globalStorage\vexrobotics.vexcode\sdk\cpp\V5\V5_20240802_15_00_00/vexv5\libv5rt.a(v5_apijump.c.obj)
                0x03802f38                vexDeviceMotorBrakeModeSet
 .text.vexDeviceMotorPositionSet
                0x03802f64       0x34 c:\Users\s133023402\AppData\Roaming\Code\User\globalStorage\vexrobotics.vexcode\sdk\cpp\V5\V5_20240802_15_00_00/vexv5\libv5rt.a(v5_apijump.c.obj)
                0x03802f64                vexDeviceMotorPositionSet
 .text.vexDeviceMotorRelativeTargetSet
                0x03802f98       0x3c c:\Users\s133023402\AppData\Roaming\Code\User\globalStorage\vexrobotics.vexcode\sdk\cpp\V5\V5_20240802_15_00_00/vexv5\libv5rt.a(v5_apijump.c.obj)
                0x03802f98                vexDeviceMotorRelativeTargetSet
 .text.vexDeviceMotorGearingSet
                0x03802fd4       0x2c c:\Users\s133023402\AppData\Roaming\Code\User\globalStorage\vexrobotics.vexcode\sdk\cpp\V5\V5_20240802_15_00_00/vexv5\libv5rt.a(v5_apijump.c.obj)
                0x03802fd4                vexDeviceMotorGearingSet
 .text.vexDeviceMotorGearingGet
                0x03803000       0x24 c:\Users\s133023402\AppData\Roaming\Code\User\globalStorage\vexrobotics.vexcode\sdk\cpp\V5\V5_20240802_15_00_00/vexv5\libv5rt.a(v5_apijump.c.obj)
                0x03803000                vexDeviceMotorGearingGet
 .text.vexDeviceImuReset
                0x03803024       0x24 c:\Users\s133023402\AppData\Roaming\Code\User\globalStorage\vexrobotics.vexcode\sdk\cpp\V5\V5_20240802_15_00_00/vexv5\libv5rt.a(v5_apijump.c.obj)
                0x03803024                vexDeviceImuReset
 .text.vexDeviceImuHeadingGet
                0x03803048       0x24 c:\Users\s133023402\AppData\Roaming\Code\User\globalStorage\vexrobotics.vexcode\sdk\cpp\V5\V5_20240802_15_00_00/vexv5\libv5rt.a(v5_apijump.c.obj)
                0x03803048                vexDeviceImuHeadingGet
 .text.vexDeviceImuDegreesGet
                0x0380306c       0x24 c:\Users\s133023402\AppData\Roaming\Code\User\globalStorage\vexrobotics.vexcode\sdk\cpp\V5\V5_20240802_15_00_00/vexv5\libv5rt.a(v5_apijump.c.obj)
                0x0380306c                vexDeviceImuDegreesGet
 .text.vexDeviceImuStatusGet
                0x03803090       0x24 c:\Users\s133023402\AppData\Roaming\Code\User\globalStorage\vexrobotics.vexcode\sdk\cpp\V5\V5_20240802_15_00_00/vexv5\libv5rt.a(v5_apijump.c.obj)
                0x03803090                vexDeviceImuStatusGet
 .text.vexDeviceAbsEncPositionSet
                0x038030b4       0x2c c:\Users\s133023402\AppData\Roaming\Code\User\globalStorage\vexrobotics.vexcode\sdk\cpp\V5\V5_20240802_15_00_00/vexv5\libv5rt.a(v5_apijump.c.obj)
                0x038030b4                vexDeviceAbsEncPositionSet
 .text.vexDeviceAbsEncAngleGet
                0x038030e0       0x24 c:\Users\s133023402\AppData\Roaming\Code\User\globalStorage\vexrobotics.vexcode\sdk\cpp\V5\V5_20240802_15_00_00/vexv5\libv5rt.a(v5_apijump.c.obj)
                0x038030e0                vexDeviceAbsEncAngleGet
 .text.vexDeviceAbsEncReverseFlagSet
                0x03803104       0x2c c:\Users\s133023402\AppData\Roaming\Code\User\globalStorage\vexrobotics.vexcode\sdk\cpp\V5\V5_20240802_15_00_00/vexv5\libv5rt.a(v5_apijump.c.obj)
                0x03803104                vexDeviceAbsEncReverseFlagSet
 .text.vexDeviceOpticalHueGet
                0x03803130       0x24 c:\Users\s133023402\AppData\Roaming\Code\User\globalStorage\vexrobotics.vexcode\sdk\cpp\V5\V5_20240802_15_00_00/vexv5\libv5rt.a(v5_apijump.c.obj)
                0x03803130                vexDeviceOpticalHueGet
 .text.vexDeviceOpticalLedPwmSet
                0x03803154       0x2c c:\Users\s133023402\AppData\Roaming\Code\User\globalStorage\vexrobotics.vexcode\sdk\cpp\V5\V5_20240802_15_00_00/vexv5\libv5rt.a(v5_apijump.c.obj)
                0x03803154                vexDeviceOpticalLedPwmSet
 .text.vexDeviceOpticalGestureEnable
                0x03803180       0x24 c:\Users\s133023402\AppData\Roaming\Code\User\globalStorage\vexrobotics.vexcode\sdk\cpp\V5\V5_20240802_15_00_00/vexv5\libv5rt.a(v5_apijump.c.obj)
                0x03803180                vexDeviceOpticalGestureEnable
 .text.vexDeviceOpticalGestureDisable
                0x038031a4       0x24 c:\Users\s133023402\AppData\Roaming\Code\User\globalStorage\vexrobotics.vexcode\sdk\cpp\V5\V5_20240802_15_00_00/vexv5\libv5rt.a(v5_apijump.c.obj)
                0x038031a4                vexDeviceOpticalGestureDisable
 .text.vexDeviceOpticalProximityThreshold
                0x038031c8       0x2c c:\Users\s133023402\AppData\Roaming\Code\User\globalStorage\vexrobotics.vexcode\sdk\cpp\V5\V5_20240802_15_00_00/vexv5\libv5rt.a(v5_apijump.c.obj)
                0x038031c8                vexDeviceOpticalProximityThreshold
 .text.vexDisplayForegroundColor
                0x038031f4       0x24 c:\Users\s133023402\AppData\Roaming\Code\User\globalStorage\vexrobotics.vexcode\sdk\cpp\V5\V5_20240802_15_00_00/vexv5\libv5rt.a(v5_apijump.c.obj)
                0x038031f4                vexDisplayForegroundColor
 .text.vexDisplayBackgroundColor
                0x03803218       0x24 c:\Users\s133023402\AppData\Roaming\Code\User\globalStorage\vexrobotics.vexcode\sdk\cpp\V5\V5_20240802_15_00_00/vexv5\libv5rt.a(v5_apijump.c.obj)
                0x03803218                vexDisplayBackgroundColor
 .text.vexDisplayBackgroundColorGet
                0x0380323c       0x1c c:\Users\s133023402\AppData\Roaming\Code\User\globalStorage\vexrobotics.vexcode\sdk\cpp\V5\V5_20240802_15_00_00/vexv5\libv5rt.a(v5_apijump.c.obj)
                0x0380323c                vexDisplayBackgroundColorGet
 .text.vexDisplayPixelSet
                0x03803258       0x38 c:\Users\s133023402\AppData\Roaming\Code\User\globalStorage\vexrobotics.vexcode\sdk\cpp\V5\V5_20240802_15_00_00/vexv5\libv5rt.a(v5_apijump.c.obj)
                0x03803258                vexDisplayPixelSet
 .text.vexDisplayLineDraw
                0x03803290       0x4c c:\Users\s133023402\AppData\Roaming\Code\User\globalStorage\vexrobotics.vexcode\sdk\cpp\V5\V5_20240802_15_00_00/vexv5\libv5rt.a(v5_apijump.c.obj)
                0x03803290                vexDisplayLineDraw
 .text.vexDisplayRectDraw
                0x038032dc       0x4c c:\Users\s133023402\AppData\Roaming\Code\User\globalStorage\vexrobotics.vexcode\sdk\cpp\V5\V5_20240802_15_00_00/vexv5\libv5rt.a(v5_apijump.c.obj)
                0x038032dc                vexDisplayRectDraw
 .text.vexDisplayRectClear
                0x03803328       0x4c c:\Users\s133023402\AppData\Roaming\Code\User\globalStorage\vexrobotics.vexcode\sdk\cpp\V5\V5_20240802_15_00_00/vexv5\libv5rt.a(v5_apijump.c.obj)
                0x03803328                vexDisplayRectClear
 .text.vexDisplayCircleDraw
                0x03803374       0x40 c:\Users\s133023402\AppData\Roaming\Code\User\globalStorage\vexrobotics.vexcode\sdk\cpp\V5\V5_20240802_15_00_00/vexv5\libv5rt.a(v5_apijump.c.obj)
                0x03803374                vexDisplayCircleDraw
 .text.vexDisplayCircleClear
                0x038033b4       0x40 c:\Users\s133023402\AppData\Roaming\Code\User\globalStorage\vexrobotics.vexcode\sdk\cpp\V5\V5_20240802_15_00_00/vexv5\libv5rt.a(v5_apijump.c.obj)
                0x038033b4                vexDisplayCircleClear
 .text.vexDisplayVPrintf
                0x038033f4       0x50 c:\Users\s133023402\AppData\Roaming\Code\User\globalStorage\vexrobotics.vexcode\sdk\cpp\V5\V5_20240802_15_00_00/vexv5\libv5rt.a(v5_apijump.c.obj)
                0x038033f4                vexDisplayVPrintf
 .text.vexDisplayTextReference
                0x03803444       0x24 c:\Users\s133023402\AppData\Roaming\Code\User\globalStorage\vexrobotics.vexcode\sdk\cpp\V5\V5_20240802_15_00_00/vexv5\libv5rt.a(v5_apijump.c.obj)
                0x03803444                vexDisplayTextReference
 .text.vexDisplayTextSize
                0x03803468       0x2c c:\Users\s133023402\AppData\Roaming\Code\User\globalStorage\vexrobotics.vexcode\sdk\cpp\V5\V5_20240802_15_00_00/vexv5\libv5rt.a(v5_apijump.c.obj)
                0x03803468                vexDisplayTextSize
 .text.vexDisplayFontNamedSet
                0x03803494       0x24 c:\Users\s133023402\AppData\Roaming\Code\User\globalStorage\vexrobotics.vexcode\sdk\cpp\V5\V5_20240802_15_00_00/vexv5\libv5rt.a(v5_apijump.c.obj)
                0x03803494                vexDisplayFontNamedSet
 .text.vexDisplayPenSizeGet
                0x038034b8       0x1c c:\Users\s133023402\AppData\Roaming\Code\User\globalStorage\vexrobotics.vexcode\sdk\cpp\V5\V5_20240802_15_00_00/vexv5\libv5rt.a(v5_apijump.c.obj)
                0x038034b8                vexDisplayPenSizeGet
 .text.vexSystemStdlibImpureDataAddr
                0x038034d4       0x28 c:\Users\s133023402\AppData\Roaming\Code\User\globalStorage\vexrobotics.vexcode\sdk\cpp\V5\V5_20240802_15_00_00/vexv5\libv5rt.a(v5_apijump.c.obj)
                0x038034d4                vexSystemStdlibImpureDataAddr
 .text.vexSystemStdlibImpureDataSize
                0x038034fc       0x28 c:\Users\s133023402\AppData\Roaming\Code\User\globalStorage\vexrobotics.vexcode\sdk\cpp\V5\V5_20240802_15_00_00/vexv5\libv5rt.a(v5_apijump.c.obj)
                0x038034fc                vexSystemStdlibImpureDataSize
 .text.vexSystemSaveUserData
                0x03803524       0x3c c:\Users\s133023402\AppData\Roaming\Code\User\globalStorage\vexrobotics.vexcode\sdk\cpp\V5\V5_20240802_15_00_00/vexv5\libv5rt.a(v5_apijump.c.obj)
                0x03803524                vexSystemSaveUserData
 .text.vexTouchDataGet
                0x03803560       0x10 c:\Users\s133023402\AppData\Roaming\Code\User\globalStorage\vexrobotics.vexcode\sdk\cpp\V5\V5_20240802_15_00_00/vexv5\libv5rt.a(v5_apijump.c.obj)
                0x03803560                vexTouchDataGet
 .text.vexDisplayThemeIdGet
                0x03803570       0x38 c:\Users\s133023402\AppData\Roaming\Code\User\globalStorage\vexrobotics.vexcode\sdk\cpp\V5\V5_20240802_15_00_00/vexv5\libv5rt.a(v5_apijump.c.obj)
                0x03803570                vexDisplayThemeIdGet
 .text.vexDeviceEventMaskSet
                0x038035a8       0x48 c:\Users\s133023402\AppData\Roaming\Code\User\globalStorage\vexrobotics.vexcode\sdk\cpp\V5\V5_20240802_15_00_00/vexv5\libv5rt.a(v5_apijump.c.obj)
                0x038035a8                vexDeviceEventMaskSet
 .text.vexDeviceEventMaskGet
                0x038035f0       0x3c c:\Users\s133023402\AppData\Roaming\Code\User\globalStorage\vexrobotics.vexcode\sdk\cpp\V5\V5_20240802_15_00_00/vexv5\libv5rt.a(v5_apijump.c.obj)
                0x038035f0                vexDeviceEventMaskGet
 .text.vexSystemVersion
                0x0380362c       0x10 c:\Users\s133023402\AppData\Roaming\Code\User\globalStorage\vexrobotics.vexcode\sdk\cpp\V5\V5_20240802_15_00_00/vexv5\libv5rt.a(v5_apiversions.c.obj)
                0x0380362c                vexSystemVersion
 .text.vexStdlibVersion
                0x0380363c       0x10 c:\Users\s133023402\AppData\Roaming\Code\User\globalStorage\vexrobotics.vexcode\sdk\cpp\V5\V5_20240802_15_00_00/vexv5\libv5rt.a(v5_apiversions.c.obj)
                0x0380363c                vexStdlibVersion
 *fill*         0x0380364c        0x4 
 .text._ZN3vex4waitEdNS_9timeUnitsE
                0x03803650       0x30 c:\Users\s133023402\AppData\Roaming\Code\User\globalStorage\vexrobotics.vexcode\sdk\cpp\V5\V5_20240802_15_00_00/vexv5\libv5rt.a(vex_global.cpp.obj)
                0x03803650                vex::wait(double, vex::timeUnits)
 .text._ZN3vex5motorD2Ev
                0x03803680       0x20 c:\Users\s133023402\AppData\Roaming\Code\User\globalStorage\vexrobotics.vexcode\sdk\cpp\V5\V5_20240802_15_00_00/vexv5\libv5rt.a(vex_motor.cpp.obj)
                0x03803680                vex::motor::~motor()
                0x03803680                vex::motor::~motor()
 .text._ZN3vex5motorD0Ev
                0x038036a0       0x1c c:\Users\s133023402\AppData\Roaming\Code\User\globalStorage\vexrobotics.vexcode\sdk\cpp\V5\V5_20240802_15_00_00/vexv5\libv5rt.a(vex_motor.cpp.obj)
                0x038036a0                vex::motor::~motor()
 .text._ZN3vex5motor9installedEv
                0x038036bc       0x18 c:\Users\s133023402\AppData\Roaming\Code\User\globalStorage\vexrobotics.vexcode\sdk\cpp\V5\V5_20240802_15_00_00/vexv5\libv5rt.a(vex_motor.cpp.obj)
                0x038036bc                vex::motor::installed()
 .text._ZN3vex5motor15defaultStoppingENS_9brakeTypeE
                0x038036d4       0x30 c:\Users\s133023402\AppData\Roaming\Code\User\globalStorage\vexrobotics.vexcode\sdk\cpp\V5\V5_20240802_15_00_00/vexv5\libv5rt.a(vex_motor.cpp.obj)
                0x038036d4                vex::motor::defaultStopping(vex::brakeType)
 .text._ZN3vex5motor11setStoppingENS_9brakeTypeE
                0x03803704        0x4 c:\Users\s133023402\AppData\Roaming\Code\User\globalStorage\vexrobotics.vexcode\sdk\cpp\V5\V5_20240802_15_00_00/vexv5\libv5rt.a(vex_motor.cpp.obj)
                0x03803704                vex::motor::setStopping(vex::brakeType)
 .text._ZN3vex5motorC2El
                0x03803708       0x78 c:\Users\s133023402\AppData\Roaming\Code\User\globalStorage\vexrobotics.vexcode\sdk\cpp\V5\V5_20240802_15_00_00/vexv5\libv5rt.a(vex_motor.cpp.obj)
                0x03803708                vex::motor::motor(long)
                0x03803708                vex::motor::motor(long)
 .text._ZN3vex5motorC2ElNS_11gearSettingEb
                0x03803780       0x34 c:\Users\s133023402\AppData\Roaming\Code\User\globalStorage\vexrobotics.vexcode\sdk\cpp\V5\V5_20240802_15_00_00/vexv5\libv5rt.a(vex_motor.cpp.obj)
                0x03803780                vex::motor::motor(long, vex::gearSetting, bool)
                0x03803780                vex::motor::motor(long, vex::gearSetting, bool)
 .text._ZN3vex5motor14isSpinningModeEv
                0x038037b4       0x48 c:\Users\s133023402\AppData\Roaming\Code\User\globalStorage\vexrobotics.vexcode\sdk\cpp\V5\V5_20240802_15_00_00/vexv5\libv5rt.a(vex_motor.cpp.obj)
                0x038037b4                vex::motor::isSpinningMode()
 .text._ZN3vex5motor10isSpinningEv
                0x038037fc       0x44 c:\Users\s133023402\AppData\Roaming\Code\User\globalStorage\vexrobotics.vexcode\sdk\cpp\V5\V5_20240802_15_00_00/vexv5\libv5rt.a(vex_motor.cpp.obj)
                0x038037fc                vex::motor::isSpinning()
 .text._ZN3vex5motor4stopENS_9brakeTypeE
                0x03803840       0x30 c:\Users\s133023402\AppData\Roaming\Code\User\globalStorage\vexrobotics.vexcode\sdk\cpp\V5\V5_20240802_15_00_00/vexv5\libv5rt.a(vex_motor.cpp.obj)
                0x03803840                vex::motor::stop(vex::brakeType)
 .text._ZN3vex5motor4stopEv
                0x03803870        0x8 c:\Users\s133023402\AppData\Roaming\Code\User\globalStorage\vexrobotics.vexcode\sdk\cpp\V5\V5_20240802_15_00_00/vexv5\libv5rt.a(vex_motor.cpp.obj)
                0x03803870                vex::motor::stop()
 .text._ZN3vex5motor12setMaxTorqueEdNS_12percentUnitsE
                0x03803878       0x88 c:\Users\s133023402\AppData\Roaming\Code\User\globalStorage\vexrobotics.vexcode\sdk\cpp\V5\V5_20240802_15_00_00/vexv5\libv5rt.a(vex_motor.cpp.obj)
                0x03803878                vex::motor::setMaxTorque(double, vex::percentUnits)
 .text._ZN3vex5motor16velocityToScaledEdNS_13velocityUnitsE
                0x03803900       0x5c c:\Users\s133023402\AppData\Roaming\Code\User\globalStorage\vexrobotics.vexcode\sdk\cpp\V5\V5_20240802_15_00_00/vexv5\libv5rt.a(vex_motor.cpp.obj)
                0x03803900                vex::motor::velocityToScaled(double, vex::velocityUnits)
 .text._ZN3vex5motor8velocityENS_13velocityUnitsE
                0x0380395c       0x30 c:\Users\s133023402\AppData\Roaming\Code\User\globalStorage\vexrobotics.vexcode\sdk\cpp\V5\V5_20240802_15_00_00/vexv5\libv5rt.a(vex_motor.cpp.obj)
                0x0380395c                vex::motor::velocity(vex::velocityUnits)
 .text._ZN3vex5motor5valueEv
                0x0380398c       0x1c c:\Users\s133023402\AppData\Roaming\Code\User\globalStorage\vexrobotics.vexcode\sdk\cpp\V5\V5_20240802_15_00_00/vexv5\libv5rt.a(vex_motor.cpp.obj)
                0x0380398c                vex::motor::value()
 .text._ZN3vex5motor16scaledToVelocityEdNS_13velocityUnitsE
                0x038039a8       0xa4 c:\Users\s133023402\AppData\Roaming\Code\User\globalStorage\vexrobotics.vexcode\sdk\cpp\V5\V5_20240802_15_00_00/vexv5\libv5rt.a(vex_motor.cpp.obj)
                0x038039a8                vex::motor::scaledToVelocity(double, vex::velocityUnits)
 .text._ZN3vex5motor4spinENS_13directionTypeEdNS_13velocityUnitsE
                0x03803a4c       0x5c c:\Users\s133023402\AppData\Roaming\Code\User\globalStorage\vexrobotics.vexcode\sdk\cpp\V5\V5_20240802_15_00_00/vexv5\libv5rt.a(vex_motor.cpp.obj)
                0x03803a4c                vex::motor::spin(vex::directionType, double, vex::velocityUnits)
 .text._ZN3vex5motor4spinENS_13directionTypeE
                0x03803aa8       0x28 c:\Users\s133023402\AppData\Roaming\Code\User\globalStorage\vexrobotics.vexcode\sdk\cpp\V5\V5_20240802_15_00_00/vexv5\libv5rt.a(vex_motor.cpp.obj)
                0x03803aa8                vex::motor::spin(vex::directionType)
 .text._ZN3vex5motor11setVelocityEdNS_13velocityUnitsE
                0x03803ad0       0x54 c:\Users\s133023402\AppData\Roaming\Code\User\globalStorage\vexrobotics.vexcode\sdk\cpp\V5\V5_20240802_15_00_00/vexv5\libv5rt.a(vex_motor.cpp.obj)
                0x03803ad0                vex::motor::setVelocity(double, vex::velocityUnits)
 .text._ZN3vex5motor16setRotationUnitsENS_13rotationUnitsE
                0x03803b24       0x1c c:\Users\s133023402\AppData\Roaming\Code\User\globalStorage\vexrobotics.vexcode\sdk\cpp\V5\V5_20240802_15_00_00/vexv5\libv5rt.a(vex_motor.cpp.obj)
                0x03803b24                vex::motor::setRotationUnits(vex::rotationUnits)
 .text._ZN3vex5motor11setPositionEdNS_13rotationUnitsE
                0x03803b40       0x44 c:\Users\s133023402\AppData\Roaming\Code\User\globalStorage\vexrobotics.vexcode\sdk\cpp\V5\V5_20240802_15_00_00/vexv5\libv5rt.a(vex_motor.cpp.obj)
                0x03803b40                vex::motor::setPosition(double, vex::rotationUnits)
 .text._ZN3vex5motor7spinForEdNS_13rotationUnitsEdNS_13velocityUnitsEb
                0x03803b84       0xf4 c:\Users\s133023402\AppData\Roaming\Code\User\globalStorage\vexrobotics.vexcode\sdk\cpp\V5\V5_20240802_15_00_00/vexv5\libv5rt.a(vex_motor.cpp.obj)
                0x03803b84                vex::motor::spinFor(double, vex::rotationUnits, double, vex::velocityUnits, bool)
 .text._ZN3vex5motor7spinForENS_13directionTypeEdNS_13rotationUnitsEdNS_13velocityUnitsEb
                0x03803c78       0x34 c:\Users\s133023402\AppData\Roaming\Code\User\globalStorage\vexrobotics.vexcode\sdk\cpp\V5\V5_20240802_15_00_00/vexv5\libv5rt.a(vex_motor.cpp.obj)
                0x03803c78                vex::motor::spinFor(vex::directionType, double, vex::rotationUnits, double, vex::velocityUnits, bool)
 .text._ZN3vex5motor7spinForENS_13directionTypeEdNS_13rotationUnitsEb
                0x03803cac       0x3c c:\Users\s133023402\AppData\Roaming\Code\User\globalStorage\vexrobotics.vexcode\sdk\cpp\V5\V5_20240802_15_00_00/vexv5\libv5rt.a(vex_motor.cpp.obj)
                0x03803cac                vex::motor::spinFor(vex::directionType, double, vex::rotationUnits, bool)
 .text._ZN3vex8inertial11getTurnTypeEv
                0x03803ce8        0x8 c:\Users\s133023402\AppData\Roaming\Code\User\globalStorage\vexrobotics.vexcode\sdk\cpp\V5\V5_20240802_15_00_00/vexv5\libv5rt.a(vex_imu.cpp.obj)
                0x03803ce8                vex::inertial::getTurnType()
 .text._ZThn16_N3vex8inertial11getTurnTypeEv
                0x03803cf0        0x8 c:\Users\s133023402\AppData\Roaming\Code\User\globalStorage\vexrobotics.vexcode\sdk\cpp\V5\V5_20240802_15_00_00/vexv5\libv5rt.a(vex_imu.cpp.obj)
                0x03803cf0                non-virtual thunk to vex::inertial::getTurnType()
 .text._ZN3vex8inertial10setHeadingEdNS_13rotationUnitsE
                0x03803cf8       0x58 c:\Users\s133023402\AppData\Roaming\Code\User\globalStorage\vexrobotics.vexcode\sdk\cpp\V5\V5_20240802_15_00_00/vexv5\libv5rt.a(vex_imu.cpp.obj)
                0x03803cf8                vex::inertial::setHeading(double, vex::rotationUnits)
 .text._ZThn16_N3vex8inertial10setHeadingEdNS_13rotationUnitsE
                0x03803d50        0x8 c:\Users\s133023402\AppData\Roaming\Code\User\globalStorage\vexrobotics.vexcode\sdk\cpp\V5\V5_20240802_15_00_00/vexv5\libv5rt.a(vex_imu.cpp.obj)
                0x03803d50                non-virtual thunk to vex::inertial::setHeading(double, vex::rotationUnits)
 .text._ZN3vex8inertial11setRotationEdNS_13rotationUnitsE
                0x03803d58       0x58 c:\Users\s133023402\AppData\Roaming\Code\User\globalStorage\vexrobotics.vexcode\sdk\cpp\V5\V5_20240802_15_00_00/vexv5\libv5rt.a(vex_imu.cpp.obj)
                0x03803d58                vex::inertial::setRotation(double, vex::rotationUnits)
 .text._ZThn16_N3vex8inertial11setRotationEdNS_13rotationUnitsE
                0x03803db0        0x8 c:\Users\s133023402\AppData\Roaming\Code\User\globalStorage\vexrobotics.vexcode\sdk\cpp\V5\V5_20240802_15_00_00/vexv5\libv5rt.a(vex_imu.cpp.obj)
                0x03803db0                non-virtual thunk to vex::inertial::setRotation(double, vex::rotationUnits)
 .text._ZN3vex8inertialD2Ev
                0x03803db8       0x20 c:\Users\s133023402\AppData\Roaming\Code\User\globalStorage\vexrobotics.vexcode\sdk\cpp\V5\V5_20240802_15_00_00/vexv5\libv5rt.a(vex_imu.cpp.obj)
                0x03803db8                vex::inertial::~inertial()
                0x03803db8                vex::inertial::~inertial()
 .text._ZThn16_N3vex8inertialD1Ev
                0x03803dd8        0x8 c:\Users\s133023402\AppData\Roaming\Code\User\globalStorage\vexrobotics.vexcode\sdk\cpp\V5\V5_20240802_15_00_00/vexv5\libv5rt.a(vex_imu.cpp.obj)
                0x03803dd8                non-virtual thunk to vex::inertial::~inertial()
 .text._ZN3vex8inertialD0Ev
                0x03803de0       0x1c c:\Users\s133023402\AppData\Roaming\Code\User\globalStorage\vexrobotics.vexcode\sdk\cpp\V5\V5_20240802_15_00_00/vexv5\libv5rt.a(vex_imu.cpp.obj)
                0x03803de0                vex::inertial::~inertial()
 .text._ZThn16_N3vex8inertialD0Ev
                0x03803dfc        0x8 c:\Users\s133023402\AppData\Roaming\Code\User\globalStorage\vexrobotics.vexcode\sdk\cpp\V5\V5_20240802_15_00_00/vexv5\libv5rt.a(vex_imu.cpp.obj)
                0x03803dfc                non-virtual thunk to vex::inertial::~inertial()
 .text._ZN3vex8inertial9installedEv
                0x03803e04       0x18 c:\Users\s133023402\AppData\Roaming\Code\User\globalStorage\vexrobotics.vexcode\sdk\cpp\V5\V5_20240802_15_00_00/vexv5\libv5rt.a(vex_imu.cpp.obj)
                0x03803e04                vex::inertial::installed()
 .text._ZN3vex8inertial5angleENS_13rotationUnitsE
                0x03803e1c       0x6c c:\Users\s133023402\AppData\Roaming\Code\User\globalStorage\vexrobotics.vexcode\sdk\cpp\V5\V5_20240802_15_00_00/vexv5\libv5rt.a(vex_imu.cpp.obj)
                0x03803e1c                vex::inertial::angle(vex::rotationUnits)
 .text._ZThn16_N3vex8inertial5angleENS_13rotationUnitsE
                0x03803e88        0x8 c:\Users\s133023402\AppData\Roaming\Code\User\globalStorage\vexrobotics.vexcode\sdk\cpp\V5\V5_20240802_15_00_00/vexv5\libv5rt.a(vex_imu.cpp.obj)
                0x03803e88                non-virtual thunk to vex::inertial::angle(vex::rotationUnits)
 .text._ZN3vex8inertial7headingENS_13rotationUnitsE
                0x03803e90        0x4 c:\Users\s133023402\AppData\Roaming\Code\User\globalStorage\vexrobotics.vexcode\sdk\cpp\V5\V5_20240802_15_00_00/vexv5\libv5rt.a(vex_imu.cpp.obj)
                0x03803e90                vex::inertial::heading(vex::rotationUnits)
 .text._ZThn16_N3vex8inertial7headingENS_13rotationUnitsE
                0x03803e94        0x8 c:\Users\s133023402\AppData\Roaming\Code\User\globalStorage\vexrobotics.vexcode\sdk\cpp\V5\V5_20240802_15_00_00/vexv5\libv5rt.a(vex_imu.cpp.obj)
                0x03803e94                non-virtual thunk to vex::inertial::heading(vex::rotationUnits)
 .text._ZN3vex8inertial5valueEv
                0x03803e9c       0x1c c:\Users\s133023402\AppData\Roaming\Code\User\globalStorage\vexrobotics.vexcode\sdk\cpp\V5\V5_20240802_15_00_00/vexv5\libv5rt.a(vex_imu.cpp.obj)
                0x03803e9c                vex::inertial::value()
 .text._ZN3vex8inertial8rotationENS_13rotationUnitsE
                0x03803eb8       0x48 c:\Users\s133023402\AppData\Roaming\Code\User\globalStorage\vexrobotics.vexcode\sdk\cpp\V5\V5_20240802_15_00_00/vexv5\libv5rt.a(vex_imu.cpp.obj)
                0x03803eb8                vex::inertial::rotation(vex::rotationUnits)
 .text._ZThn16_N3vex8inertial8rotationENS_13rotationUnitsE
                0x03803f00        0x8 c:\Users\s133023402\AppData\Roaming\Code\User\globalStorage\vexrobotics.vexcode\sdk\cpp\V5\V5_20240802_15_00_00/vexv5\libv5rt.a(vex_imu.cpp.obj)
                0x03803f00                non-virtual thunk to vex::inertial::rotation(vex::rotationUnits)
 .text._ZN3vex8inertial13isCalibratingEv
                0x03803f08       0x38 c:\Users\s133023402\AppData\Roaming\Code\User\globalStorage\vexrobotics.vexcode\sdk\cpp\V5\V5_20240802_15_00_00/vexv5\libv5rt.a(vex_imu.cpp.obj)
                0x03803f08                vex::inertial::isCalibrating()
 .text._ZThn16_N3vex8inertial13isCalibratingEv
                0x03803f40        0x8 c:\Users\s133023402\AppData\Roaming\Code\User\globalStorage\vexrobotics.vexcode\sdk\cpp\V5\V5_20240802_15_00_00/vexv5\libv5rt.a(vex_imu.cpp.obj)
                0x03803f40                non-virtual thunk to vex::inertial::isCalibrating()
 .text._ZN3vex8inertialC2ElNS_8turnTypeE
                0x03803f48       0x4c c:\Users\s133023402\AppData\Roaming\Code\User\globalStorage\vexrobotics.vexcode\sdk\cpp\V5\V5_20240802_15_00_00/vexv5\libv5rt.a(vex_imu.cpp.obj)
                0x03803f48                vex::inertial::inertial(long, vex::turnType)
                0x03803f48                vex::inertial::inertial(long, vex::turnType)
 .text._ZN3vex8inertial16startCalibrationEl
                0x03803f94       0x20 c:\Users\s133023402\AppData\Roaming\Code\User\globalStorage\vexrobotics.vexcode\sdk\cpp\V5\V5_20240802_15_00_00/vexv5\libv5rt.a(vex_imu.cpp.obj)
                0x03803f94                vex::inertial::startCalibration(long)
 .text._ZN3vex8inertial9calibrateEl
                0x03803fb4        0xc c:\Users\s133023402\AppData\Roaming\Code\User\globalStorage\vexrobotics.vexcode\sdk\cpp\V5\V5_20240802_15_00_00/vexv5\libv5rt.a(vex_imu.cpp.obj)
                0x03803fb4                vex::inertial::calibrate(long)
                0x03803fb8                non-virtual thunk to vex::inertial::calibrate(long)
 .text._ZN3vex8rotationD2Ev
                0x03803fc0       0x20 c:\Users\s133023402\AppData\Roaming\Code\User\globalStorage\vexrobotics.vexcode\sdk\cpp\V5\V5_20240802_15_00_00/vexv5\libv5rt.a(vex_rotation.cpp.obj)
                0x03803fc0                vex::rotation::~rotation()
                0x03803fc0                vex::rotation::~rotation()
 .text._ZN3vex8rotationD0Ev
                0x03803fe0       0x1c c:\Users\s133023402\AppData\Roaming\Code\User\globalStorage\vexrobotics.vexcode\sdk\cpp\V5\V5_20240802_15_00_00/vexv5\libv5rt.a(vex_rotation.cpp.obj)
                0x03803fe0                vex::rotation::~rotation()
 .text._ZN3vex8rotation9installedEv
                0x03803ffc       0x18 c:\Users\s133023402\AppData\Roaming\Code\User\globalStorage\vexrobotics.vexcode\sdk\cpp\V5\V5_20240802_15_00_00/vexv5\libv5rt.a(vex_rotation.cpp.obj)
                0x03803ffc                vex::rotation::installed()
 .text._ZN3vex8rotation5valueEv
                0x03804014        0x8 c:\Users\s133023402\AppData\Roaming\Code\User\globalStorage\vexrobotics.vexcode\sdk\cpp\V5\V5_20240802_15_00_00/vexv5\libv5rt.a(vex_rotation.cpp.obj)
                0x03804014                vex::rotation::value()
 .text._ZN3vex8rotationC2Elb
                0x0380401c       0x30 c:\Users\s133023402\AppData\Roaming\Code\User\globalStorage\vexrobotics.vexcode\sdk\cpp\V5\V5_20240802_15_00_00/vexv5\libv5rt.a(vex_rotation.cpp.obj)
                0x0380401c                vex::rotation::rotation(long, bool)
                0x0380401c                vex::rotation::rotation(long, bool)
 *fill*         0x0380404c        0x4 
 .text._ZN3vex8rotation11setPositionEdNS_13rotationUnitsE
                0x03804050       0x48 c:\Users\s133023402\AppData\Roaming\Code\User\globalStorage\vexrobotics.vexcode\sdk\cpp\V5\V5_20240802_15_00_00/vexv5\libv5rt.a(vex_rotation.cpp.obj)
                0x03804050                vex::rotation::setPosition(double, vex::rotationUnits)
 .text._ZN3vex7opticalD2Ev
                0x03804098       0x20 c:\Users\s133023402\AppData\Roaming\Code\User\globalStorage\vexrobotics.vexcode\sdk\cpp\V5\V5_20240802_15_00_00/vexv5\libv5rt.a(vex_optical.cpp.obj)
                0x03804098                vex::optical::~optical()
                0x03804098                vex::optical::~optical()
 .text._ZN3vex7opticalD0Ev
                0x038040b8       0x1c c:\Users\s133023402\AppData\Roaming\Code\User\globalStorage\vexrobotics.vexcode\sdk\cpp\V5\V5_20240802_15_00_00/vexv5\libv5rt.a(vex_optical.cpp.obj)
                0x038040b8                vex::optical::~optical()
 .text._ZN3vex7optical9installedEv
                0x038040d4       0x18 c:\Users\s133023402\AppData\Roaming\Code\User\globalStorage\vexrobotics.vexcode\sdk\cpp\V5\V5_20240802_15_00_00/vexv5\libv5rt.a(vex_optical.cpp.obj)
                0x038040d4                vex::optical::installed()
 .text._ZN3vex7optical3hueEv
                0x038040ec        0x8 c:\Users\s133023402\AppData\Roaming\Code\User\globalStorage\vexrobotics.vexcode\sdk\cpp\V5\V5_20240802_15_00_00/vexv5\libv5rt.a(vex_optical.cpp.obj)
                0x038040ec                vex::optical::hue()
 .text._ZN3vex7optical5valueEv
                0x038040f4       0x18 c:\Users\s133023402\AppData\Roaming\Code\User\globalStorage\vexrobotics.vexcode\sdk\cpp\V5\V5_20240802_15_00_00/vexv5\libv5rt.a(vex_optical.cpp.obj)
                0x038040f4                vex::optical::value()
 .text._ZN3vex7optical13setLightPowerElNS_12percentUnitsE
                0x0380410c       0x2c c:\Users\s133023402\AppData\Roaming\Code\User\globalStorage\vexrobotics.vexcode\sdk\cpp\V5\V5_20240802_15_00_00/vexv5\libv5rt.a(vex_optical.cpp.obj)
                0x0380410c                vex::optical::setLightPower(long, vex::percentUnits)
 .text._ZN3vex7optical13gestureEnableEv
                0x03804138        0x8 c:\Users\s133023402\AppData\Roaming\Code\User\globalStorage\vexrobotics.vexcode\sdk\cpp\V5\V5_20240802_15_00_00/vexv5\libv5rt.a(vex_optical.cpp.obj)
                0x03804138                vex::optical::gestureEnable()
 .text._ZN3vex7optical14gestureDisableEv
                0x03804140        0x8 c:\Users\s133023402\AppData\Roaming\Code\User\globalStorage\vexrobotics.vexcode\sdk\cpp\V5\V5_20240802_15_00_00/vexv5\libv5rt.a(vex_optical.cpp.obj)
                0x03804140                vex::optical::gestureDisable()
 .text._ZN3vex7opticalC2Elb
                0x03804148       0x54 c:\Users\s133023402\AppData\Roaming\Code\User\globalStorage\vexrobotics.vexcode\sdk\cpp\V5\V5_20240802_15_00_00/vexv5\libv5rt.a(vex_optical.cpp.obj)
                0x03804148                vex::optical::optical(long, bool)
                0x03804148                vex::optical::optical(long, bool)
 .text._ZN3vex10controllerD2Ev
                0x0380419c        0x4 c:\Users\s133023402\AppData\Roaming\Code\User\globalStorage\vexrobotics.vexcode\sdk\cpp\V5\V5_20240802_15_00_00/vexv5\libv5rt.a(vex_controller.cpp.obj)
                0x0380419c                vex::controller::~controller()
                0x0380419c                vex::controller::~controller()
 .text._ZN3vex10controller5valueE19_V5_ControllerIndex
                0x038041a0        0x8 c:\Users\s133023402\AppData\Roaming\Code\User\globalStorage\vexrobotics.vexcode\sdk\cpp\V5\V5_20240802_15_00_00/vexv5\libv5rt.a(vex_controller.cpp.obj)
                0x038041a0                vex::controller::value(_V5_ControllerIndex)
 .text._ZNK3vex10controller6button8pressingEv
                0x038041a8       0xc8 c:\Users\s133023402\AppData\Roaming\Code\User\globalStorage\vexrobotics.vexcode\sdk\cpp\V5\V5_20240802_15_00_00/vexv5\libv5rt.a(vex_controller.cpp.obj)
                0x038041a8                vex::controller::button::pressing() const
 .text._ZNK3vex10controller6button21_buttonToPressedEventEv
                0x03804270       0x20 c:\Users\s133023402\AppData\Roaming\Code\User\globalStorage\vexrobotics.vexcode\sdk\cpp\V5\V5_20240802_15_00_00/vexv5\libv5rt.a(vex_controller.cpp.obj)
                0x03804270                vex::controller::button::_buttonToPressedEvent() const
 .text._ZNK3vex10controller6button22_buttonToReleasedEventEv
                0x03804290       0x20 c:\Users\s133023402\AppData\Roaming\Code\User\globalStorage\vexrobotics.vexcode\sdk\cpp\V5\V5_20240802_15_00_00/vexv5\libv5rt.a(vex_controller.cpp.obj)
                0x03804290                vex::controller::button::_buttonToReleasedEvent() const
 .text._ZN3vex10controller6buttonC2ENS0_11tButtonTypeEPS0_
                0x038042b0       0x48 c:\Users\s133023402\AppData\Roaming\Code\User\globalStorage\vexrobotics.vexcode\sdk\cpp\V5\V5_20240802_15_00_00/vexv5\libv5rt.a(vex_controller.cpp.obj)
                0x038042b0                vex::controller::button::button(vex::controller::tButtonType, vex::controller*)
                0x038042b0                vex::controller::button::button(vex::controller::tButtonType, vex::controller*)
 .text._ZNK3vex10controller4axis5valueEv
                0x038042f8       0x58 c:\Users\s133023402\AppData\Roaming\Code\User\globalStorage\vexrobotics.vexcode\sdk\cpp\V5\V5_20240802_15_00_00/vexv5\libv5rt.a(vex_controller.cpp.obj)
                0x038042f8                vex::controller::axis::value() const
 .text._ZNK3vex10controller4axis8positionENS_12percentUnitsE
                0x03804350       0x1c c:\Users\s133023402\AppData\Roaming\Code\User\globalStorage\vexrobotics.vexcode\sdk\cpp\V5\V5_20240802_15_00_00/vexv5\libv5rt.a(vex_controller.cpp.obj)
                0x03804350                vex::controller::axis::position(vex::percentUnits) const
 .text._ZNK3vex10controller4axis23_joystickToChangedEventEv
                0x0380436c       0x20 c:\Users\s133023402\AppData\Roaming\Code\User\globalStorage\vexrobotics.vexcode\sdk\cpp\V5\V5_20240802_15_00_00/vexv5\libv5rt.a(vex_controller.cpp.obj)
                0x0380436c                vex::controller::axis::_joystickToChangedEvent() const
 .text._ZN3vex10controller4axisC2ENS0_9tAxisTypeEPS0_
                0x0380438c       0x2c c:\Users\s133023402\AppData\Roaming\Code\User\globalStorage\vexrobotics.vexcode\sdk\cpp\V5\V5_20240802_15_00_00/vexv5\libv5rt.a(vex_controller.cpp.obj)
                0x0380438c                vex::controller::axis::axis(vex::controller::tAxisType, vex::controller*)
                0x0380438c                vex::controller::axis::axis(vex::controller::tAxisType, vex::controller*)
 .text._ZN3vex10controllerC2ENS_14controllerTypeE
                0x038043b8      0x16c c:\Users\s133023402\AppData\Roaming\Code\User\globalStorage\vexrobotics.vexcode\sdk\cpp\V5\V5_20240802_15_00_00/vexv5\libv5rt.a(vex_controller.cpp.obj)
                0x038043b8                vex::controller::controller(vex::controllerType)
                0x038043b8                vex::controller::controller(vex::controllerType)
 .text._ZN3vex10controller3lcd15getControllerIdEv
                0x03804524       0x10 c:\Users\s133023402\AppData\Roaming\Code\User\globalStorage\vexrobotics.vexcode\sdk\cpp\V5\V5_20240802_15_00_00/vexv5\libv5rt.a(vex_controller.cpp.obj)
                0x03804524                vex::controller::lcd::getControllerId()
 .text._ZN3vex10controller3lcd9setCursorEll
                0x03804534       0x40 c:\Users\s133023402\AppData\Roaming\Code\User\globalStorage\vexrobotics.vexcode\sdk\cpp\V5\V5_20240802_15_00_00/vexv5\libv5rt.a(vex_controller.cpp.obj)
                0x03804534                vex::controller::lcd::setCursor(long, long)
 .text._ZN3vex10controller3lcd5printEPKcz
                0x03804574       0x80 c:\Users\s133023402\AppData\Roaming\Code\User\globalStorage\vexrobotics.vexcode\sdk\cpp\V5\V5_20240802_15_00_00/vexv5\libv5rt.a(vex_controller.cpp.obj)
                0x03804574                vex::controller::lcd::print(char const*, ...)
 .text._ZN3vex4taskC2EPFivE
                0x038045f4       0x5c c:\Users\s133023402\AppData\Roaming\Code\User\globalStorage\vexrobotics.vexcode\sdk\cpp\V5\V5_20240802_15_00_00/vexv5\libv5rt.a(vex_task.cpp.obj)
                0x038045f4                vex::task::task(int (*)())
                0x038045f4                vex::task::task(int (*)())
 .text._ZN3vex4taskD2Ev
                0x03804650        0x4 c:\Users\s133023402\AppData\Roaming\Code\User\globalStorage\vexrobotics.vexcode\sdk\cpp\V5\V5_20240802_15_00_00/vexv5\libv5rt.a(vex_task.cpp.obj)
                0x03804650                vex::task::~task()
                0x03804650                vex::task::~task()
 .text._ZN3vex4task4stopEPvi
                0x03804654       0x1c c:\Users\s133023402\AppData\Roaming\Code\User\globalStorage\vexrobotics.vexcode\sdk\cpp\V5\V5_20240802_15_00_00/vexv5\libv5rt.a(vex_task.cpp.obj)
                0x03804654                vex::task::stop(void*, int)
 .text._ZN3vex4task7suspendEv
                0x03804670       0x18 c:\Users\s133023402\AppData\Roaming\Code\User\globalStorage\vexrobotics.vexcode\sdk\cpp\V5\V5_20240802_15_00_00/vexv5\libv5rt.a(vex_task.cpp.obj)
                0x03804670                vex::task::suspend()
 .text._ZN3vex4task6resumeEv
                0x03804688       0x18 c:\Users\s133023402\AppData\Roaming\Code\User\globalStorage\vexrobotics.vexcode\sdk\cpp\V5\V5_20240802_15_00_00/vexv5\libv5rt.a(vex_task.cpp.obj)
                0x03804688                vex::task::resume()
 .text._ZN3vex4task6_indexEPFivE
                0x038046a0       0x14 c:\Users\s133023402\AppData\Roaming\Code\User\globalStorage\vexrobotics.vexcode\sdk\cpp\V5\V5_20240802_15_00_00/vexv5\libv5rt.a(vex_task.cpp.obj)
                0x038046a0                vex::task::_index(int (*)())
 .text._ZN3vex4task8_stopAllEv
                0x038046b4       0x3c c:\Users\s133023402\AppData\Roaming\Code\User\globalStorage\vexrobotics.vexcode\sdk\cpp\V5\V5_20240802_15_00_00/vexv5\libv5rt.a(vex_task.cpp.obj)
                0x038046b4                vex::task::_stopAll()
 .text._ZN3vex11this_thread9sleep_forEm
                0x038046f0        0x4 c:\Users\s133023402\AppData\Roaming\Code\User\globalStorage\vexrobotics.vexcode\sdk\cpp\V5\V5_20240802_15_00_00/vexv5\libv5rt.a(vex_thread.cpp.obj)
                0x038046f0                vex::this_thread::sleep_for(unsigned long)
 .text._ZN3vex5event4initEmmPFvvE
                0x038046f4        0x4 c:\Users\s133023402\AppData\Roaming\Code\User\globalStorage\vexrobotics.vexcode\sdk\cpp\V5\V5_20240802_15_00_00/vexv5\libv5rt.a(vex_event.cpp.obj)
                0x038046f4                vex::event::init(unsigned long, unsigned long, void (*)())
 .text._ZN3vex5event4initEmmPFvPvES1_
                0x038046f8        0x4 c:\Users\s133023402\AppData\Roaming\Code\User\globalStorage\vexrobotics.vexcode\sdk\cpp\V5\V5_20240802_15_00_00/vexv5\libv5rt.a(vex_event.cpp.obj)
                0x038046f8                vex::event::init(unsigned long, unsigned long, void (*)(void*), void*)
 .text._ZN3vex5event9userindexEv
                0x038046fc        0x4 c:\Users\s133023402\AppData\Roaming\Code\User\globalStorage\vexrobotics.vexcode\sdk\cpp\V5\V5_20240802_15_00_00/vexv5\libv5rt.a(vex_event.cpp.obj)
                0x038046fc                vex::event::userindex()
 .text._ZZN3vex6meventC4EmmENUlvE_4_FUNEv
                0x03804700        0x4 c:\Users\s133023402\AppData\Roaming\Code\User\globalStorage\vexrobotics.vexcode\sdk\cpp\V5\V5_20240802_15_00_00/vexv5\libv5rt.a(vex_mevent.cpp.obj)
 .text._ZN3vex6meventC2Emm
                0x03804704       0x70 c:\Users\s133023402\AppData\Roaming\Code\User\globalStorage\vexrobotics.vexcode\sdk\cpp\V5\V5_20240802_15_00_00/vexv5\libv5rt.a(vex_mevent.cpp.obj)
                0x03804704                vex::mevent::mevent(unsigned long, unsigned long)
                0x03804704                vex::mevent::mevent(unsigned long, unsigned long)
 .text._ZN3vex5brain9_getIndexEv
                0x03804774       0x10 c:\Users\s133023402\AppData\Roaming\Code\User\globalStorage\vexrobotics.vexcode\sdk\cpp\V5\V5_20240802_15_00_00/vexv5\libv5rt.a(vex_brain.cpp.obj)
                0x03804774                vex::brain::_getIndex()
 .text._ZN3vex5brain3lcd9setCursorEll
                0x03804784       0x44 c:\Users\s133023402\AppData\Roaming\Code\User\globalStorage\vexrobotics.vexcode\sdk\cpp\V5\V5_20240802_15_00_00/vexv5\libv5rt.a(vex_brain.cpp.obj)
                0x03804784                vex::brain::lcd::setCursor(long, long)
 .text._ZN3vex5brain3lcd7setFontENS_8fontTypeE
                0x038047c8      0x23c c:\Users\s133023402\AppData\Roaming\Code\User\globalStorage\vexrobotics.vexcode\sdk\cpp\V5\V5_20240802_15_00_00/vexv5\libv5rt.a(vex_brain.cpp.obj)
                0x038047c8                vex::brain::lcd::setFont(vex::fontType)
 .text._ZN3vex5brain3lcdC2Ev
                0x03804a04       0x94 c:\Users\s133023402\AppData\Roaming\Code\User\globalStorage\vexrobotics.vexcode\sdk\cpp\V5\V5_20240802_15_00_00/vexv5\libv5rt.a(vex_brain.cpp.obj)
                0x03804a04                vex::brain::lcd::lcd()
                0x03804a04                vex::brain::lcd::lcd()
 .text._ZN3vex5brainC2Ev
                0x03804a98       0x3c c:\Users\s133023402\AppData\Roaming\Code\User\globalStorage\vexrobotics.vexcode\sdk\cpp\V5\V5_20240802_15_00_00/vexv5\libv5rt.a(vex_brain.cpp.obj)
                0x03804a98                vex::brain::brain()
                0x03804a98                vex::brain::brain()
 .text._ZN3vex5brain3lcd11setPenColorERKNS_5colorE
                0x03804ad4       0x14 c:\Users\s133023402\AppData\Roaming\Code\User\globalStorage\vexrobotics.vexcode\sdk\cpp\V5\V5_20240802_15_00_00/vexv5\libv5rt.a(vex_brain.cpp.obj)
                0x03804ad4                vex::brain::lcd::setPenColor(vex::color const&)
 .text._ZN3vex5brain3lcd12setFillColorERKNS_5colorE
                0x03804ae8       0x38 c:\Users\s133023402\AppData\Roaming\Code\User\globalStorage\vexrobotics.vexcode\sdk\cpp\V5\V5_20240802_15_00_00/vexv5\libv5rt.a(vex_brain.cpp.obj)
                0x03804ae8                vex::brain::lcd::setFillColor(vex::color const&)
 .text._ZN3vex5brain3lcd7printAtEllPKcz
                0x03804b20       0x54 c:\Users\s133023402\AppData\Roaming\Code\User\globalStorage\vexrobotics.vexcode\sdk\cpp\V5\V5_20240802_15_00_00/vexv5\libv5rt.a(vex_brain.cpp.obj)
                0x03804b20                vex::brain::lcd::printAt(long, long, char const*, ...)
 .text._ZN3vex5brain3lcd12_clearScreenEm
                0x03804b74       0x38 c:\Users\s133023402\AppData\Roaming\Code\User\globalStorage\vexrobotics.vexcode\sdk\cpp\V5\V5_20240802_15_00_00/vexv5\libv5rt.a(vex_brain.cpp.obj)
                0x03804b74                vex::brain::lcd::_clearScreen(unsigned long)
 .text._ZN3vex5brain3lcd11clearScreenERKNS_5colorE
                0x03804bac       0x20 c:\Users\s133023402\AppData\Roaming\Code\User\globalStorage\vexrobotics.vexcode\sdk\cpp\V5\V5_20240802_15_00_00/vexv5\libv5rt.a(vex_brain.cpp.obj)
                0x03804bac                vex::brain::lcd::clearScreen(vex::color const&)
 .text._ZN3vex5brain3lcd11clearScreenEv
                0x03804bcc       0x2c c:\Users\s133023402\AppData\Roaming\Code\User\globalStorage\vexrobotics.vexcode\sdk\cpp\V5\V5_20240802_15_00_00/vexv5\libv5rt.a(vex_brain.cpp.obj)
                0x03804bcc                vex::brain::lcd::clearScreen()
 .text._ZN3vex5brain3lcd9drawPixelEii
                0x03804bf8       0x14 c:\Users\s133023402\AppData\Roaming\Code\User\globalStorage\vexrobotics.vexcode\sdk\cpp\V5\V5_20240802_15_00_00/vexv5\libv5rt.a(vex_brain.cpp.obj)
                0x03804bf8                vex::brain::lcd::drawPixel(int, int)
 .text._ZN3vex5brain3lcd8drawLineEiiii
                0x03804c0c      0x2c4 c:\Users\s133023402\AppData\Roaming\Code\User\globalStorage\vexrobotics.vexcode\sdk\cpp\V5\V5_20240802_15_00_00/vexv5\libv5rt.a(vex_brain.cpp.obj)
                0x03804c0c                vex::brain::lcd::drawLine(int, int, int, int)
 .text._ZN3vex5brain3lcd13drawRectangleEiiii
                0x03804ed0       0xdc c:\Users\s133023402\AppData\Roaming\Code\User\globalStorage\vexrobotics.vexcode\sdk\cpp\V5\V5_20240802_15_00_00/vexv5\libv5rt.a(vex_brain.cpp.obj)
                0x03804ed0                vex::brain::lcd::drawRectangle(int, int, int, int)
 .text._ZN3vex5brain3lcd10drawCircleEiii
                0x03804fac       0xa4 c:\Users\s133023402\AppData\Roaming\Code\User\globalStorage\vexrobotics.vexcode\sdk\cpp\V5\V5_20240802_15_00_00/vexv5\libv5rt.a(vex_brain.cpp.obj)
                0x03804fac                vex::brain::lcd::drawCircle(int, int, int)
 .text._ZN3vex5brain3lcd9xPositionEv
                0x03805050       0x24 c:\Users\s133023402\AppData\Roaming\Code\User\globalStorage\vexrobotics.vexcode\sdk\cpp\V5\V5_20240802_15_00_00/vexv5\libv5rt.a(vex_brain.cpp.obj)
                0x03805050                vex::brain::lcd::xPosition()
 .text._ZN3vex5brain3lcd9yPositionEv
                0x03805074       0x24 c:\Users\s133023402\AppData\Roaming\Code\User\globalStorage\vexrobotics.vexcode\sdk\cpp\V5\V5_20240802_15_00_00/vexv5\libv5rt.a(vex_brain.cpp.obj)
                0x03805074                vex::brain::lcd::yPosition()
 .text._ZN3vex5brainD2Ev
                0x03805098       0x20 c:\Users\s133023402\AppData\Roaming\Code\User\globalStorage\vexrobotics.vexcode\sdk\cpp\V5\V5_20240802_15_00_00/vexv5\libv5rt.a(vex_brain.cpp.obj)
                0x03805098                vex::brain::~brain()
                0x03805098                vex::brain::~brain()
 .text._ZN3vex11competition8_disableEPv
                0x038050b8       0xa4 c:\Users\s133023402\AppData\Roaming\Code\User\globalStorage\vexrobotics.vexcode\sdk\cpp\V5\V5_20240802_15_00_00/vexv5\libv5rt.a(vex_competition.cpp.obj)
                0x038050b8                vex::competition::_disable(void*)
 .text._ZN3vex11competition11_autonomousEv
                0x0380515c       0x80 c:\Users\s133023402\AppData\Roaming\Code\User\globalStorage\vexrobotics.vexcode\sdk\cpp\V5\V5_20240802_15_00_00/vexv5\libv5rt.a(vex_competition.cpp.obj)
                0x0380515c                vex::competition::_autonomous()
 .text._ZN3vex11competition14_drivercontrolEv
                0x038051dc       0x80 c:\Users\s133023402\AppData\Roaming\Code\User\globalStorage\vexrobotics.vexcode\sdk\cpp\V5\V5_20240802_15_00_00/vexv5\libv5rt.a(vex_competition.cpp.obj)
                0x038051dc                vex::competition::_drivercontrol()
 .text._ZN3vex11competitionC2Ev
                0x0380525c      0x13c c:\Users\s133023402\AppData\Roaming\Code\User\globalStorage\vexrobotics.vexcode\sdk\cpp\V5\V5_20240802_15_00_00/vexv5\libv5rt.a(vex_competition.cpp.obj)
                0x0380525c                vex::competition::competition()
                0x0380525c                vex::competition::competition()
 .text._ZN3vex11competitionD2Ev
                0x03805398        0x4 c:\Users\s133023402\AppData\Roaming\Code\User\globalStorage\vexrobotics.vexcode\sdk\cpp\V5\V5_20240802_15_00_00/vexv5\libv5rt.a(vex_competition.cpp.obj)
                0x03805398                vex::competition::~competition()
                0x03805398                vex::competition::~competition()
 .text._ZN3vex11competition10autonomousEPFvvE
                0x0380539c       0x44 c:\Users\s133023402\AppData\Roaming\Code\User\globalStorage\vexrobotics.vexcode\sdk\cpp\V5\V5_20240802_15_00_00/vexv5\libv5rt.a(vex_competition.cpp.obj)
                0x0380539c                vex::competition::autonomous(void (*)())
 .text._ZN3vex11competition13drivercontrolEPFvvE
                0x038053e0       0x44 c:\Users\s133023402\AppData\Roaming\Code\User\globalStorage\vexrobotics.vexcode\sdk\cpp\V5\V5_20240802_15_00_00/vexv5\libv5rt.a(vex_competition.cpp.obj)
                0x038053e0                vex::competition::drivercontrol(void (*)())
 .text._ZN3vex7triportD2Ev
                0x03805424       0x38 c:\Users\s133023402\AppData\Roaming\Code\User\globalStorage\vexrobotics.vexcode\sdk\cpp\V5\V5_20240802_15_00_00/vexv5\libv5rt.a(vex_triport.cpp.obj)
                0x03805424                vex::triport::~triport()
                0x03805424                vex::triport::~triport()
 .text._ZN3vex7triportD0Ev
                0x0380545c       0x1c c:\Users\s133023402\AppData\Roaming\Code\User\globalStorage\vexrobotics.vexcode\sdk\cpp\V5\V5_20240802_15_00_00/vexv5\libv5rt.a(vex_triport.cpp.obj)
                0x0380545c                vex::triport::~triport()
 .text._ZN3vex7triport9installedEv
                0x03805478       0x18 c:\Users\s133023402\AppData\Roaming\Code\User\globalStorage\vexrobotics.vexcode\sdk\cpp\V5\V5_20240802_15_00_00/vexv5\libv5rt.a(vex_triport.cpp.obj)
                0x03805478                vex::triport::installed()
 .text._ZN3vex7triport4portC2ElPS0_
                0x03805490       0x74 c:\Users\s133023402\AppData\Roaming\Code\User\globalStorage\vexrobotics.vexcode\sdk\cpp\V5\V5_20240802_15_00_00/vexv5\libv5rt.a(vex_triport.cpp.obj)
                0x03805490                vex::triport::port::port(long, vex::triport*)
                0x03805490                vex::triport::port::port(long, vex::triport*)
 .text._ZN3vex7triportC2El
                0x03805504       0xf0 c:\Users\s133023402\AppData\Roaming\Code\User\globalStorage\vexrobotics.vexcode\sdk\cpp\V5\V5_20240802_15_00_00/vexv5\libv5rt.a(vex_triport.cpp.obj)
                0x03805504                vex::triport::triport(long)
                0x03805504                vex::triport::triport(long)
 .text._ZN3vex7triport4port4typeENS_11triportTypeE
                0x038055f4       0x30 c:\Users\s133023402\AppData\Roaming\Code\User\globalStorage\vexrobotics.vexcode\sdk\cpp\V5\V5_20240802_15_00_00/vexv5\libv5rt.a(vex_triport.cpp.obj)
                0x038055f4                vex::triport::port::type(vex::triportType)
 .text._ZN3vex7triport4port4typeEv
                0x03805624       0x38 c:\Users\s133023402\AppData\Roaming\Code\User\globalStorage\vexrobotics.vexcode\sdk\cpp\V5\V5_20240802_15_00_00/vexv5\libv5rt.a(vex_triport.cpp.obj)
                0x03805624                vex::triport::port::type()
 .text._ZN3vex7triport4port5valueEl
                0x0380565c       0x18 c:\Users\s133023402\AppData\Roaming\Code\User\globalStorage\vexrobotics.vexcode\sdk\cpp\V5\V5_20240802_15_00_00/vexv5\libv5rt.a(vex_triport.cpp.obj)
                0x0380565c                vex::triport::port::value(long)
 .text._ZN3vex11__trideviceC2ERNS_7triport4portENS_11triportTypeE
                0x03805674       0x5c c:\Users\s133023402\AppData\Roaming\Code\User\globalStorage\vexrobotics.vexcode\sdk\cpp\V5\V5_20240802_15_00_00/vexv5\libv5rt.a(vex_triport.cpp.obj)
                0x03805674                vex::__tridevice::__tridevice(vex::triport::port&, vex::triportType)
                0x03805674                vex::__tridevice::__tridevice(vex::triport::port&, vex::triportType)
 .text._ZN3vex5limitC2ERNS_7triport4portE
                0x038056d0       0x28 c:\Users\s133023402\AppData\Roaming\Code\User\globalStorage\vexrobotics.vexcode\sdk\cpp\V5\V5_20240802_15_00_00/vexv5\libv5rt.a(vex_triport.cpp.obj)
                0x038056d0                vex::limit::limit(vex::triport::port&)
                0x038056d0                vex::limit::limit(vex::triport::port&)
 .text._ZN3vex5limitD2Ev
                0x038056f8        0x4 c:\Users\s133023402\AppData\Roaming\Code\User\globalStorage\vexrobotics.vexcode\sdk\cpp\V5\V5_20240802_15_00_00/vexv5\libv5rt.a(vex_triport.cpp.obj)
                0x038056f8                vex::limit::~limit()
                0x038056f8                vex::limit::~limit()
 .text._ZN3vex11digital_outC2ERNS_7triport4portE
                0x038056fc       0x18 c:\Users\s133023402\AppData\Roaming\Code\User\globalStorage\vexrobotics.vexcode\sdk\cpp\V5\V5_20240802_15_00_00/vexv5\libv5rt.a(vex_triport.cpp.obj)
                0x038056fc                vex::digital_out::digital_out(vex::triport::port&)
                0x038056fc                vex::digital_out::digital_out(vex::triport::port&)
 .text._ZN3vex11digital_outD2Ev
                0x03805714        0x4 c:\Users\s133023402\AppData\Roaming\Code\User\globalStorage\vexrobotics.vexcode\sdk\cpp\V5\V5_20240802_15_00_00/vexv5\libv5rt.a(vex_triport.cpp.obj)
                0x03805714                vex::digital_out::~digital_out()
                0x03805714                vex::digital_out::~digital_out()
 .text._ZN3vex11digital_out3setEb
                0x03805718        0x8 c:\Users\s133023402\AppData\Roaming\Code\User\globalStorage\vexrobotics.vexcode\sdk\cpp\V5\V5_20240802_15_00_00/vexv5\libv5rt.a(vex_triport.cpp.obj)
                0x03805718                vex::digital_out::set(bool)
 .text._ZN3vex5colorD2Ev
                0x03805720        0x4 c:\Users\s133023402\AppData\Roaming\Code\User\globalStorage\vexrobotics.vexcode\sdk\cpp\V5\V5_20240802_15_00_00/vexv5\libv5rt.a(vex_color.cpp.obj)
                0x03805720                vex::color::~color()
                0x03805720                vex::color::~color()
 .text._ZNK3vex5colorcvmEv
                0x03805724        0x8 c:\Users\s133023402\AppData\Roaming\Code\User\globalStorage\vexrobotics.vexcode\sdk\cpp\V5\V5_20240802_15_00_00/vexv5\libv5rt.a(vex_color.cpp.obj)
                0x03805724                vex::color::operator unsigned long() const
 .text._ZNK3vex5color13isTransparentEv
                0x0380572c        0x8 c:\Users\s133023402\AppData\Roaming\Code\User\globalStorage\vexrobotics.vexcode\sdk\cpp\V5\V5_20240802_15_00_00/vexv5\libv5rt.a(vex_color.cpp.obj)
                0x0380572c                vex::color::isTransparent() const
 .text.startup._GLOBAL__sub_I__ZN3vex5color5blackE
                0x03805734      0x164 c:\Users\s133023402\AppData\Roaming\Code\User\globalStorage\vexrobotics.vexcode\sdk\cpp\V5\V5_20240802_15_00_00/vexv5\libv5rt.a(vex_color.cpp.obj)
 .text._ZN3vex5timerD2Ev
                0x03805898        0x4 c:\Users\s133023402\AppData\Roaming\Code\User\globalStorage\vexrobotics.vexcode\sdk\cpp\V5\V5_20240802_15_00_00/vexv5\libv5rt.a(vex_timer.cpp.obj)
                0x03805898                vex::timer::~timer()
                0x03805898                vex::timer::~timer()
 .text._ZN3vex5timer5clearEv
                0x0380589c       0x1c c:\Users\s133023402\AppData\Roaming\Code\User\globalStorage\vexrobotics.vexcode\sdk\cpp\V5\V5_20240802_15_00_00/vexv5\libv5rt.a(vex_timer.cpp.obj)
                0x0380589c                vex::timer::clear()
 .text._ZN3vex5timerC2Ev
                0x038058b8       0x14 c:\Users\s133023402\AppData\Roaming\Code\User\globalStorage\vexrobotics.vexcode\sdk\cpp\V5\V5_20240802_15_00_00/vexv5\libv5rt.a(vex_timer.cpp.obj)
                0x038058b8                vex::timer::timer()
                0x038058b8                vex::timer::timer()
 .text._ZN3vex11motor_group18motor_group_motorsC2Ev
                0x038058cc       0x28 c:\Users\s133023402\AppData\Roaming\Code\User\globalStorage\vexrobotics.vexcode\sdk\cpp\V5\V5_20240802_15_00_00/vexv5\libv5rt.a(vex_motorgroup.cpp.obj)
                0x038058cc                vex::motor_group::motor_group_motors::motor_group_motors()
                0x038058cc                vex::motor_group::motor_group_motors::motor_group_motors()
 .text._ZN3vex11motor_group18motor_group_motorsC2ERKS1_
                0x038058f4       0x20 c:\Users\s133023402\AppData\Roaming\Code\User\globalStorage\vexrobotics.vexcode\sdk\cpp\V5\V5_20240802_15_00_00/vexv5\libv5rt.a(vex_motorgroup.cpp.obj)
                0x038058f4                vex::motor_group::motor_group_motors::motor_group_motors(vex::motor_group::motor_group_motors const&)
                0x038058f4                vex::motor_group::motor_group_motors::motor_group_motors(vex::motor_group::motor_group_motors const&)
 .text._ZN3vex11motor_groupC2Ev
                0x03805914       0x1c c:\Users\s133023402\AppData\Roaming\Code\User\globalStorage\vexrobotics.vexcode\sdk\cpp\V5\V5_20240802_15_00_00/vexv5\libv5rt.a(vex_motorgroup.cpp.obj)
                0x03805914                vex::motor_group::motor_group()
                0x03805914                vex::motor_group::motor_group()
 .text._ZN3vex11motor_groupD2Ev
                0x03805930        0x4 c:\Users\s133023402\AppData\Roaming\Code\User\globalStorage\vexrobotics.vexcode\sdk\cpp\V5\V5_20240802_15_00_00/vexv5\libv5rt.a(vex_motorgroup.cpp.obj)
                0x03805930                vex::motor_group::~motor_group()
                0x03805930                vex::motor_group::~motor_group()
 .text._ZN3vex11motor_group9_addMotorERNS_5motorE
                0x03805934       0x20 c:\Users\s133023402\AppData\Roaming\Code\User\globalStorage\vexrobotics.vexcode\sdk\cpp\V5\V5_20240802_15_00_00/vexv5\libv5rt.a(vex_motorgroup.cpp.obj)
                0x03805934                vex::motor_group::_addMotor(vex::motor&)
 .text._ZN3vex11motor_group11setVelocityEdNS_13velocityUnitsE
                0x03805954       0x4c c:\Users\s133023402\AppData\Roaming\Code\User\globalStorage\vexrobotics.vexcode\sdk\cpp\V5\V5_20240802_15_00_00/vexv5\libv5rt.a(vex_motorgroup.cpp.obj)
                0x03805954                vex::motor_group::setVelocity(double, vex::velocityUnits)
 .text._ZN3vex11motor_group11setStoppingENS_9brakeTypeE
                0x038059a0       0x38 c:\Users\s133023402\AppData\Roaming\Code\User\globalStorage\vexrobotics.vexcode\sdk\cpp\V5\V5_20240802_15_00_00/vexv5\libv5rt.a(vex_motorgroup.cpp.obj)
                0x038059a0                vex::motor_group::setStopping(vex::brakeType)
 .text._ZN3vex11motor_group4spinENS_13directionTypeE
                0x038059d8       0x38 c:\Users\s133023402\AppData\Roaming\Code\User\globalStorage\vexrobotics.vexcode\sdk\cpp\V5\V5_20240802_15_00_00/vexv5\libv5rt.a(vex_motorgroup.cpp.obj)
                0x038059d8                vex::motor_group::spin(vex::directionType)
 .text._ZN3vex11motor_group4spinENS_13directionTypeEdNS_13velocityUnitsE
                0x03805a10       0x54 c:\Users\s133023402\AppData\Roaming\Code\User\globalStorage\vexrobotics.vexcode\sdk\cpp\V5\V5_20240802_15_00_00/vexv5\libv5rt.a(vex_motorgroup.cpp.obj)
                0x03805a10                vex::motor_group::spin(vex::directionType, double, vex::velocityUnits)
 .text._ZN3vex11motor_group10isSpinningEv
                0x03805a64       0x40 c:\Users\s133023402\AppData\Roaming\Code\User\globalStorage\vexrobotics.vexcode\sdk\cpp\V5\V5_20240802_15_00_00/vexv5\libv5rt.a(vex_motorgroup.cpp.obj)
                0x03805a64                vex::motor_group::isSpinning()
 .text._ZN3vex11motor_group6isDoneEv
                0x03805aa4       0x14 c:\Users\s133023402\AppData\Roaming\Code\User\globalStorage\vexrobotics.vexcode\sdk\cpp\V5\V5_20240802_15_00_00/vexv5\libv5rt.a(vex_motorgroup.cpp.obj)
                0x03805aa4                vex::motor_group::isDone()
 .text._ZN3vex11motor_group14isSpinningModeEv
                0x03805ab8       0x40 c:\Users\s133023402\AppData\Roaming\Code\User\globalStorage\vexrobotics.vexcode\sdk\cpp\V5\V5_20240802_15_00_00/vexv5\libv5rt.a(vex_motorgroup.cpp.obj)
                0x03805ab8                vex::motor_group::isSpinningMode()
 .text._ZN3vex11motor_group4stopEv
                0x03805af8       0x30 c:\Users\s133023402\AppData\Roaming\Code\User\globalStorage\vexrobotics.vexcode\sdk\cpp\V5\V5_20240802_15_00_00/vexv5\libv5rt.a(vex_motorgroup.cpp.obj)
                0x03805af8                vex::motor_group::stop()
 .text._ZN3vex11motor_group20waitForCompletionAllEv
                0x03805b28       0x60 c:\Users\s133023402\AppData\Roaming\Code\User\globalStorage\vexrobotics.vexcode\sdk\cpp\V5\V5_20240802_15_00_00/vexv5\libv5rt.a(vex_motorgroup.cpp.obj)
                0x03805b28                vex::motor_group::waitForCompletionAll()
 .text._ZN3vex11motor_group7spinForENS_13directionTypeEdNS_13rotationUnitsEdNS_13velocityUnitsEb
                0x03805b88       0xa8 c:\Users\s133023402\AppData\Roaming\Code\User\globalStorage\vexrobotics.vexcode\sdk\cpp\V5\V5_20240802_15_00_00/vexv5\libv5rt.a(vex_motorgroup.cpp.obj)
                0x03805b88                vex::motor_group::spinFor(vex::directionType, double, vex::rotationUnits, double, vex::velocityUnits, bool)
 .text._ZN3vex11motor_group7spinForENS_13directionTypeEdNS_13rotationUnitsEb
                0x03805c30       0x80 c:\Users\s133023402\AppData\Roaming\Code\User\globalStorage\vexrobotics.vexcode\sdk\cpp\V5\V5_20240802_15_00_00/vexv5\libv5rt.a(vex_motorgroup.cpp.obj)
                0x03805c30                vex::motor_group::spinFor(vex::directionType, double, vex::rotationUnits, bool)
 .text._ZN3vex10drivetrainD2Ev
                0x03805cb0       0x28 c:\Users\s133023402\AppData\Roaming\Code\User\globalStorage\vexrobotics.vexcode\sdk\cpp\V5\V5_20240802_15_00_00/vexv5\libv5rt.a(vex_drivetrain.cpp.obj)
                0x03805cb0                vex::drivetrain::~drivetrain()
                0x03805cb0                vex::drivetrain::~drivetrain()
 .text._ZN3vex10drivetrainD0Ev
                0x03805cd8       0x1c c:\Users\s133023402\AppData\Roaming\Code\User\globalStorage\vexrobotics.vexcode\sdk\cpp\V5\V5_20240802_15_00_00/vexv5\libv5rt.a(vex_drivetrain.cpp.obj)
                0x03805cd8                vex::drivetrain::~drivetrain()
 .text._ZN3vex10drivetrain8isMovingEv
                0x03805cf4       0x24 c:\Users\s133023402\AppData\Roaming\Code\User\globalStorage\vexrobotics.vexcode\sdk\cpp\V5\V5_20240802_15_00_00/vexv5\libv5rt.a(vex_drivetrain.cpp.obj)
                0x03805cf4                vex::drivetrain::isMoving()
 .text._ZN3vex10drivetrain16setDriveVelocityEdNS_13velocityUnitsE
                0x03805d18       0x48 c:\Users\s133023402\AppData\Roaming\Code\User\globalStorage\vexrobotics.vexcode\sdk\cpp\V5\V5_20240802_15_00_00/vexv5\libv5rt.a(vex_drivetrain.cpp.obj)
                0x03805d18                vex::drivetrain::setDriveVelocity(double, vex::velocityUnits)
 .text._ZN3vex10drivetrain12setGearRatioEd
                0x03805d60       0x54 c:\Users\s133023402\AppData\Roaming\Code\User\globalStorage\vexrobotics.vexcode\sdk\cpp\V5\V5_20240802_15_00_00/vexv5\libv5rt.a(vex_drivetrain.cpp.obj)
                0x03805d60                vex::drivetrain::setGearRatio(double)
 .text._ZN3vex10drivetrain16setDriveVelocityEdNS_12percentUnitsE
                0x03805db4        0x4 c:\Users\s133023402\AppData\Roaming\Code\User\globalStorage\vexrobotics.vexcode\sdk\cpp\V5\V5_20240802_15_00_00/vexv5\libv5rt.a(vex_drivetrain.cpp.obj)
                0x03805db4                vex::drivetrain::setDriveVelocity(double, vex::percentUnits)
 .text._ZN3vex10drivetrain11setStoppingENS_9brakeTypeE
                0x03805db8       0x24 c:\Users\s133023402\AppData\Roaming\Code\User\globalStorage\vexrobotics.vexcode\sdk\cpp\V5\V5_20240802_15_00_00/vexv5\libv5rt.a(vex_drivetrain.cpp.obj)
                0x03805db8                vex::drivetrain::setStopping(vex::brakeType)
 .text._ZN3vex10drivetrain4turnENS_8turnTypeE
                0x03805ddc       0x50 c:\Users\s133023402\AppData\Roaming\Code\User\globalStorage\vexrobotics.vexcode\sdk\cpp\V5\V5_20240802_15_00_00/vexv5\libv5rt.a(vex_drivetrain.cpp.obj)
                0x03805ddc                vex::drivetrain::turn(vex::turnType)
 .text._ZN3vex10drivetrain15setTurnVelocityEdNS_13velocityUnitsE
                0x03805e2c       0x28 c:\Users\s133023402\AppData\Roaming\Code\User\globalStorage\vexrobotics.vexcode\sdk\cpp\V5\V5_20240802_15_00_00/vexv5\libv5rt.a(vex_drivetrain.cpp.obj)
                0x03805e2c                vex::drivetrain::setTurnVelocity(double, vex::velocityUnits)
 .text._ZN3vex10drivetrain6isDoneEv
                0x03805e54       0x14 c:\Users\s133023402\AppData\Roaming\Code\User\globalStorage\vexrobotics.vexcode\sdk\cpp\V5\V5_20240802_15_00_00/vexv5\libv5rt.a(vex_drivetrain.cpp.obj)
                0x03805e54                vex::drivetrain::isDone()
 .text._ZN3vex10drivetrain4stopEv
                0x03805e68       0x24 c:\Users\s133023402\AppData\Roaming\Code\User\globalStorage\vexrobotics.vexcode\sdk\cpp\V5\V5_20240802_15_00_00/vexv5\libv5rt.a(vex_drivetrain.cpp.obj)
                0x03805e68                vex::drivetrain::stop()
 .text._ZN3vex10drivetrain21_waitForCompletionAllEv
                0x03805e8c       0x80 c:\Users\s133023402\AppData\Roaming\Code\User\globalStorage\vexrobotics.vexcode\sdk\cpp\V5\V5_20240802_15_00_00/vexv5\libv5rt.a(vex_drivetrain.cpp.obj)
                0x03805e8c                vex::drivetrain::_waitForCompletionAll()
 *fill*         0x03805f0c        0x4 
 .text._ZN3vex10drivetrain12distanceToMmEdNS_13distanceUnitsE
                0x03805f10       0x38 c:\Users\s133023402\AppData\Roaming\Code\User\globalStorage\vexrobotics.vexcode\sdk\cpp\V5\V5_20240802_15_00_00/vexv5\libv5rt.a(vex_drivetrain.cpp.obj)
                0x03805f10                vex::drivetrain::distanceToMm(double, vex::distanceUnits)
 .text._ZN3vex10drivetrainC2ERNS_11motor_groupES2_dddNS_13distanceUnitsEd
                0x03805f48      0x110 c:\Users\s133023402\AppData\Roaming\Code\User\globalStorage\vexrobotics.vexcode\sdk\cpp\V5\V5_20240802_15_00_00/vexv5\libv5rt.a(vex_drivetrain.cpp.obj)
                0x03805f48                vex::drivetrain::drivetrain(vex::motor_group&, vex::motor_group&, double, double, double, vex::distanceUnits, double)
                0x03805f48                vex::drivetrain::drivetrain(vex::motor_group&, vex::motor_group&, double, double, double, vex::distanceUnits, double)
 .text._ZN3vex10drivetrain14distanceToRevsEdNS_13distanceUnitsE
                0x03806058       0x34 c:\Users\s133023402\AppData\Roaming\Code\User\globalStorage\vexrobotics.vexcode\sdk\cpp\V5\V5_20240802_15_00_00/vexv5\libv5rt.a(vex_drivetrain.cpp.obj)
                0x03806058                vex::drivetrain::distanceToRevs(double, vex::distanceUnits)
 .text._ZN3vex10drivetrain8driveForENS_13directionTypeEdNS_13distanceUnitsEb
                0x0380608c       0x90 c:\Users\s133023402\AppData\Roaming\Code\User\globalStorage\vexrobotics.vexcode\sdk\cpp\V5\V5_20240802_15_00_00/vexv5\libv5rt.a(vex_drivetrain.cpp.obj)
                0x0380608c                vex::drivetrain::driveFor(vex::directionType, double, vex::distanceUnits, bool)
 .text._ZN3vex10drivetrain8driveForEdNS_13distanceUnitsEb
                0x0380611c       0x10 c:\Users\s133023402\AppData\Roaming\Code\User\globalStorage\vexrobotics.vexcode\sdk\cpp\V5\V5_20240802_15_00_00/vexv5\libv5rt.a(vex_drivetrain.cpp.obj)
                0x0380611c                vex::drivetrain::driveFor(double, vex::distanceUnits, bool)
 .text._ZN3vex10drivetrain8driveForENS_13directionTypeEdNS_13distanceUnitsEdNS_13velocityUnitsEb
                0x0380612c       0xc8 c:\Users\s133023402\AppData\Roaming\Code\User\globalStorage\vexrobotics.vexcode\sdk\cpp\V5\V5_20240802_15_00_00/vexv5\libv5rt.a(vex_drivetrain.cpp.obj)
                0x0380612c                vex::drivetrain::driveFor(vex::directionType, double, vex::distanceUnits, double, vex::velocityUnits, bool)
 .text._ZN3vex10drivetrain8driveForEdNS_13distanceUnitsEdNS_13velocityUnitsEb
                0x038061f4       0x18 c:\Users\s133023402\AppData\Roaming\Code\User\globalStorage\vexrobotics.vexcode\sdk\cpp\V5\V5_20240802_15_00_00/vexv5\libv5rt.a(vex_drivetrain.cpp.obj)
                0x038061f4                vex::drivetrain::driveFor(double, vex::distanceUnits, double, vex::velocityUnits, bool)
 *fill*         0x0380620c        0x4 
 .text._ZN3vex10drivetrain11angleToRevsEdNS_13rotationUnitsE
                0x03806210       0x98 c:\Users\s133023402\AppData\Roaming\Code\User\globalStorage\vexrobotics.vexcode\sdk\cpp\V5\V5_20240802_15_00_00/vexv5\libv5rt.a(vex_drivetrain.cpp.obj)
                0x03806210                vex::drivetrain::angleToRevs(double, vex::rotationUnits)
 .text._ZN3vex10drivetrain7turnForENS_8turnTypeEdNS_13rotationUnitsEb
                0x038062a8       0xbc c:\Users\s133023402\AppData\Roaming\Code\User\globalStorage\vexrobotics.vexcode\sdk\cpp\V5\V5_20240802_15_00_00/vexv5\libv5rt.a(vex_drivetrain.cpp.obj)
                0x038062a8                vex::drivetrain::turnFor(vex::turnType, double, vex::rotationUnits, bool)
 .text._ZN3vex10drivetrain7turnForEdNS_13rotationUnitsEb
                0x03806364       0x10 c:\Users\s133023402\AppData\Roaming\Code\User\globalStorage\vexrobotics.vexcode\sdk\cpp\V5\V5_20240802_15_00_00/vexv5\libv5rt.a(vex_drivetrain.cpp.obj)
                0x03806364                vex::drivetrain::turnFor(double, vex::rotationUnits, bool)
 .text._ZN3vex10drivetrain7turnForENS_8turnTypeEdNS_13rotationUnitsEdNS_13velocityUnitsEb
                0x03806374       0xd0 c:\Users\s133023402\AppData\Roaming\Code\User\globalStorage\vexrobotics.vexcode\sdk\cpp\V5\V5_20240802_15_00_00/vexv5\libv5rt.a(vex_drivetrain.cpp.obj)
                0x03806374                vex::drivetrain::turnFor(vex::turnType, double, vex::rotationUnits, double, vex::velocityUnits, bool)
 .text._ZN3vex10drivetrain7turnForEdNS_13rotationUnitsEdNS_13velocityUnitsEb
                0x03806444       0x18 c:\Users\s133023402\AppData\Roaming\Code\User\globalStorage\vexrobotics.vexcode\sdk\cpp\V5\V5_20240802_15_00_00/vexv5\libv5rt.a(vex_drivetrain.cpp.obj)
                0x03806444                vex::drivetrain::turnFor(double, vex::rotationUnits, double, vex::velocityUnits, bool)
 .text.vexAdiPortConfigSet
                0x0380645c       0x28 c:\Users\s133023402\AppData\Roaming\Code\User\globalStorage\vexrobotics.vexcode\sdk\cpp\V5\V5_20240802_15_00_00/vexv5\libv5rt.a(v5_apiuser.c.obj)
                0x0380645c                vexAdiPortConfigSet
 .text.vexAdiPortConfigGet
                0x03806484       0x28 c:\Users\s133023402\AppData\Roaming\Code\User\globalStorage\vexrobotics.vexcode\sdk\cpp\V5\V5_20240802_15_00_00/vexv5\libv5rt.a(v5_apiuser.c.obj)
                0x03806484                vexAdiPortConfigGet
 .text.vexAdiValueSet
                0x038064ac       0x28 c:\Users\s133023402\AppData\Roaming\Code\User\globalStorage\vexrobotics.vexcode\sdk\cpp\V5\V5_20240802_15_00_00/vexv5\libv5rt.a(v5_apiuser.c.obj)
                0x038064ac                vexAdiValueSet
 .text.vexMotorVelocitySet
                0x038064d4       0x20 c:\Users\s133023402\AppData\Roaming\Code\User\globalStorage\vexrobotics.vexcode\sdk\cpp\V5\V5_20240802_15_00_00/vexv5\libv5rt.a(v5_apiuser.c.obj)
                0x038064d4                vexMotorVelocitySet
 .text.vexMotorVelocityGet
                0x038064f4       0x18 c:\Users\s133023402\AppData\Roaming\Code\User\globalStorage\vexrobotics.vexcode\sdk\cpp\V5\V5_20240802_15_00_00/vexv5\libv5rt.a(v5_apiuser.c.obj)
                0x038064f4                vexMotorVelocityGet
 .text.vexMotorActualVelocityGet
                0x0380650c       0x24 c:\Users\s133023402\AppData\Roaming\Code\User\globalStorage\vexrobotics.vexcode\sdk\cpp\V5\V5_20240802_15_00_00/vexv5\libv5rt.a(v5_apiuser.c.obj)
                0x0380650c                vexMotorActualVelocityGet
 .text.vexMotorModeGet
                0x03806530       0x18 c:\Users\s133023402\AppData\Roaming\Code\User\globalStorage\vexrobotics.vexcode\sdk\cpp\V5\V5_20240802_15_00_00/vexv5\libv5rt.a(v5_apiuser.c.obj)
                0x03806530                vexMotorModeGet
 .text.vexMotorCurrentLimitSet
                0x03806548       0x20 c:\Users\s133023402\AppData\Roaming\Code\User\globalStorage\vexrobotics.vexcode\sdk\cpp\V5\V5_20240802_15_00_00/vexv5\libv5rt.a(v5_apiuser.c.obj)
                0x03806548                vexMotorCurrentLimitSet
 .text.vexMotorZeroPositionFlagGet
                0x03806568       0x18 c:\Users\s133023402\AppData\Roaming\Code\User\globalStorage\vexrobotics.vexcode\sdk\cpp\V5\V5_20240802_15_00_00/vexv5\libv5rt.a(v5_apiuser.c.obj)
                0x03806568                vexMotorZeroPositionFlagGet
 .text.vexMotorReverseFlagSet
                0x03806580       0x20 c:\Users\s133023402\AppData\Roaming\Code\User\globalStorage\vexrobotics.vexcode\sdk\cpp\V5\V5_20240802_15_00_00/vexv5\libv5rt.a(v5_apiuser.c.obj)
                0x03806580                vexMotorReverseFlagSet
 .text.vexMotorEncoderUnitsSet
                0x038065a0       0x20 c:\Users\s133023402\AppData\Roaming\Code\User\globalStorage\vexrobotics.vexcode\sdk\cpp\V5\V5_20240802_15_00_00/vexv5\libv5rt.a(v5_apiuser.c.obj)
                0x038065a0                vexMotorEncoderUnitsSet
 .text.vexMotorBrakeModeSet
                0x038065c0       0x20 c:\Users\s133023402\AppData\Roaming\Code\User\globalStorage\vexrobotics.vexcode\sdk\cpp\V5\V5_20240802_15_00_00/vexv5\libv5rt.a(v5_apiuser.c.obj)
                0x038065c0                vexMotorBrakeModeSet
 .text.vexMotorPositionSet
                0x038065e0       0x28 c:\Users\s133023402\AppData\Roaming\Code\User\globalStorage\vexrobotics.vexcode\sdk\cpp\V5\V5_20240802_15_00_00/vexv5\libv5rt.a(v5_apiuser.c.obj)
                0x038065e0                vexMotorPositionSet
 .text.vexMotorRelativeTargetSet
                0x03806608       0x30 c:\Users\s133023402\AppData\Roaming\Code\User\globalStorage\vexrobotics.vexcode\sdk\cpp\V5\V5_20240802_15_00_00/vexv5\libv5rt.a(v5_apiuser.c.obj)
                0x03806608                vexMotorRelativeTargetSet
 .text.vexMotorGearingSet
                0x03806638       0x20 c:\Users\s133023402\AppData\Roaming\Code\User\globalStorage\vexrobotics.vexcode\sdk\cpp\V5\V5_20240802_15_00_00/vexv5\libv5rt.a(v5_apiuser.c.obj)
                0x03806638                vexMotorGearingSet
 .text.vexMotorGearingGet
                0x03806658       0x18 c:\Users\s133023402\AppData\Roaming\Code\User\globalStorage\vexrobotics.vexcode\sdk\cpp\V5\V5_20240802_15_00_00/vexv5\libv5rt.a(v5_apiuser.c.obj)
                0x03806658                vexMotorGearingGet
 .text.vexImuReset
                0x03806670       0x10 c:\Users\s133023402\AppData\Roaming\Code\User\globalStorage\vexrobotics.vexcode\sdk\cpp\V5\V5_20240802_15_00_00/vexv5\libv5rt.a(v5_apiuser.c.obj)
                0x03806670                vexImuReset
 .text.vexImuHeadingGet