Archive member included because of file (symbol)

c:\Users\br-98\AppData\Roaming\Code\User\globalStorage\vexrobotics.vexcode\sdk\cpp\V5\V5_20240802_15_00_00/vexv5\libv5rt.a(v5_startup.c.obj)
                              (vexStartup)
c:\Users\br-98\AppData\Roaming\Code\User\globalStorage\vexrobotics.vexcode\sdk\cpp\V5\V5_20240802_15_00_00/vexv5\libv5rt.a(v5_util.c.obj)
                              c:\Users\br-98\AppData\Roaming\Code\User\globalStorage\vexrobotics.vexcode\sdk\cpp\V5\V5_20240802_15_00_00/vexv5\libv5rt.a(v5_startup.c.obj) (vexStdlibVersionLinked)
c:\Users\br-98\AppData\Roaming\Code\User\globalStorage\vexrobotics.vexcode\sdk\cpp\V5\V5_20240802_15_00_00/vexv5\libv5rt.a(v5_apijump.c.obj)
                              c:\Users\br-98\AppData\Roaming\Code\User\globalStorage\vexrobotics.vexcode\sdk\cpp\V5\V5_20240802_15_00_00/vexv5\libv5rt.a(v5_startup.c.obj) (vexPrivateApiEnable)
c:\Users\br-98\AppData\Roaming\Code\User\globalStorage\vexrobotics.vexcode\sdk\cpp\V5\V5_20240802_15_00_00/vexv5\libv5rt.a(v5_apiversions.c.obj)
                              c:\Users\br-98\AppData\Roaming\Code\User\globalStorage\vexrobotics.vexcode\sdk\cpp\V5\V5_20240802_15_00_00/vexv5\libv5rt.a(v5_apijump.c.obj) (vexSystemVersion)
c:\Users\br-98\AppData\Roaming\Code\User\globalStorage\vexrobotics.vexcode\sdk\cpp\V5\V5_20240802_15_00_00/vexv5\libv5rt.a(vex_global.cpp.obj)
                              build/src/main.o (vex::wait(double, vex::timeUnits))
c:\Users\br-98\AppData\Roaming\Code\User\globalStorage\vexrobotics.vexcode\sdk\cpp\V5\V5_20240802_15_00_00/vexv5\libv5rt.a(vex_motor.cpp.obj)
                              build/src/robot-config.o (vex::motor::~motor())
c:\Users\br-98\AppData\Roaming\Code\User\globalStorage\vexrobotics.vexcode\sdk\cpp\V5\V5_20240802_15_00_00/vexv5\libv5rt.a(vex_imu.cpp.obj)
                              build/src/autons.o (vex::inertial::setHeading(double, vex::rotationUnits))
c:\Users\br-98\AppData\Roaming\Code\User\globalStorage\vexrobotics.vexcode\sdk\cpp\V5\V5_20240802_15_00_00/vexv5\libv5rt.a(vex_rotation.cpp.obj)
                              build/src/robot-config.o (vex::rotation::~rotation())
c:\Users\br-98\AppData\Roaming\Code\User\globalStorage\vexrobotics.vexcode\sdk\cpp\V5\V5_20240802_15_00_00/vexv5\libv5rt.a(vex_optical.cpp.obj)
                              build/src/robot-config.o (vex::optical::~optical())
c:\Users\br-98\AppData\Roaming\Code\User\globalStorage\vexrobotics.vexcode\sdk\cpp\V5\V5_20240802_15_00_00/vexv5\libv5rt.a(vex_gps.cpp.obj)
                              build/src/robot-config.o (vex::gps::~gps())
c:\Users\br-98\AppData\Roaming\Code\User\globalStorage\vexrobotics.vexcode\sdk\cpp\V5\V5_20240802_15_00_00/vexv5\libv5rt.a(vex_controller.cpp.obj)
                              build/src/robot-config.o (vex::controller::~controller())
c:\Users\br-98\AppData\Roaming\Code\User\globalStorage\vexrobotics.vexcode\sdk\cpp\V5\V5_20240802_15_00_00/vexv5\libv5rt.a(vex_task.cpp.obj)
                              build/src/main.o (vex::task::task(int (*)()))
c:\Users\br-98\AppData\Roaming\Code\User\globalStorage\vexrobotics.vexcode\sdk\cpp\V5\V5_20240802_15_00_00/vexv5\libv5rt.a(vex_thread.cpp.obj)
                              c:\Users\br-98\AppData\Roaming\Code\User\globalStorage\vexrobotics.vexcode\sdk\cpp\V5\V5_20240802_15_00_00/vexv5\libv5rt.a(vex_global.cpp.obj) (vex::this_thread::sleep_for(unsigned long))
c:\Users\br-98\AppData\Roaming\Code\User\globalStorage\vexrobotics.vexcode\sdk\cpp\V5\V5_20240802_15_00_00/vexv5\libv5rt.a(vex_event.cpp.obj)
                              c:\Users\br-98\AppData\Roaming\Code\User\globalStorage\vexrobotics.vexcode\sdk\cpp\V5\V5_20240802_15_00_00/vexv5\libv5rt.a(vex_imu.cpp.obj) (vex::event::init(unsigned long, unsigned long, void (*)()))
c:\Users\br-98\AppData\Roaming\Code\User\globalStorage\vexrobotics.vexcode\sdk\cpp\V5\V5_20240802_15_00_00/vexv5\libv5rt.a(vex_mevent.cpp.obj)
                              c:\Users\br-98\AppData\Roaming\Code\User\globalStorage\vexrobotics.vexcode\sdk\cpp\V5\V5_20240802_15_00_00/vexv5\libv5rt.a(vex_controller.cpp.obj) (vex::mevent::mevent(unsigned long, unsigned long))
c:\Users\br-98\AppData\Roaming\Code\User\globalStorage\vexrobotics.vexcode\sdk\cpp\V5\V5_20240802_15_00_00/vexv5\libv5rt.a(vex_brain.cpp.obj)
                              build/src/PID.o (vex::brain::timer(vex::timeUnits))
c:\Users\br-98\AppData\Roaming\Code\User\globalStorage\vexrobotics.vexcode\sdk\cpp\V5\V5_20240802_15_00_00/vexv5\libv5rt.a(vex_competition.cpp.obj)
                              build/src/main.o (vex::competition::competition())
c:\Users\br-98\AppData\Roaming\Code\User\globalStorage\vexrobotics.vexcode\sdk\cpp\V5\V5_20240802_15_00_00/vexv5\libv5rt.a(vex_triport.cpp.obj)
                              c:\Users\br-98\AppData\Roaming\Code\User\globalStorage\vexrobotics.vexcode\sdk\cpp\V5\V5_20240802_15_00_00/vexv5\libv5rt.a(vex_brain.cpp.obj) (vex::triport::~triport())
[...]
Memory Configuration

Name             Origin             Length             Attributes
ps7_ddr_0_S_AXI_BASEADDR 0x03800000         0x04800000
*default*        0x00000000         0xffffffff

Linker script and memory map

                0x00002000                _STACK_SIZE = DEFINED (_STACK_SIZE)?_STACK_SIZE:0x2000
                0x00100000                _HEAP_SIZE = DEFINED (_HEAP_SIZE)?_HEAP_SIZE:0x100000
                0x00000400                _ABORT_STACK_SIZE = DEFINED (_ABORT_STACK_SIZE)?_ABORT_STACK_SIZE:0x400
                0x00000800                _SUPERVISOR_STACK_SIZE = DEFINED (_SUPERVISOR_STACK_SIZE)?_SUPERVISOR_STACK_SIZE:0x800
                0x00000400                _IRQ_STACK_SIZE = DEFINED (_IRQ_STACK_SIZE)?_IRQ_STACK_SIZE:0x400
                0x00000400                _FIQ_STACK_SIZE = DEFINED (_FIQ_STACK_SIZE)?_FIQ_STACK_SIZE:0x400
                0x00000400                _UNDEF_STACK_SIZE = DEFINED (_UNDEF_STACK_SIZE)?_UNDEF_STACK_SIZE:0x400

.text           0x03800000     0xab40
 *(.vectors)
 *(.boot_data)
 .boot_data     0x03800000       0x20 c:\Users\br-98\AppData\Roaming\Code\User\globalStorage\vexrobotics.vexcode\sdk\cpp\V5\V5_20240802_15_00_00/vexv5\libv5rt.a(v5_startup.c.obj)
                0x03800000                vexCodeSig
                0x00000020                . = 0x20
 *(.boot)
 .boot          0x03800020       0xbc c:\Users\br-98\AppData\Roaming\Code\User\globalStorage\vexrobotics.vexcode\sdk\cpp\V5\V5_20240802_15_00_00/vexv5\libv5rt.a(v5_startup.c.obj)
                0x03800020                vexStartup
                0x03800100                . = ALIGN (0x40)
 *fill*         0x038000dc       0x24 
 *(.freertos_vectors)
 *(.text)
 .text          0x03800100       0x3a c:\Users\br-98\AppData\Roaming\Code\User\globalStorage\vexrobotics.vexcode\sdk\cpp\V5\V5_20240802_15_00_00/vexv5/gcc/libs\libc.a(lib_a-aeabi_memmove-soft.o)
                0x03800100                __aeabi_memmove4
                0x03800100                __aeabi_memmove
                0x03800100                __aeabi_memmove8
 *(.text.*)
 *fill*         0x0380013a        0x2 
 .text._GLOBAL__sub_I_auton_initialization.cpp
                0x0380013c       0xb8 build/src/auton-initialization.o
 .text._Z11enabledCompv
                0x038001f4       0x68 build/src/main.o
                0x038001f4                enabledComp()
 *fill*         0x0380025c        0x4 
 .text.main     0x03800260       0x78 build/src/main.o
                0x03800260                main
 .text._GLOBAL__sub_I_main.cpp
                0x038002d8       0x5c build/src/main.o
 .text._Z8parkJerkv
                0x03800334       0xf4 build/src/autons.o
                0x03800334                parkJerk()
 .text._Z14runManualTimerv
                0x03800428       0x44 build/src/autons.o
                0x03800428                runManualTimer()
 .text._Z8readGPS1v
                0x0380046c       0x54 build/src/autons.o
                0x0380046c                readGPS1()
 .text._Z8readGPS2v
                0x038004c0       0x54 build/src/autons.o
                0x038004c0                readGPS2()
 *fill*         0x03800514        0x4 
 .text._Z4Leftv
                0x03800518      0x208 build/src/autons.o
                0x03800518                Left()
 .text._Z5Rightv
                0x03800720      0x218 build/src/autons.o
                0x03800720                Right()
 .text._Z6Skillsv
                0x03800938      0xc78 build/src/autons.o
                0x03800938                Skills()
 .text._GLOBAL__sub_I_autons.cpp
                0x038015b0       0x90 build/src/autons.o
 .text._Z10autonomousv
                0x03801640      0x198 build/src/autonomous.o
                0x03801640                autonomous()
 .text._GLOBAL__sub_I_autonomous.cpp
                0x038017d8       0x34 build/src/autonomous.o
 .text._Z17setDriveConstantsddd
                0x0380180c       0x2c build/src/PID.o
                0x0380180c                setDriveConstants(double, double, double)
 .text._Z16setTurnConstantsddd
                0x03801838       0x2c build/src/PID.o
                0x03801838                setTurnConstants(double, double, double)
 .text._Z7driveInd
                0x03801864       0x44 build/src/PID.o
                0x03801864                driveIn(double)
 .text._ZN3PID3runEv
                0x038018a8      0xb40 build/src/PID.o
                0x038018a8                PID::run()
 .text._Z13turnToHeadingd
                0x038023e8       0x48 build/src/PID.o
                0x038023e8                turnToHeading(double)
 .text._Z7driveIndd
                0x03802430       0xac build/src/PID.o
                0x03802430                driveIn(double, double)
 .text._Z13turnToHeadingdd
                0x038024dc       0xb4 build/src/PID.o
                0x038024dc                turnToHeading(double, double)
 .text._Z17driveInWithPistondd
                0x03802590       0x48 build/src/PID.o
                0x03802590                driveInWithPiston(double, double)
 .text._Z17driveInWithPistonddd
                0x038025d8       0xb4 build/src/PID.o
                0x038025d8                driveInWithPiston(double, double, double)
 .text._GLOBAL__sub_I_PID.cpp
                0x0380268c       0x34 build/src/PID.o
 .text._Z12sortColorRedv
                0x038026c0       0xb8 build/src/other-functions.o
                0x038026c0                sortColorRed()
 .text._Z13sortColorBluev
                0x03802778       0xc0 build/src/other-functions.o
                0x03802778                sortColorBlue()
 .text._GLOBAL__sub_I_other_functions.cpp
                0x03802838       0x90 build/src/other-functions.o
 .text._ZNSt6vectorIdSaIdEED2Ev
                0x038028c8       0x24 build/src/pure-pursuit.o
                0x038028c8                std::vector<double, std::allocator<double> >::~vector()
 .text._GLOBAL__sub_I_pure_pursuit.cpp
                0x038028ec       0xa0 build/src/pure-pursuit.o
 .text._ZN3vex11motor_groupC2IJNS_5motorES2_EEERS2_DpRT_
                0x0380298c       0x44 build/src/robot-config.o
                0x0380298c                vex::motor_group::motor_group<vex::motor, vex::motor>(vex::motor&, vex::motor&, vex::motor&)
 .text._Z33rc_auto_loop_function_Controller1v
                0x038029d0      0x200 build/src/robot-config.o
                0x038029d0                rc_auto_loop_function_Controller1()
 .text._Z11vexcodeInitv
                0x03802bd0       0x90 build/src/robot-config.o
                0x03802bd0                vexcodeInit()
 .text._GLOBAL__sub_I_robot_config.cpp
                0x03802c60      0x5c0 build/src/robot-config.o
 .text._Z16positionTrackingv
                0x03803220      0x7dc build/src/odometry.o
                0x03803220                positionTracking()
 .text._Z16setDrivePositiondd
                0x038039fc       0x28 build/src/odometry.o
                0x038039fc                setDrivePosition(double, double)
 *fill*         0x03803a24        0x4 
 .text._Z14turnToPositionddN3vex13directionTypeE
                0x03803a28       0xd8 build/src/odometry.o
                0x03803a28                turnToPosition(double, double, vex::directionType)
 .text._Z15driveToPositionddN3vex13directionTypeE
                0x03803b00      0x110 build/src/odometry.o
                0x03803b00                driveToPosition(double, double, vex::directionType)
 .text._GLOBAL__sub_I_odometry.cpp
                0x03803c10       0x74 build/src/odometry.o
 .text._GLOBAL__sub_I_not_pure_pursuit.cpp
                0x03803c84       0x34 build/src/not-pure-pursuit.o
 .text._Z10intakeFillv
                0x03803cb8       0x90 build/src/user-control.o
                0x03803cb8                intakeFill()
 .text._Z7outtakev
                0x03803d48       0xc8 build/src/user-control.o
                0x03803d48                outtake()
 .text._Z10intakeLongv
                0x03803e10       0x84 build/src/user-control.o
                0x03803e10                intakeLong()
 *fill*         0x03803e94        0x4 
 .text._Z12intakeMediumv
                0x03803e98       0x90 build/src/user-control.o
                0x03803e98                intakeMedium()
 .text._Z11stopIntakesv
                0x03803f28       0x40 build/src/user-control.o
                0x03803f28                stopIntakes()
 .text._Z7setWingv
                0x03803f68       0x28 build/src/user-control.o
                0x03803f68                setWing()
 .text._Z10setDescorev
                0x03803f90       0x28 build/src/user-control.o
                0x03803f90                setDescore()
 .text._Z15setIntakePistonv
                0x03803fb8       0x28 build/src/user-control.o
                0x03803fb8                setIntakePiston()
 .text._Z8runAutonv
                0x03803fe0       0xa8 build/src/user-control.o
                0x03803fe0                runAuton()
 .text._Z8setSpeedv
                0x03804088       0x34 build/src/user-control.o
                0x03804088                setSpeed()
 .text._Z8setColorv
                0x038040bc       0xd0 build/src/user-control.o
                0x038040bc                setColor()
 *fill*         0x0380418c        0x4 
 .text._Z11usercontrolv
                0x03804190      0x450 build/src/user-control.o
                0x03804190                usercontrol()
 .text._GLOBAL__sub_I_user_control.cpp
                0x038045e0       0x34 build/src/user-control.o
 *fill*         0x03804614        0x4 
 .text._Z15validateHeadingd
                0x03804618       0x48 build/src/curvature.o
                0x03804618                validateHeading(double)
 .text._GLOBAL__sub_I_curvature.cpp
                0x03804660       0x34 build/src/curvature.o
 *fill*         0x03804694        0x4 
 .text._Z9pre_autonv
                0x03804698       0x60 build/src/pre-auton.o
                0x03804698                pre_auton()
 .text._GLOBAL__sub_I_pre_auton.cpp
                0x038046f8       0x34 build/src/pre-auton.o
 .text._Z9selectionv
                0x0380472c       0xd4 build/src/auton-selector.o
                0x0380472c                selection()
 .text._Z13field_stripesv
                0x03804800       0x74 build/src/auton-selector.o
                0x03804800                field_stripes()
 .text._Z9end_zonesv
                0x03804874       0x9c build/src/auton-selector.o
                0x03804874                end_zones()
 .text._Z5goalsv
                0x03804910      0x148 build/src/auton-selector.o
                0x03804910                goals()
 .text._Z12block_thingsv
                0x03804a58      0x32c build/src/auton-selector.o
                0x03804a58                block_things()
 .text._Z6loaderv
                0x03804d84      0x124 build/src/auton-selector.o
                0x03804d84                loader()
 .text._Z8graphicsv
                0x03804ea8       0x6c build/src/auton-selector.o
                0x03804ea8                graphics()
 .text._Z10clear_menuv
                0x03804f14       0x70 build/src/auton-selector.o
                0x03804f14                clear_menu()
 .text._Z14displayOptionsPKcS0_S0_S0_
                0x03804f84       0x9c build/src/auton-selector.o
                0x03804f84                displayOptions(char const*, char const*, char const*, char const*)
 .text._ZNSt6vectorIPKcSaIS1_EED2Ev
                0x03805020       0x24 build/src/auton-selector.o
                0x03805020                std::vector<char const*, std::allocator<char const*> >::~vector()
 .text._Z8setAutonPKcS0_S0_S0_
                0x03805044      0x164 build/src/auton-selector.o
                0x03805044                setAuton(char const*, char const*, char const*, char const*)
 .text._Z5touchv
                0x038051a8      0xb10 build/src/auton-selector.o
                0x038051a8                touch()
 .text._Z10selectablev
                0x03805cb8       0x10 build/src/auton-selector.o
                0x03805cb8                selectable()
 .text._ZNSt6vectorIPKcSaIS1_EE13_M_assign_auxIPKS1_EEvT_S7_St20forward_iterator_tag
                0x03805cc8       0xf8 build/src/auton-selector.o
                0x03805cc8                void std::vector<char const*, std::allocator<char const*> >::_M_assign_aux<char const* const*>(char const* const*, char const* const*, std::forward_iterator_tag)
 .text._ZNSt12_Vector_baseIPKcSaIS1_EE11_M_allocateEj
                0x03805dc0       0x30 build/src/auton-selector.o
                0x03805dc0                std::_Vector_base<char const*, std::allocator<char const*> >::_M_allocate(unsigned int)
 .text._GLOBAL__sub_I_auton_selector.cpp
                0x03805df0       0x60 build/src/auton-selector.o
 .text.vexMain  0x03805e50       0xb0 c:\Users\br-98\AppData\Roaming\Code\User\globalStorage\vexrobotics.vexcode\sdk\cpp\V5\V5_20240802_15_00_00/vexv5\libv5rt.a(v5_startup.c.obj)
                0x03805e50                vexMain
 .text.__vex_function_prolog
                0x03805f00       0x18 c:\Users\br-98\AppData\Roaming\Code\User\globalStorage\vexrobotics.vexcode\sdk\cpp\V5\V5_20240802_15_00_00/vexv5\libv5rt.a(v5_startup.c.obj)
                0x03805f00                __vex_function_prolog
 .text._init    0x03805f18        0x4 c:\Users\br-98\AppData\Roaming\Code\User\globalStorage\vexrobotics.vexcode\sdk\cpp\V5\V5_20240802_15_00_00/vexv5\libv5rt.a(v5_startup.c.obj)
                0x03805f18                _init
 .text._fini    0x03805f1c        0x4 c:\Users\br-98\AppData\Roaming\Code\User\globalStorage\vexrobotics.vexcode\sdk\cpp\V5\V5_20240802_15_00_00/vexv5\libv5rt.a(v5_startup.c.obj)
                0x03805f1c                _fini
 .text.vexStdlibVersionLinked
                0x03805f20        0xc c:\Users\br-98\AppData\Roaming\Code\User\globalStorage\vexrobotics.vexcode\sdk\cpp\V5\V5_20240802_15_00_00/vexv5\libv5rt.a(v5_util.c.obj)
                0x03805f20                vexStdlibVersionLinked
 .text.vexStdlibVersionVerify
                0x03805f2c       0x30 c:\Users\br-98\AppData\Roaming\Code\User\globalStorage\vexrobotics.vexcode\sdk\cpp\V5\V5_20240802_15_00_00/vexv5\libv5rt.a(v5_util.c.obj)
                0x03805f2c                vexStdlibVersionVerify
 .text.vexPrivateApiEnable
                0x03805f5c       0x10 c:\Users\br-98\AppData\Roaming\Code\User\globalStorage\vexrobotics.vexcode\sdk\cpp\V5\V5_20240802_15_00_00/vexv5\libv5rt.a(v5_apijump.c.obj)
                0x03805f5c                vexPrivateApiEnable
 .text.vexStdlibMismatchError
                0x03805f6c       0x3c c:\Users\br-98\AppData\Roaming\Code\User\globalStorage\vexrobotics.vexcode\sdk\cpp\V5\V5_20240802_15_00_00/vexv5\libv5rt.a(v5_apijump.c.obj)
                0x03805f6c                vexStdlibMismatchError
 .text.vexTaskAdd
                0x03805fa8       0x10 c:\Users\br-98\AppData\Roaming\Code\User\globalStorage\vexrobotics.vexcode\sdk\cpp\V5\V5_20240802_15_00_00/vexv5\libv5rt.a(v5_apijump.c.obj)
                0x03805fa8                vexTaskAdd
 .text.vexTasksRun
                0x03805fb8       0x10 c:\Users\br-98\AppData\Roaming\Code\User\globalStorage\vexrobotics.vexcode\sdk\cpp\V5\V5_20240802_15_00_00/vexv5\libv5rt.a(v5_apijump.c.obj)
                0x03805fb8                vexTasksRun
 .text.vexTaskYield
                0x03805fc8       0x10 c:\Users\br-98\AppData\Roaming\Code\User\globalStorage\vexrobotics.vexcode\sdk\cpp\V5\V5_20240802_15_00_00/vexv5\libv5rt.a(v5_apijump.c.obj)
                0x03805fc8                vexTaskYield
 .text.vexTaskCheckTimeslice
                0x03805fd8       0x10 c:\Users\br-98\AppData\Roaming\Code\User\globalStorage\vexrobotics.vexcode\sdk\cpp\V5\V5_20240802_15_00_00/vexv5\libv5rt.a(v5_apijump.c.obj)
                0x03805fd8                vexTaskCheckTimeslice
 .text.vexTaskSleep
                0x03805fe8       0x10 c:\Users\br-98\AppData\Roaming\Code\User\globalStorage\vexrobotics.vexcode\sdk\cpp\V5\V5_20240802_15_00_00/vexv5\libv5rt.a(v5_apijump.c.obj)
                0x03805fe8                vexTaskSleep
 .text.vexTasksDump
                0x03805ff8       0x1c c:\Users\br-98\AppData\Roaming\Code\User\globalStorage\vexrobotics.vexcode\sdk\cpp\V5\V5_20240802_15_00_00/vexv5\libv5rt.a(v5_apijump.c.obj)
                0x03805ff8                vexTasksDump
 .text.vexTaskGetTaskIndex
                0x03806014       0x10 c:\Users\br-98\AppData\Roaming\Code\User\globalStorage\vexrobotics.vexcode\sdk\cpp\V5\V5_20240802_15_00_00/vexv5\libv5rt.a(v5_apijump.c.obj)
                0x03806014                vexTaskGetTaskIndex
 .text.vexTaskStopAll
                0x03806024       0x10 c:\Users\br-98\AppData\Roaming\Code\User\globalStorage\vexrobotics.vexcode\sdk\cpp\V5\V5_20240802_15_00_00/vexv5\libv5rt.a(v5_apijump.c.obj)
                0x03806024                vexTaskStopAll
 .text.vexTaskRemoveAllUser
                0x03806034       0x34 c:\Users\br-98\AppData\Roaming\Code\User\globalStorage\vexrobotics.vexcode\sdk\cpp\V5\V5_20240802_15_00_00/vexv5\libv5rt.a(v5_apijump.c.obj)
                0x03806034                vexTaskRemoveAllUser
 .text.vexTaskCompletionIdSet
                0x03806068       0x10 c:\Users\br-98\AppData\Roaming\Code\User\globalStorage\vexrobotics.vexcode\sdk\cpp\V5\V5_20240802_15_00_00/vexv5\libv5rt.a(v5_apijump.c.obj)
                0x03806068                vexTaskCompletionIdSet
 .text.vexTaskStopWithId
                0x03806078       0x10 c:\Users\br-98\AppData\Roaming\Code\User\globalStorage\vexrobotics.vexcode\sdk\cpp\V5\V5_20240802_15_00_00/vexv5\libv5rt.a(v5_apijump.c.obj)
                0x03806078                vexTaskStopWithId
 .text.vexTaskSuspendWithId
                0x03806088       0x10 c:\Users\br-98\AppData\Roaming\Code\User\globalStorage\vexrobotics.vexcode\sdk\cpp\V5\V5_20240802_15_00_00/vexv5\libv5rt.a(v5_apijump.c.obj)
                0x03806088                vexTaskSuspendWithId
 .text.vexTaskResumeWithId
                0x03806098       0x10 c:\Users\br-98\AppData\Roaming\Code\User\globalStorage\vexrobotics.vexcode\sdk\cpp\V5\V5_20240802_15_00_00/vexv5\libv5rt.a(v5_apijump.c.obj)
                0x03806098                vexTaskResumeWithId
 .text.vexCriticalSection
                0x038060a8       0x2c c:\Users\br-98\AppData\Roaming\Code\User\globalStorage\vexrobotics.vexcode\sdk\cpp\V5\V5_20240802_15_00_00/vexv5\libv5rt.a(v5_apijump.c.obj)
                0x038060a8                vexCriticalSection
 .text.vexEventAdd
                0x038060d4       0x34 c:\Users\br-98\AppData\Roaming\Code\User\globalStorage\vexrobotics.vexcode\sdk\cpp\V5\V5_20240802_15_00_00/vexv5\libv5rt.a(v5_apijump.c.obj)
                0x038060d4                vexEventAdd
 .text.vexEventUserIndexGet
                0x03806108       0x1c c:\Users\br-98\AppData\Roaming\Code\User\globalStorage\vexrobotics.vexcode\sdk\cpp\V5\V5_20240802_15_00_00/vexv5\libv5rt.a(v5_apijump.c.obj)
                0x03806108                vexEventUserIndexGet
 .text.vexEventAddWithArg
                0x03806124       0x3c c:\Users\br-98\AppData\Roaming\Code\User\globalStorage\vexrobotics.vexcode\sdk\cpp\V5\V5_20240802_15_00_00/vexv5\libv5rt.a(v5_apijump.c.obj)
                0x03806124                vexEventAddWithArg
 .text.vexEventsCleanup
                0x03806160       0x2c c:\Users\br-98\AppData\Roaming\Code\User\globalStorage\vexrobotics.vexcode\sdk\cpp\V5\V5_20240802_15_00_00/vexv5\libv5rt.a(v5_apijump.c.obj)
                0x03806160                vexEventsCleanup
 .text.vexDebug
                0x0380618c       0x38 c:\Users\br-98\AppData\Roaming\Code\User\globalStorage\vexrobotics.vexcode\sdk\cpp\V5\V5_20240802_15_00_00/vexv5\libv5rt.a(v5_apijump.c.obj)
                0x0380618c                vexDebug
 .text.vex_sprintf
                0x038061c4       0x40 c:\Users\br-98\AppData\Roaming\Code\User\globalStorage\vexrobotics.vexcode\sdk\cpp\V5\V5_20240802_15_00_00/vexv5\libv5rt.a(v5_apijump.c.obj)
                0x038061c4                vex_sprintf
 .text.vex_vsnprintf
                0x03806204       0x3c c:\Users\br-98\AppData\Roaming\Code\User\globalStorage\vexrobotics.vexcode\sdk\cpp\V5\V5_20240802_15_00_00/vexv5\libv5rt.a(v5_apijump.c.obj)
                0x03806204                vex_vsnprintf
 .text.vexSystemTimeGet
                0x03806240       0x1c c:\Users\br-98\AppData\Roaming\Code\User\globalStorage\vexrobotics.vexcode\sdk\cpp\V5\V5_20240802_15_00_00/vexv5\libv5rt.a(v5_apijump.c.obj)
                0x03806240                vexSystemTimeGet
 .text.vexSystemExitRequest
                0x0380625c       0x1c c:\Users\br-98\AppData\Roaming\Code\User\globalStorage\vexrobotics.vexcode\sdk\cpp\V5\V5_20240802_15_00_00/vexv5\libv5rt.a(v5_apijump.c.obj)
                0x0380625c                vexSystemExitRequest
 .text.vexDeviceGetByIndex
                0x03806278       0x24 c:\Users\br-98\AppData\Roaming\Code\User\globalStorage\vexrobotics.vexcode\sdk\cpp\V5\V5_20240802_15_00_00/vexv5\libv5rt.a(v5_apijump.c.obj)
                0x03806278                vexDeviceGetByIndex
 .text.vexControllerGet
                0x0380629c       0x2c c:\Users\br-98\AppData\Roaming\Code\User\globalStorage\vexrobotics.vexcode\sdk\cpp\V5\V5_20240802_15_00_00/vexv5\libv5rt.a(v5_apijump.c.obj)
                0x0380629c                vexControllerGet
 .text.vexControllerTextSet
                0x038062c8       0x74 c:\Users\br-98\AppData\Roaming\Code\User\globalStorage\vexrobotics.vexcode\sdk\cpp\V5\V5_20240802_15_00_00/vexv5\libv5rt.a(v5_apijump.c.obj)
                0x038062c8                vexControllerTextSet
 .text.vexDeviceAdiPortConfigSet
                0x0380633c       0x34 c:\Users\br-98\AppData\Roaming\Code\User\globalStorage\vexrobotics.vexcode\sdk\cpp\V5\V5_20240802_15_00_00/vexv5\libv5rt.a(v5_apijump.c.obj)
                0x0380633c                vexDeviceAdiPortConfigSet
 .text.vexDeviceAdiPortConfigGet
                0x03806370       0x2c c:\Users\br-98\AppData\Roaming\Code\User\globalStorage\vexrobotics.vexcode\sdk\cpp\V5\V5_20240802_15_00_00/vexv5\libv5rt.a(v5_apijump.c.obj)
                0x03806370                vexDeviceAdiPortConfigGet
 .text.vexDeviceAdiValueSet
                0x0380639c       0x34 c:\Users\br-98\AppData\Roaming\Code\User\globalStorage\vexrobotics.vexcode\sdk\cpp\V5\V5_20240802_15_00_00/vexv5\libv5rt.a(v5_apijump.c.obj)
                0x0380639c                vexDeviceAdiValueSet
 .text.vexDeviceMotorVelocitySet
                0x038063d0       0x2c c:\Users\br-98\AppData\Roaming\Code\User\globalStorage\vexrobotics.vexcode\sdk\cpp\V5\V5_20240802_15_00_00/vexv5\libv5rt.a(v5_apijump.c.obj)
                0x038063d0                vexDeviceMotorVelocitySet
 .text.vexDeviceMotorVelocityGet
                0x038063fc       0x24 c:\Users\br-98\AppData\Roaming\Code\User\globalStorage\vexrobotics.vexcode\sdk\cpp\V5\V5_20240802_15_00_00/vexv5\libv5rt.a(v5_apijump.c.obj)
                0x038063fc                vexDeviceMotorVelocityGet
 .text.vexDeviceMotorActualVelocityGet
                0x03806420       0x24 c:\Users\br-98\AppData\Roaming\Code\User\globalStorage\vexrobotics.vexcode\sdk\cpp\V5\V5_20240802_15_00_00/vexv5\libv5rt.a(v5_apijump.c.obj)
                0x03806420                vexDeviceMotorActualVelocityGet
 .text.vexDeviceMotorModeGet
                0x03806444       0x24 c:\Users\br-98\AppData\Roaming\Code\User\globalStorage\vexrobotics.vexcode\sdk\cpp\V5\V5_20240802_15_00_00/vexv5\libv5rt.a(v5_apijump.c.obj)
                0x03806444                vexDeviceMotorModeGet
 .text.vexDeviceMotorTemperatureGet
                0x03806468       0x24 c:\Users\br-98\AppData\Roaming\Code\User\globalStorage\vexrobotics.vexcode\sdk\cpp\V5\V5_20240802_15_00_00/vexv5\libv5rt.a(v5_apijump.c.obj)
                0x03806468                vexDeviceMotorTemperatureGet
 .text.vexDeviceMotorZeroPositionFlagGet
                0x0380648c       0x24 c:\Users\br-98\AppData\Roaming\Code\User\globalStorage\vexrobotics.vexcode\sdk\cpp\V5\V5_20240802_15_00_00/vexv5\libv5rt.a(v5_apijump.c.obj)
                0x0380648c                vexDeviceMotorZeroPositionFlagGet
 .text.vexDeviceMotorReverseFlagSet
                0x038064b0       0x2c c:\Users\br-98\AppData\Roaming\Code\User\globalStorage\vexrobotics.vexcode\sdk\cpp\V5\V5_20240802_15_00_00/vexv5\libv5rt.a(v5_apijump.c.obj)
                0x038064b0                vexDeviceMotorReverseFlagSet
 .text.vexDeviceMotorEncoderUnitsSet
                0x038064dc       0x2c c:\Users\br-98\AppData\Roaming\Code\User\globalStorage\vexrobotics.vexcode\sdk\cpp\V5\V5_20240802_15_00_00/vexv5\libv5rt.a(v5_apijump.c.obj)
                0x038064dc                vexDeviceMotorEncoderUnitsSet
 .text.vexDeviceMotorBrakeModeSet
                0x03806508       0x2c c:\Users\br-98\AppData\Roaming\Code\User\globalStorage\vexrobotics.vexcode\sdk\cpp\V5\V5_20240802_15_00_00/vexv5\libv5rt.a(v5_apijump.c.obj)
                0x03806508                vexDeviceMotorBrakeModeSet
 .text.vexDeviceMotorPositionSet
                0x03806534       0x34 c:\Users\br-98\AppData\Roaming\Code\User\globalStorage\vexrobotics.vexcode\sdk\cpp\V5\V5_20240802_15_00_00/vexv5\libv5rt.a(v5_apijump.c.obj)
                0x03806534                vexDeviceMotorPositionSet
 .text.vexDeviceMotorRelativeTargetSet
                0x03806568       0x3c c:\Users\br-98\AppData\Roaming\Code\User\globalStorage\vexrobotics.vexcode\sdk\cpp\V5\V5_20240802_15_00_00/vexv5\libv5rt.a(v5_apijump.c.obj)
                0x03806568                vexDeviceMotorRelativeTargetSet
 .text.vexDeviceMotorGearingSet
                0x038065a4       0x2c c:\Users\br-98\AppData\Roaming\Code\User\globalStorage\vexrobotics.vexcode\sdk\cpp\V5\V5_20240802_15_00_00/vexv5\libv5rt.a(v5_apijump.c.obj)
                0x038065a4                vexDeviceMotorGearingSet
 .text.vexDeviceMotorGearingGet
                0x038065d0       0x24 c:\Users\br-98\AppData\Roaming\Code\User\globalStorage\vexrobotics.vexcode\sdk\cpp\V5\V5_20240802_15_00_00/vexv5\libv5rt.a(v5_apijump.c.obj)
                0x038065d0                vexDeviceMotorGearingGet
 .text.vexDeviceImuReset
                0x038065f4       0x24 c:\Users\br-98\AppData\Roaming\Code\User\globalStorage\vexrobotics.vexcode\sdk\cpp\V5\V5_20240802_15_00_00/vexv5\libv5rt.a(v5_apijump.c.obj)
                0x038065f4                vexDeviceImuReset
 .text.vexDeviceImuHeadingGet
                0x03806618       0x24 c:\Users\br-98\AppData\Roaming\Code\User\globalStorage\vexrobotics.vexcode\sdk\cpp\V5\V5_20240802_15_00_00/vexv5\libv5rt.a(v5_apijump.c.obj)
                0x03806618                vexDeviceImuHeadingGet
 .text.vexDeviceImuDegreesGet
                0x0380663c       0x24 c:\Users\br-98\AppData\Roaming\Code\User\globalStorage\vexrobotics.vexcode\sdk\cpp\V5\V5_20240802_15_00_00/vexv5\libv5rt.a(v5_apijump.c.obj)
                0x0380663c                vexDeviceImuDegreesGet
 .text.vexDeviceImuAttitudeGet
                0x03806660       0x2c c:\Users\br-98\AppData\Roaming\Code\User\globalStorage\vexrobotics.vexcode\sdk\cpp\V5\V5_20240802_15_00_00/vexv5\libv5rt.a(v5_apijump.c.obj)
                0x03806660                vexDeviceImuAttitudeGet
 .text.vexDeviceImuStatusGet
                0x0380668c       0x24 c:\Users\br-98\AppData\Roaming\Code\User\globalStorage\vexrobotics.vexcode\sdk\cpp\V5\V5_20240802_15_00_00/vexv5\libv5rt.a(v5_apijump.c.obj)
                0x0380668c                vexDeviceImuStatusGet
 .text.vexDeviceAbsEncPositionSet
                0x038066b0       0x2c c:\Users\br-98\AppData\Roaming\Code\User\globalStorage\vexrobotics.vexcode\sdk\cpp\V5\V5_20240802_15_00_00/vexv5\libv5rt.a(v5_apijump.c.obj)
                0x038066b0                vexDeviceAbsEncPositionSet
 .text.vexDeviceAbsEncPositionGet
                0x038066dc       0x24 c:\Users\br-98\AppData\Roaming\Code\User\globalStorage\vexrobotics.vexcode\sdk\cpp\V5\V5_20240802_15_00_00/vexv5\libv5rt.a(v5_apijump.c.obj)
                0x038066dc                vexDeviceAbsEncPositionGet
 .text.vexDeviceAbsEncAngleGet
                0x03806700       0x24 c:\Users\br-98\AppData\Roaming\Code\User\globalStorage\vexrobotics.vexcode\sdk\cpp\V5\V5_20240802_15_00_00/vexv5\libv5rt.a(v5_apijump.c.obj)
                0x03806700                vexDeviceAbsEncAngleGet
 .text.vexDeviceAbsEncReverseFlagSet
                0x03806724       0x2c c:\Users\br-98\AppData\Roaming\Code\User\globalStorage\vexrobotics.vexcode\sdk\cpp\V5\V5_20240802_15_00_00/vexv5\libv5rt.a(v5_apijump.c.obj)
                0x03806724                vexDeviceAbsEncReverseFlagSet
 .text.vexDeviceOpticalHueGet
                0x03806750       0x24 c:\Users\br-98\AppData\Roaming\Code\User\globalStorage\vexrobotics.vexcode\sdk\cpp\V5\V5_20240802_15_00_00/vexv5\libv5rt.a(v5_apijump.c.obj)
                0x03806750                vexDeviceOpticalHueGet
 .text.vexDeviceOpticalLedPwmSet
                0x03806774       0x2c c:\Users\br-98\AppData\Roaming\Code\User\globalStorage\vexrobotics.vexcode\sdk\cpp\V5\V5_20240802_15_00_00/vexv5\libv5rt.a(v5_apijump.c.obj)
                0x03806774                vexDeviceOpticalLedPwmSet
 .text.vexDeviceOpticalGestureEnable
                0x038067a0       0x24 c:\Users\br-98\AppData\Roaming\Code\User\globalStorage\vexrobotics.vexcode\sdk\cpp\V5\V5_20240802_15_00_00/vexv5\libv5rt.a(v5_apijump.c.obj)
                0x038067a0                vexDeviceOpticalGestureEnable
 .text.vexDeviceOpticalGestureDisable
                0x038067c4       0x24 c:\Users\br-98\AppData\Roaming\Code\User\globalStorage\vexrobotics.vexcode\sdk\cpp\V5\V5_20240802_15_00_00/vexv5\libv5rt.a(v5_apijump.c.obj)
                0x038067c4                vexDeviceOpticalGestureDisable
 .text.vexDeviceOpticalProximityThreshold
                0x038067e8       0x2c c:\Users\br-98\AppData\Roaming\Code\User\globalStorage\vexrobotics.vexcode\sdk\cpp\V5\V5_20240802_15_00_00/vexv5\libv5rt.a(v5_apijump.c.obj)
                0x038067e8                vexDeviceOpticalProximityThreshold
 .text.vexDeviceGpsReset
                0x03806814       0x38 c:\Users\br-98\AppData\Roaming\Code\User\globalStorage\vexrobotics.vexcode\sdk\cpp\V5\V5_20240802_15_00_00/vexv5\libv5rt.a(v5_apijump.c.obj)
                0x03806814                vexDeviceGpsReset
 .text.vexDeviceGpsHeadingGet
                0x0380684c       0x44 c:\Users\br-98\AppData\Roaming\Code\User\globalStorage\vexrobotics.vexcode\sdk\cpp\V5\V5_20240802_15_00_00/vexv5\libv5rt.a(v5_apijump.c.obj)
                0x0380684c                vexDeviceGpsHeadingGet
 .text.vexDeviceGpsDegreesGet
                0x03806890       0x44 c:\Users\br-98\AppData\Roaming\Code\User\globalStorage\vexrobotics.vexcode\sdk\cpp\V5\V5_20240802_15_00_00/vexv5\libv5rt.a(v5_apijump.c.obj)
                0x03806890                vexDeviceGpsDegreesGet
 .text.vexDeviceGpsAttitudeGet
                0x038068d4      0x198 c:\Users\br-98\AppData\Roaming\Code\User\globalStorage\vexrobotics.vexcode\sdk\cpp\V5\V5_20240802_15_00_00/vexv5\libv5rt.a(v5_apijump.c.obj)
                0x038068d4                vexDeviceGpsAttitudeGet
 .text.vexDeviceGpsStatusGet
                0x03806a6c       0x40 c:\Users\br-98\AppData\Roaming\Code\User\globalStorage\vexrobotics.vexcode\sdk\cpp\V5\V5_20240802_15_00_00/vexv5\libv5rt.a(v5_apijump.c.obj)
                0x03806a6c                vexDeviceGpsStatusGet
 .text.vexDeviceGpsModeSet
                0x03806aac       0x40 c:\Users\br-98\AppData\Roaming\Code\User\globalStorage\vexrobotics.vexcode\sdk\cpp\V5\V5_20240802_15_00_00/vexv5\libv5rt.a(v5_apijump.c.obj)
                0x03806aac                vexDeviceGpsModeSet
 .text.vexDeviceGpsRotationSet
                0x03806aec       0x48 c:\Users\br-98\AppData\Roaming\Code\User\globalStorage\vexrobotics.vexcode\sdk\cpp\V5\V5_20240802_15_00_00/vexv5\libv5rt.a(v5_apijump.c.obj)
                0x03806aec                vexDeviceGpsRotationSet
 .text.vexDeviceGpsRotationGet
                0x03806b34       0x44 c:\Users\br-98\AppData\Roaming\Code\User\globalStorage\vexrobotics.vexcode\sdk\cpp\V5\V5_20240802_15_00_00/vexv5\libv5rt.a(v5_apijump.c.obj)
                0x03806b34                vexDeviceGpsRotationGet
 .text.vexDisplayForegroundColor
                0x03806b78       0x24 c:\Users\br-98\AppData\Roaming\Code\User\globalStorage\vexrobotics.vexcode\sdk\cpp\V5\V5_20240802_15_00_00/vexv5\libv5rt.a(v5_apijump.c.obj)
                0x03806b78                vexDisplayForegroundColor
 .text.vexDisplayBackgroundColor
                0x03806b9c       0x24 c:\Users\br-98\AppData\Roaming\Code\User\globalStorage\vexrobotics.vexcode\sdk\cpp\V5\V5_20240802_15_00_00/vexv5\libv5rt.a(v5_apijump.c.obj)
                0x03806b9c                vexDisplayBackgroundColor
 .text.vexDisplayBackgroundColorGet
                0x03806bc0       0x1c c:\Users\br-98\AppData\Roaming\Code\User\globalStorage\vexrobotics.vexcode\sdk\cpp\V5\V5_20240802_15_00_00/vexv5\libv5rt.a(v5_apijump.c.obj)
                0x03806bc0                vexDisplayBackgroundColorGet
 .text.vexDisplayPixelSet
                0x03806bdc       0x38 c:\Users\br-98\AppData\Roaming\Code\User\globalStorage\vexrobotics.vexcode\sdk\cpp\V5\V5_20240802_15_00_00/vexv5\libv5rt.a(v5_apijump.c.obj)
                0x03806bdc                vexDisplayPixelSet
 .text.vexDisplayLineDraw
                0x03806c14       0x4c c:\Users\br-98\AppData\Roaming\Code\User\globalStorage\vexrobotics.vexcode\sdk\cpp\V5\V5_20240802_15_00_00/vexv5\libv5rt.a(v5_apijump.c.obj)
                0x03806c14                vexDisplayLineDraw
 .text.vexDisplayRectDraw
                0x03806c60       0x4c c:\Users\br-98\AppData\Roaming\Code\User\globalStorage\vexrobotics.vexcode\sdk\cpp\V5\V5_20240802_15_00_00/vexv5\libv5rt.a(v5_apijump.c.obj)
                0x03806c60                vexDisplayRectDraw
 .text.vexDisplayRectClear
                0x03806cac       0x4c c:\Users\br-98\AppData\Roaming\Code\User\globalStorage\vexrobotics.vexcode\sdk\cpp\V5\V5_20240802_15_00_00/vexv5\libv5rt.a(v5_apijump.c.obj)
                0x03806cac                vexDisplayRectClear
 .text.vexDisplayCircleDraw
                0x03806cf8       0x40 c:\Users\br-98\AppData\Roaming\Code\User\globalStorage\vexrobotics.vexcode\sdk\cpp\V5\V5_20240802_15_00_00/vexv5\libv5rt.a(v5_apijump.c.obj)
                0x03806cf8                vexDisplayCircleDraw
 .text.vexDisplayCircleClear
                0x03806d38       0x40 c:\Users\br-98\AppData\Roaming\Code\User\globalStorage\vexrobotics.vexcode\sdk\cpp\V5\V5_20240802_15_00_00/vexv5\libv5rt.a(v5_apijump.c.obj)
                0x03806d38                vexDisplayCircleClear
 .text.vexDisplayVPrintf
                0x03806d78       0x50 c:\Users\br-98\AppData\Roaming\Code\User\globalStorage\vexrobotics.vexcode\sdk\cpp\V5\V5_20240802_15_00_00/vexv5\libv5rt.a(v5_apijump.c.obj)
                0x03806d78                vexDisplayVPrintf
 .text.vexDisplayTextReference
                0x03806dc8       0x24 c:\Users\br-98\AppData\Roaming\Code\User\globalStorage\vexrobotics.vexcode\sdk\cpp\V5\V5_20240802_15_00_00/vexv5\libv5rt.a(v5_apijump.c.obj)
                0x03806dc8                vexDisplayTextReference
 .text.vexDisplayTextSize
                0x03806dec       0x2c c:\Users\br-98\AppData\Roaming\Code\User\globalStorage\vexrobotics.vexcode\sdk\cpp\V5\V5_20240802_15_00_00/vexv5\libv5rt.a(v5_apijump.c.obj)
                0x03806dec                vexDisplayTextSize
 .text.vexDisplayFontNamedSet
                0x03806e18       0x24 c:\Users\br-98\AppData\Roaming\Code\User\globalStorage\vexrobotics.vexcode\sdk\cpp\V5\V5_20240802_15_00_00/vexv5\libv5rt.a(v5_apijump.c.obj)
                0x03806e18                vexDisplayFontNamedSet
 .text.vexDisplayPenSizeGet
                0x03806e3c       0x1c c:\Users\br-98\AppData\Roaming\Code\User\globalStorage\vexrobotics.vexcode\sdk\cpp\V5\V5_20240802_15_00_00/vexv5\libv5rt.a(v5_apijump.c.obj)
                0x03806e3c                vexDisplayPenSizeGet
 .text.vexSystemStdlibImpureDataAddr
                0x03806e58       0x28 c:\Users\br-98\AppData\Roaming\Code\User\globalStorage\vexrobotics.vexcode\sdk\cpp\V5\V5_20240802_15_00_00/vexv5\libv5rt.a(v5_apijump.c.obj)
                0x03806e58                vexSystemStdlibImpureDataAddr
 .text.vexSystemStdlibImpureDataSize
                0x03806e80       0x28 c:\Users\br-98\AppData\Roaming\Code\User\globalStorage\vexrobotics.vexcode\sdk\cpp\V5\V5_20240802_15_00_00/vexv5\libv5rt.a(v5_apijump.c.obj)
                0x03806e80                vexSystemStdlibImpureDataSize
 .text.vexSystemSaveUserData
                0x03806ea8       0x3c c:\Users\br-98\AppData\Roaming\Code\User\globalStorage\vexrobotics.vexcode\sdk\cpp\V5\V5_20240802_15_00_00/vexv5\libv5rt.a(v5_apijump.c.obj)
                0x03806ea8                vexSystemSaveUserData
 .text.vexTouchDataGet
                0x03806ee4       0x10 c:\Users\br-98\AppData\Roaming\Code\User\globalStorage\vexrobotics.vexcode\sdk\cpp\V5\V5_20240802_15_00_00/vexv5\libv5rt.a(v5_apijump.c.obj)
                0x03806ee4                vexTouchDataGet
 .text.vexDisplayThemeIdGet
                0x03806ef4       0x38 c:\Users\br-98\AppData\Roaming\Code\User\globalStorage\vexrobotics.vexcode\sdk\cpp\V5\V5_20240802_15_00_00/vexv5\libv5rt.a(v5_apijump.c.obj)
                0x03806ef4                vexDisplayThemeIdGet
 .text.vexDisplayRender
                0x03806f2c       0x2c c:\Users\br-98\AppData\Roaming\Code\User\globalStorage\vexrobotics.vexcode\sdk\cpp\V5\V5_20240802_15_00_00/vexv5\libv5rt.a(v5_apijump.c.obj)
                0x03806f2c                vexDisplayRender
 .text.vexCompetitionStatus
                0x03806f58       0x1c c:\Users\br-98\AppData\Roaming\Code\User\globalStorage\vexrobotics.vexcode\sdk\cpp\V5\V5_20240802_15_00_00/vexv5\libv5rt.a(v5_apijump.c.obj)
                0x03806f58                vexCompetitionStatus
 .text.vexDeviceEventMaskSet
                0x03806f74       0x48 c:\Users\br-98\AppData\Roaming\Code\User\globalStorage\vexrobotics.vexcode\sdk\cpp\V5\V5_20240802_15_00_00/vexv5\libv5rt.a(v5_apijump.c.obj)
                0x03806f74                vexDeviceEventMaskSet
 .text.vexDeviceEventMaskGet
                0x03806fbc       0x3c c:\Users\br-98\AppData\Roaming\Code\User\globalStorage\vexrobotics.vexcode\sdk\cpp\V5\V5_20240802_15_00_00/vexv5\libv5rt.a(v5_apijump.c.obj)
                0x03806fbc                vexDeviceEventMaskGet
 .text.vexSystemVersion
                0x03806ff8       0x10 c:\Users\br-98\AppData\Roaming\Code\User\globalStorage\vexrobotics.vexcode\sdk\cpp\V5\V5_20240802_15_00_00/vexv5\libv5rt.a(v5_apiversions.c.obj)
                0x03806ff8                vexSystemVersion
 .text.vexStdlibVersion
                0x03807008       0x10 c:\Users\br-98\AppData\Roaming\Code\User\globalStorage\vexrobotics.vexcode\sdk\cpp\V5\V5_20240802_15_00_00/vexv5\libv5rt.a(v5_apiversions.c.obj)
                0x03807008                vexStdlibVersion
 .text._ZN3vex4waitEdNS_9timeUnitsE
                0x03807018       0x30 c:\Users\br-98\AppData\Roaming\Code\User\globalStorage\vexrobotics.vexcode\sdk\cpp\V5\V5_20240802_15_00_00/vexv5\libv5rt.a(vex_global.cpp.obj)
                0x03807018                vex::wait(double, vex::timeUnits)
 .text._ZN3vex5motorD2Ev
                0x03807048       0x20 c:\Users\br-98\AppData\Roaming\Code\User\globalStorage\vexrobotics.vexcode\sdk\cpp\V5\V5_20240802_15_00_00/vexv5\libv5rt.a(vex_motor.cpp.obj)
                0x03807048                vex::motor::~motor()
                0x03807048                vex::motor::~motor()
 .text._ZN3vex5motorD0Ev
                0x03807068       0x1c c:\Users\br-98\AppData\Roaming\Code\User\globalStorage\vexrobotics.vexcode\sdk\cpp\V5\V5_20240802_15_00_00/vexv5\libv5rt.a(vex_motor.cpp.obj)
                0x03807068                vex::motor::~motor()
 .text._ZN3vex5motor9installedEv
                0x03807084       0x18 c:\Users\br-98\AppData\Roaming\Code\User\globalStorage\vexrobotics.vexcode\sdk\cpp\V5\V5_20240802_15_00_00/vexv5\libv5rt.a(vex_motor.cpp.obj)
                0x03807084                vex::motor::installed()
 .text._ZN3vex5motor15defaultStoppingENS_9brakeTypeE
                0x0380709c       0x30 c:\Users\br-98\AppData\Roaming\Code\User\globalStorage\vexrobotics.vexcode\sdk\cpp\V5\V5_20240802_15_00_00/vexv5\libv5rt.a(vex_motor.cpp.obj)
                0x0380709c                vex::motor::defaultStopping(vex::brakeType)
 .text._ZN3vex5motor11setStoppingENS_9brakeTypeE
                0x038070cc        0x4 c:\Users\br-98\AppData\Roaming\Code\User\globalStorage\vexrobotics.vexcode\sdk\cpp\V5\V5_20240802_15_00_00/vexv5\libv5rt.a(vex_motor.cpp.obj)
                0x038070cc                vex::motor::setStopping(vex::brakeType)
 .text._ZN3vex5motorC2El
                0x038070d0       0x78 c:\Users\br-98\AppData\Roaming\Code\User\globalStorage\vexrobotics.vexcode\sdk\cpp\V5\V5_20240802_15_00_00/vexv5\libv5rt.a(vex_motor.cpp.obj)
                0x038070d0                vex::motor::motor(long)
                0x038070d0                vex::motor::motor(long)
 .text._ZN3vex5motorC2ElNS_11gearSettingEb
                0x03807148       0x34 c:\Users\br-98\AppData\Roaming\Code\User\globalStorage\vexrobotics.vexcode\sdk\cpp\V5\V5_20240802_15_00_00/vexv5\libv5rt.a(vex_motor.cpp.obj)
                0x03807148                vex::motor::motor(long, vex::gearSetting, bool)
                0x03807148                vex::motor::motor(long, vex::gearSetting, bool)
 .text._ZN3vex5motor14isSpinningModeEv
                0x0380717c       0x48 c:\Users\br-98\AppData\Roaming\Code\User\globalStorage\vexrobotics.vexcode\sdk\cpp\V5\V5_20240802_15_00_00/vexv5\libv5rt.a(vex_motor.cpp.obj)
                0x0380717c                vex::motor::isSpinningMode()
 .text._ZN3vex5motor10isSpinningEv
                0x038071c4       0x44 c:\Users\br-98\AppData\Roaming\Code\User\globalStorage\vexrobotics.vexcode\sdk\cpp\V5\V5_20240802_15_00_00/vexv5\libv5rt.a(vex_motor.cpp.obj)
                0x038071c4                vex::motor::isSpinning()
 .text._ZN3vex5motor4stopENS_9brakeTypeE
                0x03807208       0x30 c:\Users\br-98\AppData\Roaming\Code\User\globalStorage\vexrobotics.vexcode\sdk\cpp\V5\V5_20240802_15_00_00/vexv5\libv5rt.a(vex_motor.cpp.obj)
                0x03807208                vex::motor::stop(vex::brakeType)
 .text._ZN3vex5motor4stopEv
                0x03807238        0x8 c:\Users\br-98\AppData\Roaming\Code\User\globalStorage\vexrobotics.vexcode\sdk\cpp\V5\V5_20240802_15_00_00/vexv5\libv5rt.a(vex_motor.cpp.obj)
                0x03807238                vex::motor::stop()
 .text._ZN3vex5motor11temperatureENS_12percentUnitsE
                0x03807240       0x68 c:\Users\br-98\AppData\Roaming\Code\User\globalStorage\vexrobotics.vexcode\sdk\cpp\V5\V5_20240802_15_00_00/vexv5\libv5rt.a(vex_motor.cpp.obj)
                0x03807240                vex::motor::temperature(vex::percentUnits)
 .text._ZN3vex5motor16velocityToScaledEdNS_13velocityUnitsE
                0x038072a8       0x5c c:\Users\br-98\AppData\Roaming\Code\User\globalStorage\vexrobotics.vexcode\sdk\cpp\V5\V5_20240802_15_00_00/vexv5\libv5rt.a(vex_motor.cpp.obj)
                0x038072a8                vex::motor::velocityToScaled(double, vex::velocityUnits)
 .text._ZN3vex5motor8velocityENS_13velocityUnitsE
                0x03807304       0x30 c:\Users\br-98\AppData\Roaming\Code\User\globalStorage\vexrobotics.vexcode\sdk\cpp\V5\V5_20240802_15_00_00/vexv5\libv5rt.a(vex_motor.cpp.obj)
                0x03807304                vex::motor::velocity(vex::velocityUnits)
 .text._ZN3vex5motor5valueEv
                0x03807334       0x1c c:\Users\br-98\AppData\Roaming\Code\User\globalStorage\vexrobotics.vexcode\sdk\cpp\V5\V5_20240802_15_00_00/vexv5\libv5rt.a(vex_motor.cpp.obj)
                0x03807334                vex::motor::value()
 .text._ZN3vex5motor16scaledToVelocityEdNS_13velocityUnitsE
                0x03807350       0xa4 c:\Users\br-98\AppData\Roaming\Code\User\globalStorage\vexrobotics.vexcode\sdk\cpp\V5\V5_20240802_15_00_00/vexv5\libv5rt.a(vex_motor.cpp.obj)
                0x03807350                vex::motor::scaledToVelocity(double, vex::velocityUnits)
 .text._ZN3vex5motor4spinENS_13directionTypeEdNS_13velocityUnitsE
                0x038073f4       0x5c c:\Users\br-98\AppData\Roaming\Code\User\globalStorage\vexrobotics.vexcode\sdk\cpp\V5\V5_20240802_15_00_00/vexv5\libv5rt.a(vex_motor.cpp.obj)
                0x038073f4                vex::motor::spin(vex::directionType, double, vex::velocityUnits)
 .text._ZN3vex5motor4spinENS_13directionTypeE
                0x03807450       0x28 c:\Users\br-98\AppData\Roaming\Code\User\globalStorage\vexrobotics.vexcode\sdk\cpp\V5\V5_20240802_15_00_00/vexv5\libv5rt.a(vex_motor.cpp.obj)
                0x03807450                vex::motor::spin(vex::directionType)
 .text._ZN3vex5motor11setVelocityEdNS_13velocityUnitsE
                0x03807478       0x54 c:\Users\br-98\AppData\Roaming\Code\User\globalStorage\vexrobotics.vexcode\sdk\cpp\V5\V5_20240802_15_00_00/vexv5\libv5rt.a(vex_motor.cpp.obj)
                0x03807478                vex::motor::setVelocity(double, vex::velocityUnits)
 .text._ZN3vex5motor16setRotationUnitsENS_13rotationUnitsE
                0x038074cc       0x1c c:\Users\br-98\AppData\Roaming\Code\User\globalStorage\vexrobotics.vexcode\sdk\cpp\V5\V5_20240802_15_00_00/vexv5\libv5rt.a(vex_motor.cpp.obj)
                0x038074cc                vex::motor::setRotationUnits(vex::rotationUnits)
 .text._ZN3vex5motor7spinForEdNS_13rotationUnitsEdNS_13velocityUnitsEb
                0x038074e8       0xf4 c:\Users\br-98\AppData\Roaming\Code\User\globalStorage\vexrobotics.vexcode\sdk\cpp\V5\V5_20240802_15_00_00/vexv5\libv5rt.a(vex_motor.cpp.obj)
                0x038074e8                vex::motor::spinFor(double, vex::rotationUnits, double, vex::velocityUnits, bool)
 .text._ZN3vex5motor7spinForENS_13directionTypeEdNS_13rotationUnitsEdNS_13velocityUnitsEb
                0x038075dc       0x34 c:\Users\br-98\AppData\Roaming\Code\User\globalStorage\vexrobotics.vexcode\sdk\cpp\V5\V5_20240802_15_00_00/vexv5\libv5rt.a(vex_motor.cpp.obj)
                0x038075dc                vex::motor::spinFor(vex::directionType, double, vex::rotationUnits, double, vex::velocityUnits, bool)
 .text._ZN3vex5motor7spinForENS_13directionTypeEdNS_13rotationUnitsEb
                0x03807610       0x3c c:\Users\br-98\AppData\Roaming\Code\User\globalStorage\vexrobotics.vexcode\sdk\cpp\V5\V5_20240802_15_00_00/vexv5\libv5rt.a(vex_motor.cpp.obj)
                0x03807610                vex::motor::spinFor(vex::directionType, double, vex::rotationUnits, bool)
 .text._ZN3vex8inertial11getTurnTypeEv
                0x0380764c        0x8 c:\Users\br-98\AppData\Roaming\Code\User\globalStorage\vexrobotics.vexcode\sdk\cpp\V5\V5_20240802_15_00_00/vexv5\libv5rt.a(vex_imu.cpp.obj)
                0x0380764c                vex::inertial::getTurnType()
 .text._ZThn16_N3vex8inertial11getTurnTypeEv
                0x03807654        0x8 c:\Users\br-98\AppData\Roaming\Code\User\globalStorage\vexrobotics.vexcode\sdk\cpp\V5\V5_20240802_15_00_00/vexv5\libv5rt.a(vex_imu.cpp.obj)
                0x03807654                non-virtual thunk to vex::inertial::getTurnType()
 *fill*         0x0380765c        0x4 
 .text._ZN3vex8inertial10setHeadingEdNS_13rotationUnitsE
                0x03807660       0x58 c:\Users\br-98\AppData\Roaming\Code\User\globalStorage\vexrobotics.vexcode\sdk\cpp\V5\V5_20240802_15_00_00/vexv5\libv5rt.a(vex_imu.cpp.obj)
                0x03807660                vex::inertial::setHeading(double, vex::rotationUnits)
 .text._ZThn16_N3vex8inertial10setHeadingEdNS_13rotationUnitsE
                0x038076b8        0x8 c:\Users\br-98\AppData\Roaming\Code\User\globalStorage\vexrobotics.vexcode\sdk\cpp\V5\V5_20240802_15_00_00/vexv5\libv5rt.a(vex_imu.cpp.obj)
                0x038076b8                non-virtual thunk to vex::inertial::setHeading(double, vex::rotationUnits)
 .text._ZN3vex8inertial11setRotationEdNS_13rotationUnitsE
                0x038076c0       0x58 c:\Users\br-98\AppData\Roaming\Code\User\globalStorage\vexrobotics.vexcode\sdk\cpp\V5\V5_20240802_15_00_00/vexv5\libv5rt.a(vex_imu.cpp.obj)
                0x038076c0                vex::inertial::setRotation(double, vex::rotationUnits)
 .text._ZThn16_N3vex8inertial11setRotationEdNS_13rotationUnitsE
                0x03807718        0x8 c:\Users\br-98\AppData\Roaming\Code\User\globalStorage\vexrobotics.vexcode\sdk\cpp\V5\V5_20240802_15_00_00/vexv5\libv5rt.a(vex_imu.cpp.obj)
                0x03807718                non-virtual thunk to vex::inertial::setRotation(double, vex::rotationUnits)
 .text._ZN3vex8inertialD2Ev
                0x03807720       0x20 c:\Users\br-98\AppData\Roaming\Code\User\globalStorage\vexrobotics.vexcode\sdk\cpp\V5\V5_20240802_15_00_00/vexv5\libv5rt.a(vex_imu.cpp.obj)
                0x03807720                vex::inertial::~inertial()
                0x03807720                vex::inertial::~inertial()
 .text._ZThn16_N3vex8inertialD1Ev
                0x03807740        0x8 c:\Users\br-98\AppData\Roaming\Code\User\globalStorage\vexrobotics.vexcode\sdk\cpp\V5\V5_20240802_15_00_00/vexv5\libv5rt.a(vex_imu.cpp.obj)
                0x03807740                non-virtual thunk to vex::inertial::~inertial()
 .text._ZN3vex8inertialD0Ev
                0x03807748       0x1c c:\Users\br-98\AppData\Roaming\Code\User\globalStorage\vexrobotics.vexcode\sdk\cpp\V5\V5_20240802_15_00_00/vexv5\libv5rt.a(vex_imu.cpp.obj)
                0x03807748                vex::inertial::~inertial()
 .text._ZThn16_N3vex8inertialD0Ev
                0x03807764        0x8 c:\Users\br-98\AppData\Roaming\Code\User\globalStorage\vexrobotics.vexcode\sdk\cpp\V5\V5_20240802_15_00_00/vexv5\libv5rt.a(vex_imu.cpp.obj)
                0x03807764                non-virtual thunk to vex::inertial::~inertial()
 .text._ZN3vex8inertial9installedEv
                0x0380776c       0x18 c:\Users\br-98\AppData\Roaming\Code\User\globalStorage\vexrobotics.vexcode\sdk\cpp\V5\V5_20240802_15_00_00/vexv5\libv5rt.a(vex_imu.cpp.obj)
                0x0380776c                vex::inertial::installed()
 .text._ZN3vex8inertial5angleENS_13rotationUnitsE
                0x03807784       0x6c c:\Users\br-98\AppData\Roaming\Code\User\globalStorage\vexrobotics.vexcode\sdk\cpp\V5\V5_20240802_15_00_00/vexv5\libv5rt.a(vex_imu.cpp.obj)
                0x03807784                vex::inertial::angle(vex::rotationUnits)
 .text._ZThn16_N3vex8inertial5angleENS_13rotationUnitsE
                0x038077f0        0x8 c:\Users\br-98\AppData\Roaming\Code\User\globalStorage\vexrobotics.vexcode\sdk\cpp\V5\V5_20240802_15_00_00/vexv5\libv5rt.a(vex_imu.cpp.obj)
                0x038077f0                non-virtual thunk to vex::inertial::angle(vex::rotationUnits)
 .text._ZN3vex8inertial7headingENS_13rotationUnitsE
                0x038077f8        0x4 c:\Users\br-98\AppData\Roaming\Code\User\globalStorage\vexrobotics.vexcode\sdk\cpp\V5\V5_20240802_15_00_00/vexv5\libv5rt.a(vex_imu.cpp.obj)
                0x038077f8                vex::inertial::heading(vex::rotationUnits)
 .text._ZThn16_N3vex8inertial7headingENS_13rotationUnitsE
                0x038077fc        0x8 c:\Users\br-98\AppData\Roaming\Code\User\globalStorage\vexrobotics.vexcode\sdk\cpp\V5\V5_20240802_15_00_00/vexv5\libv5rt.a(vex_imu.cpp.obj)
                0x038077fc                non-virtual thunk to vex::inertial::heading(vex::rotationUnits)
 .text._ZN3vex8inertial5valueEv
                0x03807804       0x1c c:\Users\br-98\AppData\Roaming\Code\User\globalStorage\vexrobotics.vexcode\sdk\cpp\V5\V5_20240802_15_00_00/vexv5\libv5rt.a(vex_imu.cpp.obj)
                0x03807804                vex::inertial::value()
 .text._ZN3vex8inertial8rotationENS_13rotationUnitsE
                0x03807820       0x48 c:\Users\br-98\AppData\Roaming\Code\User\globalStorage\vexrobotics.vexcode\sdk\cpp\V5\V5_20240802_15_00_00/vexv5\libv5rt.a(vex_imu.cpp.obj)
                0x03807820                vex::inertial::rotation(vex::rotationUnits)
 .text._ZThn16_N3vex8inertial8rotationENS_13rotationUnitsE
                0x03807868        0x8 c:\Users\br-98\AppData\Roaming\Code\User\globalStorage\vexrobotics.vexcode\sdk\cpp\V5\V5_20240802_15_00_00/vexv5\libv5rt.a(vex_imu.cpp.obj)
                0x03807868                non-virtual thunk to vex::inertial::rotation(vex::rotationUnits)
 .text._ZN3vex8inertial13isCalibratingEv
                0x03807870       0x38 c:\Users\br-98\AppData\Roaming\Code\User\globalStorage\vexrobotics.vexcode\sdk\cpp\V5\V5_20240802_15_00_00/vexv5\libv5rt.a(vex_imu.cpp.obj)
                0x03807870                vex::inertial::isCalibrating()
 .text._ZThn16_N3vex8inertial13isCalibratingEv
                0x038078a8        0x8 c:\Users\br-98\AppData\Roaming\Code\User\globalStorage\vexrobotics.vexcode\sdk\cpp\V5\V5_20240802_15_00_00/vexv5\libv5rt.a(vex_imu.cpp.obj)
                0x038078a8                non-virtual thunk to vex::inertial::isCalibrating()
 .text._ZN3vex8inertialC2ElNS_8turnTypeE
                0x038078b0       0x4c c:\Users\br-98\AppData\Roaming\Code\User\globalStorage\vexrobotics.vexcode\sdk\cpp\V5\V5_20240802_15_00_00/vexv5\libv5rt.a(vex_imu.cpp.obj)
                0x038078b0                vex::inertial::inertial(long, vex::turnType)
                0x038078b0                vex::inertial::inertial(long, vex::turnType)
 *fill*         0x038078fc        0x4 
 .text._ZN3vex8inertial4rollENS_13rotationUnitsE
                0x03807900       0x40 c:\Users\br-98\AppData\Roaming\Code\User\globalStorage\vexrobotics.vexcode\sdk\cpp\V5\V5_20240802_15_00_00/vexv5\libv5rt.a(vex_imu.cpp.obj)
                0x03807900                vex::inertial::roll(vex::rotationUnits)
 .text._ZN3vex8inertial16startCalibrationEl
                0x03807940       0x20 c:\Users\br-98\AppData\Roaming\Code\User\globalStorage\vexrobotics.vexcode\sdk\cpp\V5\V5_20240802_15_00_00/vexv5\libv5rt.a(vex_imu.cpp.obj)
                0x03807940                vex::inertial::startCalibration(long)
 .text._ZN3vex8inertial9calibrateEl
                0x03807960        0xc c:\Users\br-98\AppData\Roaming\Code\User\globalStorage\vexrobotics.vexcode\sdk\cpp\V5\V5_20240802_15_00_00/vexv5\libv5rt.a(vex_imu.cpp.obj)
                0x03807960                vex::inertial::calibrate(long)
                0x03807964                non-virtual thunk to vex::inertial::calibrate(long)
 .text._ZN3vex8rotationD2Ev
                0x0380796c       0x20 c:\Users\br-98\AppData\Roaming\Code\User\globalStorage\vexrobotics.vexcode\sdk\cpp\V5\V5_20240802_15_00_00/vexv5\libv5rt.a(vex_rotation.cpp.obj)
                0x0380796c                vex::rotation::~rotation()
                0x0380796c                vex::rotation::~rotation()
 .text._ZN3vex8rotationD0Ev
                0x0380798c       0x1c c:\Users\br-98\AppData\Roaming\Code\User\globalStorage\vexrobotics.vexcode\sdk\cpp\V5\V5_20240802_15_00_00/vexv5\libv5rt.a(vex_rotation.cpp.obj)
                0x0380798c                vex::rotation::~rotation()
 .text._ZN3vex8rotation9installedEv
                0x038079a8       0x18 c:\Users\br-98\AppData\Roaming\Code\User\globalStorage\vexrobotics.vexcode\sdk\cpp\V5\V5_20240802_15_00_00/vexv5\libv5rt.a(vex_rotation.cpp.obj)
                0x038079a8                vex::rotation::installed()
 .text._ZN3vex8rotation5valueEv
                0x038079c0        0x8 c:\Users\br-98\AppData\Roaming\Code\User\globalStorage\vexrobotics.vexcode\sdk\cpp\V5\V5_20240802_15_00_00/vexv5\libv5rt.a(vex_rotation.cpp.obj)
                0x038079c0                vex::rotation::value()
 .text._ZN3vex8rotationC2Elb
                0x038079c8       0x30 c:\Users\br-98\AppData\Roaming\Code\User\globalStorage\vexrobotics.vexcode\sdk\cpp\V5\V5_20240802_15_00_00/vexv5\libv5rt.a(vex_rotation.cpp.obj)
                0x038079c8                vex::rotation::rotation(long, bool)
                0x038079c8                vex::rotation::rotation(long, bool)
 .text._ZN3vex8rotation11setPositionEdNS_13rotationUnitsE
                0x038079f8       0x48 c:\Users\br-98\AppData\Roaming\Code\User\globalStorage\vexrobotics.vexcode\sdk\cpp\V5\V5_20240802_15_00_00/vexv5\libv5rt.a(vex_rotation.cpp.obj)
                0x038079f8                vex::rotation::setPosition(double, vex::rotationUnits)
 .text._ZN3vex8rotation8positionENS_13rotationUnitsE
                0x03807a40       0x50 c:\Users\br-98\AppData\Roaming\Code\User\globalStorage\vexrobotics.vexcode\sdk\cpp\V5\V5_20240802_15_00_00/vexv5\libv5rt.a(vex_rotation.cpp.obj)
                0x03807a40                vex::rotation::position(vex::rotationUnits)
 .text._ZN3vex7opticalD2Ev
                0x03807a90       0x20 c:\Users\br-98\AppData\Roaming\Code\User\globalStorage\vexrobotics.vexcode\sdk\cpp\V5\V5_20240802_15_00_00/vexv5\libv5rt.a(vex_optical.cpp.obj)
                0x03807a90                vex::optical::~optical()
                0x03807a90                vex::optical::~optical()
 .text._ZN3vex7opticalD0Ev
                0x03807ab0       0x1c c:\Users\br-98\AppData\Roaming\Code\User\globalStorage\vexrobotics.vexcode\sdk\cpp\V5\V5_20240802_15_00_00/vexv5\libv5rt.a(vex_optical.cpp.obj)
                0x03807ab0                vex::optical::~optical()
 .text._ZN3vex7optical9installedEv
                0x03807acc       0x18 c:\Users\br-98\AppData\Roaming\Code\User\globalStorage\vexrobotics.vexcode\sdk\cpp\V5\V5_20240802_15_00_00/vexv5\libv5rt.a(vex_optical.cpp.obj)
                0x03807acc                vex::optical::installed()
 .text._ZN3vex7optical3hueEv
                0x03807ae4        0x8 c:\Users\br-98\AppData\Roaming\Code\User\globalStorage\vexrobotics.vexcode\sdk\cpp\V5\V5_20240802_15_00_00/vexv5\libv5rt.a(vex_optical.cpp.obj)
                0x03807ae4                vex::optical::hue()
 .text._ZN3vex7optical5valueEv
                0x03807aec       0x18 c:\Users\br-98\AppData\Roaming\Code\User\globalStorage\vexrobotics.vexcode\sdk\cpp\V5\V5_20240802_15_00_00/vexv5\libv5rt.a(vex_optical.cpp.obj)
                0x03807aec                vex::optical::value()
 .text._ZN3vex7optical13setLightPowerElNS_12percentUnitsE
                0x03807b04       0x2c c:\Users\br-98\AppData\Roaming\Code\User\globalStorage\vexrobotics.vexcode\sdk\cpp\V5\V5_20240802_15_00_00/vexv5\libv5rt.a(vex_optical.cpp.obj)
                0x03807b04                vex::optical::setLightPower(long, vex::percentUnits)
 .text._ZN3vex7optical21objectDetectThresholdEl
                0x03807b30       0x18 c:\Users\br-98\AppData\Roaming\Code\User\globalStorage\vexrobotics.vexcode\sdk\cpp\V5\V5_20240802_15_00_00/vexv5\libv5rt.a(vex_optical.cpp.obj)
                0x03807b30                vex::optical::objectDetectThreshold(long)
 .text._ZN3vex7optical13gestureEnableEv
                0x03807b48        0x8 c:\Users\br-98\AppData\Roaming\Code\User\globalStorage\vexrobotics.vexcode\sdk\cpp\V5\V5_20240802_15_00_00/vexv5\libv5rt.a(vex_optical.cpp.obj)
                0x03807b48                vex::optical::gestureEnable()
 .text._ZN3vex7optical14gestureDisableEv
                0x03807b50        0x8 c:\Users\br-98\AppData\Roaming\Code\User\globalStorage\vexrobotics.vexcode\sdk\cpp\V5\V5_20240802_15_00_00/vexv5\libv5rt.a(vex_optical.cpp.obj)
                0x03807b50                vex::optical::gestureDisable()
 .text._ZN3vex7opticalC2Elb
                0x03807b58       0x54 c:\Users\br-98\AppData\Roaming\Code\User\globalStorage\vexrobotics.vexcode\sdk\cpp\V5\V5_20240802_15_00_00/vexv5\libv5rt.a(vex_optical.cpp.obj)
                0x03807b58                vex::optical::optical(long, bool)
                0x03807b58                vex::optical::optical(long, bool)
 .text._ZN3vex3gps11getTurnTypeEv
                0x03807bac        0x8 c:\Users\br-98\AppData\Roaming\Code\User\globalStorage\vexrobotics.vexcode\sdk\cpp\V5\V5_20240802_15_00_00/vexv5\libv5rt.a(vex_gps.cpp.obj)
                0x03807bac                vex::gps::getTurnType()
 .text._ZThn16_N3vex3gps11getTurnTypeEv
                0x03807bb4        0x8 c:\Users\br-98\AppData\Roaming\Code\User\globalStorage\vexrobotics.vexcode\sdk\cpp\V5\V5_20240802_15_00_00/vexv5\libv5rt.a(vex_gps.cpp.obj)
                0x03807bb4                non-virtual thunk to vex::gps::getTurnType()
 *fill*         0x03807bbc        0x4 
 .text._ZN3vex3gps10setHeadingEdNS_13rotationUnitsE
                0x03807bc0       0x58 c:\Users\br-98\AppData\Roaming\Code\User\globalStorage\vexrobotics.vexcode\sdk\cpp\V5\V5_20240802_15_00_00/vexv5\libv5rt.a(vex_gps.cpp.obj)
                0x03807bc0                vex::gps::setHeading(double, vex::rotationUnits)
 .text._ZThn16_N3vex3gps10setHeadingEdNS_13rotationUnitsE
                0x03807c18        0x8 c:\Users\br-98\AppData\Roaming\Code\User\globalStorage\vexrobotics.vexcode\sdk\cpp\V5\V5_20240802_15_00_00/vexv5\libv5rt.a(vex_gps.cpp.obj)
                0x03807c18                non-virtual thunk to vex::gps::setHeading(double, vex::rotationUnits)
 .text._ZN3vex3gps11setRotationEdNS_13rotationUnitsE
                0x03807c20       0x58 c:\Users\br-98\AppData\Roaming\Code\User\globalStorage\vexrobotics.vexcode\sdk\cpp\V5\V5_20240802_15_00_00/vexv5\libv5rt.a(vex_gps.cpp.obj)
                0x03807c20                vex::gps::setRotation(double, vex::rotationUnits)
 .text._ZThn16_N3vex3gps11setRotationEdNS_13rotationUnitsE
                0x03807c78        0x8 c:\Users\br-98\AppData\Roaming\Code\User\globalStorage\vexrobotics.vexcode\sdk\cpp\V5\V5_20240802_15_00_00/vexv5\libv5rt.a(vex_gps.cpp.obj)
                0x03807c78                non-virtual thunk to vex::gps::setRotation(double, vex::rotationUnits)
 .text._ZN3vex3gpsD2Ev
                0x03807c80       0x20 c:\Users\br-98\AppData\Roaming\Code\User\globalStorage\vexrobotics.vexcode\sdk\cpp\V5\V5_20240802_15_00_00/vexv5\libv5rt.a(vex_gps.cpp.obj)
                0x03807c80                vex::gps::~gps()
                0x03807c80                vex::gps::~gps()
 .text._ZThn16_N3vex3gpsD1Ev
                0x03807ca0        0x8 c:\Users\br-98\AppData\Roaming\Code\User\globalStorage\vexrobotics.vexcode\sdk\cpp\V5\V5_20240802_15_00_00/vexv5\libv5rt.a(vex_gps.cpp.obj)
                0x03807ca0                non-virtual thunk to vex::gps::~gps()
 .text._ZN3vex3gpsD0Ev
                0x03807ca8       0x1c c:\Users\br-98\AppData\Roaming\Code\User\globalStorage\vexrobotics.vexcode\sdk\cpp\V5\V5_20240802_15_00_00/vexv5\libv5rt.a(vex_gps.cpp.obj)
                0x03807ca8                vex::gps::~gps()
 .text._ZThn16_N3vex3gpsD0Ev
                0x03807cc4        0x8 c:\Users\br-98\AppData\Roaming\Code\User\globalStorage\vexrobotics.vexcode\sdk\cpp\V5\V5_20240802_15_00_00/vexv5\libv5rt.a(vex_gps.cpp.obj)
                0x03807cc4                non-virtual thunk to vex::gps::~gps()
 .text._ZN3vex3gps9installedEv
                0x03807ccc       0x18 c:\Users\br-98\AppData\Roaming\Code\User\globalStorage\vexrobotics.vexcode\sdk\cpp\V5\V5_20240802_15_00_00/vexv5\libv5rt.a(vex_gps.cpp.obj)
                0x03807ccc                vex::gps::installed()
 .text._ZN3vex3gps5angleENS_13rotationUnitsE
                0x03807ce4       0x84 c:\Users\br-98\AppData\Roaming\Code\User\globalStorage\vexrobotics.vexcode\sdk\cpp\V5\V5_20240802_15_00_00/vexv5\libv5rt.a(vex_gps.cpp.obj)
                0x03807ce4                vex::gps::angle(vex::rotationUnits)
 .text._ZThn16_N3vex3gps5angleENS_13rotationUnitsE
                0x03807d68        0x8 c:\Users\br-98\AppData\Roaming\Code\User\globalStorage\vexrobotics.vexcode\sdk\cpp\V5\V5_20240802_15_00_00/vexv5\libv5rt.a(vex_gps.cpp.obj)
                0x03807d68                non-virtual thunk to vex::gps::angle(vex::rotationUnits)
 .text._ZN3vex3gps7headingENS_13rotationUnitsE
                0x03807d70        0x4 c:\Users\br-98\AppData\Roaming\Code\User\globalStorage\vexrobotics.vexcode\sdk\cpp\V5\V5_20240802_15_00_00/vexv5\libv5rt.a(vex_gps.cpp.obj)
                0x03807d70                vex::gps::heading(vex::rotationUnits)
 .text._ZThn16_N3vex3gps7headingENS_13rotationUnitsE
                0x03807d74        0x8 c:\Users\br-98\AppData\Roaming\Code\User\globalStorage\vexrobotics.vexcode\sdk\cpp\V5\V5_20240802_15_00_00/vexv5\libv5rt.a(vex_gps.cpp.obj)
                0x03807d74                non-virtual thunk to vex::gps::heading(vex::rotationUnits)
 .text._ZN3vex3gps5valueEv
                0x03807d7c       0x1c c:\Users\br-98\AppData\Roaming\Code\User\globalStorage\vexrobotics.vexcode\sdk\cpp\V5\V5_20240802_15_00_00/vexv5\libv5rt.a(vex_gps.cpp.obj)
                0x03807d7c                vex::gps::value()
 .text._ZN3vex3gps8rotationENS_13rotationUnitsE
                0x03807d98       0x60 c:\Users\br-98\AppData\Roaming\Code\User\globalStorage\vexrobotics.vexcode\sdk\cpp\V5\V5_20240802_15_00_00/vexv5\libv5rt.a(vex_gps.cpp.obj)
                0x03807d98                vex::gps::rotation(vex::rotationUnits)
 .text._ZThn16_N3vex3gps8rotationENS_13rotationUnitsE
                0x03807df8        0x8 c:\Users\br-98\AppData\Roaming\Code\User\globalStorage\vexrobotics.vexcode\sdk\cpp\V5\V5_20240802_15_00_00/vexv5\libv5rt.a(vex_gps.cpp.obj)
                0x03807df8                non-virtual thunk to vex::gps::rotation(vex::rotationUnits)
 .text._ZN3vex3gps13isCalibratingEv
                0x03807e00       0x38 c:\Users\br-98\AppData\Roaming\Code\User\globalStorage\vexrobotics.vexcode\sdk\cpp\V5\V5_20240802_15_00_00/vexv5\libv5rt.a(vex_gps.cpp.obj)
                0x03807e00                vex::gps::isCalibrating()
 .text._ZThn16_N3vex3gps13isCalibratingEv
                0x03807e38        0x8 c:\Users\br-98\AppData\Roaming\Code\User\globalStorage\vexrobotics.vexcode\sdk\cpp\V5\V5_20240802_15_00_00/vexv5\libv5rt.a(vex_gps.cpp.obj)
                0x03807e38                non-virtual thunk to vex::gps::isCalibrating()
 .text._ZN3vex3gps17setSensorRotationEd
                0x03807e40        0x8 c:\Users\br-98\AppData\Roaming\Code\User\globalStorage\vexrobotics.vexcode\sdk\cpp\V5\V5_20240802_15_00_00/vexv5\libv5rt.a(vex_gps.cpp.obj)
                0x03807e40                vex::gps::setSensorRotation(double)
 .text._ZN3vex3gpsC2EldNS_8turnTypeE
                0x03807e48       0x74 c:\Users\br-98\AppData\Roaming\Code\User\globalStorage\vexrobotics.vexcode\sdk\cpp\V5\V5_20240802_15_00_00/vexv5\libv5rt.a(vex_gps.cpp.obj)
                0x03807e48                vex::gps::gps(long, double, vex::turnType)
                0x03807e48                vex::gps::gps(long, double, vex::turnType)
 *fill*         0x03807ebc        0x4 
 .text._ZN3vex3gps9xPositionENS_13distanceUnitsE
                0x03807ec0       0x70 c:\Users\br-98\AppData\Roaming\Code\User\globalStorage\vexrobotics.vexcode\sdk\cpp\V5\V5_20240802_15_00_00/vexv5\libv5rt.a(vex_gps.cpp.obj)
                0x03807ec0                vex::gps::xPosition(vex::distanceUnits)
 .text._ZN3vex3gps9yPositionENS_13distanceUnitsE
                0x03807f30       0x70 c:\Users\br-98\AppData\Roaming\Code\User\globalStorage\vexrobotics.vexcode\sdk\cpp\V5\V5_20240802_15_00_00/vexv5\libv5rt.a(vex_gps.cpp.obj)
                0x03807f30                vex::gps::yPosition(vex::distanceUnits)
 .text._ZN3vex3gps16startCalibrationEl
                0x03807fa0       0x48 c:\Users\br-98\AppData\Roaming\Code\User\globalStorage\vexrobotics.vexcode\sdk\cpp\V5\V5_20240802_15_00_00/vexv5\libv5rt.a(vex_gps.cpp.obj)
                0x03807fa0                vex::gps::startCalibration(long)
 .text._ZN3vex3gps9calibrateEl
                0x03807fe8        0xc c:\Users\br-98\AppData\Roaming\Code\User\globalStorage\vexrobotics.vexcode\sdk\cpp\V5\V5_20240802_15_00_00/vexv5\libv5rt.a(vex_gps.cpp.obj)
                0x03807fe8                vex::gps::calibrate(long)
                0x03807fec                non-virtual thunk to vex::gps::calibrate(long)
 .text._ZN3vex10controllerD2Ev
                0x03807ff4        0x4 c:\Users\br-98\AppData\Roaming\Code\User\globalStorage\vexrobotics.vexcode\sdk\cpp\V5\V5_20240802_15_00_00/vexv5\libv5rt.a(vex_controller.cpp.obj)
                0x03807ff4                vex::controller::~controller()
                0x03807ff4                vex::controller::~controller()
 .text._ZN3vex10controller5valueE19_V5_ControllerIndex
                0x03807ff8        0x8 c:\Users\br-98\AppData\Roaming\Code\User\globalStorage\vexrobotics.vexcode\sdk\cpp\V5\V5_20240802_15_00_00/vexv5\libv5rt.a(vex_controller.cpp.obj)
                0x03807ff8                vex::controller::value(_V5_ControllerIndex)
 .text._ZNK3vex10controller6button8pressingEv
                0x03808000       0xc8 c:\Users\br-98\AppData\Roaming\Code\User\globalStorage\vexrobotics.vexcode\sdk\cpp\V5\V5_20240802_15_00_00/vexv5\libv5rt.a(vex_controller.cpp.obj)
                0x03808000                vex::controller::button::pressing() const
 .text._ZNK3vex10controller6button7pressedEPFvvE
                0x038080c8      0x108 c:\Users\br-98\AppData\Roaming\Code\User\globalStorage\vexrobotics.vexcode\sdk\cpp\V5\V5_20240802_15_00_00/vexv5\libv5rt.a(vex_controller.cpp.obj)
                0x038080c8                vex::controller::button::pressed(void (*)()) const
 .text._ZNK3vex10controller6button21_buttonToPressedEventEv
                0x038081d0       0x20 c:\Users\br-98\AppData\Roaming\Code\User\globalStorage\vexrobotics.vexcode\sdk\cpp\V5\V5_20240802_15_00_00/vexv5\libv5rt.a(vex_controller.cpp.obj)
                0x038081d0                vex::controller::button::_buttonToPressedEvent() const
 .text._ZNK3vex10controller6button22_buttonToReleasedEventEv
                0x038081f0       0x20 c:\Users\br-98\AppData\Roaming\Code\User\globalStorage\vexrobotics.vexcode\sdk\cpp\V5\V5_20240802_15_00_00/vexv5\libv5rt.a(vex_controller.cpp.obj)
                0x038081f0                vex::controller::button::_buttonToReleasedEvent() const
 .text._ZN3vex10controller6buttonC2ENS0_11tButtonTypeEPS0_
                0x03808210       0x48 c:\Users\br-98\AppData\Roaming\Code\User\globalStorage\vexrobotics.vexcode\sdk\cpp\V5\V5_20240802_15_00_00/vexv5\libv5rt.a(vex_controller.cpp.obj)
                0x03808210                vex::controller::button::button(vex::controller::tButtonType, vex::controller*)
                0x03808210                vex::controller::button::button(vex::controller::tButtonType, vex::controller*)
 .text._ZNK3vex10controller4axis5valueEv
                0x03808258       0x58 c:\Users\br-98\AppData\Roaming\Code\User\globalStorage\vexrobotics.vexcode\sdk\cpp\V5\V5_20240802_15_00_00/vexv5\libv5rt.a(vex_controller.cpp.obj)
                0x03808258                vex::controller::axis::value() const
 .text._ZNK3vex10controller4axis8positionENS_12percentUnitsE
                0x038082b0       0x1c c:\Users\br-98\AppData\Roaming\Code\User\globalStorage\vexrobotics.vexcode\sdk\cpp\V5\V5_20240802_15_00_00/vexv5\libv5rt.a(vex_controller.cpp.obj)
                0x038082b0                vex::controller::axis::position(vex::percentUnits) const
 .text._ZNK3vex10controller4axis23_joystickToChangedEventEv
                0x038082cc       0x20 c:\Users\br-98\AppData\Roaming\Code\User\globalStorage\vexrobotics.vexcode\sdk\cpp\V5\V5_20240802_15_00_00/vexv5\libv5rt.a(vex_controller.cpp.obj)
                0x038082cc                vex::controller::axis::_joystickToChangedEvent() const
 .text._ZN3vex10controller4axisC2ENS0_9tAxisTypeEPS0_
                0x038082ec       0x2c c:\Users\br-98\AppData\Roaming\Code\User\globalStorage\vexrobotics.vexcode\sdk\cpp\V5\V5_20240802_15_00_00/vexv5\libv5rt.a(vex_controller.cpp.obj)
                0x038082ec                vex::controller::axis::axis(vex::controller::tAxisType, vex::controller*)
                0x038082ec                vex::controller::axis::axis(vex::controller::tAxisType, vex::controller*)
 .text._ZN3vex10controllerC2ENS_14controllerTypeE
                0x03808318      0x16c c:\Users\br-98\AppData\Roaming\Code\User\globalStorage\vexrobotics.vexcode\sdk\cpp\V5\V5_20240802_15_00_00/vexv5\libv5rt.a(vex_controller.cpp.obj)
                0x03808318                vex::controller::controller(vex::controllerType)
                0x03808318                vex::controller::controller(vex::controllerType)
 .text._ZN3vex10controller3lcd15getControllerIdEv
                0x03808484       0x10 c:\Users\br-98\AppData\Roaming\Code\User\globalStorage\vexrobotics.vexcode\sdk\cpp\V5\V5_20240802_15_00_00/vexv5\libv5rt.a(vex_controller.cpp.obj)
                0x03808484                vex::controller::lcd::getControllerId()
 .text._ZN3vex10controller3lcd9setCursorEll
                0x03808494       0x40 c:\Users\br-98\AppData\Roaming\Code\User\globalStorage\vexrobotics.vexcode\sdk\cpp\V5\V5_20240802_15_00_00/vexv5\libv5rt.a(vex_controller.cpp.obj)
                0x03808494                vex::controller::lcd::setCursor(long, long)
 .text._ZN3vex10controller3lcd5printEPKcz
                0x038084d4       0x80 c:\Users\br-98\AppData\Roaming\Code\User\globalStorage\vexrobotics.vexcode\sdk\cpp\V5\V5_20240802_15_00_00/vexv5\libv5rt.a(vex_controller.cpp.obj)
                0x038084d4                vex::controller::lcd::print(char const*, ...)
 .text._ZN3vex10controller3lcd9clearLineEi
                0x03808554       0x80 c:\Users\br-98\AppData\Roaming\Code\User\globalStorage\vexrobotics.vexcode\sdk\cpp\V5\V5_20240802_15_00_00/vexv5\libv5rt.a(vex_controller.cpp.obj)
                0x03808554                vex::controller::lcd::clearLine(int)
 .text._ZN3vex10controller3lcd11clearScreenEv
                0x038085d4       0x5c c:\Users\br-98\AppData\Roaming\Code\User\globalStorage\vexrobotics.vexcode\sdk\cpp\V5\V5_20240802_15_00_00/vexv5\libv5rt.a(vex_controller.cpp.obj)
                0x038085d4                vex::controller::lcd::clearScreen()
 .text._ZN3vex4taskC2EPFivE
                0x03808630       0x5c c:\Users\br-98\AppData\Roaming\Code\User\globalStorage\vexrobotics.vexcode\sdk\cpp\V5\V5_20240802_15_00_00/vexv5\libv5rt.a(vex_task.cpp.obj)
                0x03808630                vex::task::task(int (*)())
                0x03808630                vex::task::task(int (*)())
 .text._ZN3vex4taskD2Ev
                0x0380868c        0x4 c:\Users\br-98\AppData\Roaming\Code\User\globalStorage\vexrobotics.vexcode\sdk\cpp\V5\V5_20240802_15_00_00/vexv5\libv5rt.a(vex_task.cpp.obj)
                0x0380868c                vex::task::~task()
                0x0380868c                vex::task::~task()
 .text._ZN3vex4task4stopEPvi
                0x03808690       0x1c c:\Users\br-98\AppData\Roaming\Code\User\globalStorage\vexrobotics.vexcode\sdk\cpp\V5\V5_20240802_15_00_00/vexv5\libv5rt.a(vex_task.cpp.obj)
                0x03808690                vex::task::stop(void*, int)
 .text._ZN3vex4task7suspendEv
                0x038086ac       0x18 c:\Users\br-98\AppData\Roaming\Code\User\globalStorage\vexrobotics.vexcode\sdk\cpp\V5\V5_20240802_15_00_00/vexv5\libv5rt.a(vex_task.cpp.obj)
                0x038086ac                vex::task::suspend()
 .text._ZN3vex4task6resumeEv
                0x038086c4       0x18 c:\Users\br-98\AppData\Roaming\Code\User\globalStorage\vexrobotics.vexcode\sdk\cpp\V5\V5_20240802_15_00_00/vexv5\libv5rt.a(vex_task.cpp.obj)
                0x038086c4                vex::task::resume()
 .text._ZN3vex4task5sleepEm
                0x038086dc        0x4 c:\Users\br-98\AppData\Roaming\Code\User\globalStorage\vexrobotics.vexcode\sdk\cpp\V5\V5_20240802_15_00_00/vexv5\libv5rt.a(vex_task.cpp.obj)
                0x038086dc                vex::task::sleep(unsigned long)
 .text._ZN3vex4task6_indexEPFivE
                0x038086e0       0x14 c:\Users\br-98\AppData\Roaming\Code\User\globalStorage\vexrobotics.vexcode\sdk\cpp\V5\V5_20240802_15_00_00/vexv5\libv5rt.a(vex_task.cpp.obj)
                0x038086e0                vex::task::_index(int (*)())
 .text._ZN3vex4task8_stopAllEv
                0x038086f4       0x3c c:\Users\br-98\AppData\Roaming\Code\User\globalStorage\vexrobotics.vexcode\sdk\cpp\V5\V5_20240802_15_00_00/vexv5\libv5rt.a(vex_task.cpp.obj)
                0x038086f4                vex::task::_stopAll()
 .text._ZN3vex11this_thread9sleep_forEm
                0x03808730        0x4 c:\Users\br-98\AppData\Roaming\Code\User\globalStorage\vexrobotics.vexcode\sdk\cpp\V5\V5_20240802_15_00_00/vexv5\libv5rt.a(vex_thread.cpp.obj)
                0x03808730                vex::this_thread::sleep_for(unsigned long)
 .text._ZN3vex5event4initEmmPFvvE
                0x03808734        0x4 c:\Users\br-98\AppData\Roaming\Code\User\globalStorage\vexrobotics.vexcode\sdk\cpp\V5\V5_20240802_15_00_00/vexv5\libv5rt.a(vex_event.cpp.obj)
                0x03808734                vex::event::init(unsigned long, unsigned long, void (*)())
 .text._ZN3vex5event4initEmmPFvPvES1_
                0x03808738        0x4 c:\Users\br-98\AppData\Roaming\Code\User\globalStorage\vexrobotics.vexcode\sdk\cpp\V5\V5_20240802_15_00_00/vexv5\libv5rt.a(vex_event.cpp.obj)
                0x03808738                vex::event::init(unsigned long, unsigned long, void (*)(void*), void*)
 .text._ZN3vex5event9userindexEv
                0x0380873c        0x4 c:\Users\br-98\AppData\Roaming\Code\User\globalStorage\vexrobotics.vexcode\sdk\cpp\V5\V5_20240802_15_00_00/vexv5\libv5rt.a(vex_event.cpp.obj)
                0x0380873c                vex::event::userindex()
 .text._ZZN3vex6meventC4EmmENUlvE_4_FUNEv
                0x03808740        0x4 c:\Users\br-98\AppData\Roaming\Code\User\globalStorage\vexrobotics.vexcode\sdk\cpp\V5\V5_20240802_15_00_00/vexv5\libv5rt.a(vex_mevent.cpp.obj)
 .text._ZN3vex6meventC2Emm
                0x03808744       0x70 c:\Users\br-98\AppData\Roaming\Code\User\globalStorage\vexrobotics.vexcode\sdk\cpp\V5\V5_20240802_15_00_00/vexv5\libv5rt.a(vex_mevent.cpp.obj)
                0x03808744                vex::mevent::mevent(unsigned long, unsigned long)
                0x03808744                vex::mevent::mevent(unsigned long, unsigned long)
 .text._ZN3vex5brain9_getIndexEv
                0x038087b4       0x10 c:\Users\br-98\AppData\Roaming\Code\User\globalStorage\vexrobotics.vexcode\sdk\cpp\V5\V5_20240802_15_00_00/vexv5\libv5rt.a(vex_brain.cpp.obj)
                0x038087b4                vex::brain::_getIndex()
 .text._ZN3vex5brain5timerENS_9timeUnitsE
                0x038087c4        0x8 c:\Users\br-98\AppData\Roaming\Code\User\globalStorage\vexrobotics.vexcode\sdk\cpp\V5\V5_20240802_15_00_00/vexv5\libv5rt.a(vex_brain.cpp.obj)
                0x038087c4                vex::brain::timer(vex::timeUnits)
 .text._ZN3vex5brain10resetTimerEv
                0x038087cc        0x8 c:\Users\br-98\AppData\Roaming\Code\User\globalStorage\vexrobotics.vexcode\sdk\cpp\V5\V5_20240802_15_00_00/vexv5\libv5rt.a(vex_brain.cpp.obj)
                0x038087cc                vex::brain::resetTimer()
 *fill*         0x038087d4        0x4 
 .text._ZN3vex5brain8setTimerEdNS_9timeUnitsE
                0x038087d8       0x30 c:\Users\br-98\AppData\Roaming\Code\User\globalStorage\vexrobotics.vexcode\sdk\cpp\V5\V5_20240802_15_00_00/vexv5\libv5rt.a(vex_brain.cpp.obj)
                0x038087d8                vex::brain::setTimer(double, vex::timeUnits)
 .text._ZN3vex5brain3lcd9setCursorEll
                0x03808808       0x44 c:\Users\br-98\AppData\Roaming\Code\User\globalStorage\vexrobotics.vexcode\sdk\cpp\V5\V5_20240802_15_00_00/vexv5\libv5rt.a(vex_brain.cpp.obj)
                0x03808808                vex::brain::lcd::setCursor(long, long)
 .text._ZN3vex5brain3lcd7setFontENS_8fontTypeE
                0x0380884c      0x23c c:\Users\br-98\AppData\Roaming\Code\User\globalStorage\vexrobotics.vexcode\sdk\cpp\V5\V5_20240802_15_00_00/vexv5\libv5rt.a(vex_brain.cpp.obj)
                0x0380884c                vex::brain::lcd::setFont(vex::fontType)
 .text._ZN3vex5brain3lcdC2Ev
                0x03808a88       0x94 c:\Users\br-98\AppData\Roaming\Code\User\globalStorage\vexrobotics.vexcode\sdk\cpp\V5\V5_20240802_15_00_00/vexv5\libv5rt.a(vex_brain.cpp.obj)
                0x03808a88                vex::brain::lcd::lcd()
                0x03808a88                vex::brain::lcd::lcd()
 .text._ZN3vex5brainC2Ev
                0x03808b1c       0x3c c:\Users\br-98\AppData\Roaming\Code\User\globalStorage\vexrobotics.vexcode\sdk\cpp\V5\V5_20240802_15_00_00/vexv5\libv5rt.a(vex_brain.cpp.obj)
                0x03808b1c                vex::brain::brain()
                0x03808b1c                vex::brain::brain()
 .text._ZN3vex5brain3lcd11setPenColorERKNS_5colorE
                0x03808b58       0x14 c:\Users\br-98\AppData\Roaming\Code\User\globalStorage\vexrobotics.vexcode\sdk\cpp\V5\V5_20240802_15_00_00/vexv5\libv5rt.a(vex_brain.cpp.obj)
                0x03808b58                vex::brain::lcd::setPenColor(vex::color const&)
 .text._ZN3vex5brain3lcd12setFillColorERKNS_5colorE
                0x03808b6c       0x38 c:\Users\br-98\AppData\Roaming\Code\User\globalStorage\vexrobotics.vexcode\sdk\cpp\V5\V5_20240802_15_00_00/vexv5\libv5rt.a(vex_brain.cpp.obj)
                0x03808b6c                vex::brain::lcd::setFillColor(vex::color const&)
 .text._ZN3vex5brain3lcd7printAtEllPKcz
                0x03808ba4       0x54 c:\Users\br-98\AppData\Roaming\Code\User\globalStorage\vexrobotics.vexcode\sdk\cpp\V5\V5_20240802_15_00_00/vexv5\libv5rt.a(vex_brain.cpp.obj)
                0x03808ba4                vex::brain::lcd::printAt(long, long, char const*, ...)
 .text._ZN3vex5brain3lcd12_clearScreenEm
                0x03808bf8       0x38 c:\Users\br-98\AppData\Roaming\Code\User\globalStorage\vexrobotics.vexcode\sdk\cpp\V5\V5_20240802_15_00_00/vexv5\libv5rt.a(vex_brain.cpp.obj)
                0x03808bf8                vex::brain::lcd::_clearScreen(unsigned long)
 .text._ZN3vex5brain3lcd11clearScreenERKNS_5colorE
                0x03808c30       0x20 c:\Users\br-98\AppData\Roaming\Code\User\globalStorage\vexrobotics.vexcode\sdk\cpp\V5\V5_20240802_15_00_00/vexv5\libv5rt.a(vex_brain.cpp.obj)
                0x03808c30                vex::brain::lcd::clearScreen(vex::color const&)
 .text._ZN3vex5brain3lcd11clearScreenEv
                0x03808c50       0x2c c:\Users\br-98\AppData\Roaming\Code\User\globalStorage\vexrobotics.vexcode\sdk\cpp\V5\V5_20240802_15_00_00/vexv5\libv5rt.a(vex_brain.cpp.obj)
                0x03808c50                vex::brain::lcd::clearScreen()
 .text._ZN3vex5brain3lcd9drawPixelEii
                0x03808c7c       0x14 c:\Users\br-98\AppData\Roaming\Code\User\globalStorage\vexrobotics.vexcode\sdk\cpp\V5\V5_20240802_15_00_00/vexv5\libv5rt.a(vex_brain.cpp.obj)
                0x03808c7c                vex::brain::lcd::drawPixel(int, int)
 .text._ZN3vex5brain3lcd8drawLineEiiii
                0x03808c90      0x2c4 c:\Users\br-98\AppData\Roaming\Code\User\globalStorage\vexrobotics.vexcode\sdk\cpp\V5\V5_20240802_15_00_00/vexv5\libv5rt.a(vex_brain.cpp.obj)
                0x03808c90                vex::brain::lcd::drawLine(int, int, int, int)
 .text._ZN3vex5brain3lcd13drawRectangleEiiii
                0x03808f54       0xdc c:\Users\br-98\AppData\Roaming\Code\User\globalStorage\vexrobotics.vexcode\sdk\cpp\V5\V5_20240802_15_00_00/vexv5\libv5rt.a(vex_brain.cpp.obj)
                0x03808f54                vex::brain::lcd::drawRectangle(int, int, int, int)
 .text._ZN3vex5brain3lcd10drawCircleEiii
                0x03809030       0xa4 c:\Users\br-98\AppData\Roaming\Code\User\globalStorage\vexrobotics.vexcode\sdk\cpp\V5\V5_20240802_15_00_00/vexv5\libv5rt.a(vex_brain.cpp.obj)
                0x03809030                vex::brain::lcd::drawCircle(int, int, int)
 .text._ZN3vex5brain3lcd9xPositionEv
                0x038090d4       0x24 c:\Users\br-98\AppData\Roaming\Code\User\globalStorage\vexrobotics.vexcode\sdk\cpp\V5\V5_20240802_15_00_00/vexv5\libv5rt.a(vex_brain.cpp.obj)
                0x038090d4                vex::brain::lcd::xPosition()
 .text._ZN3vex5brain3lcd9yPositionEv
                0x038090f8       0x24 c:\Users\br-98\AppData\Roaming\Code\User\globalStorage\vexrobotics.vexcode\sdk\cpp\V5\V5_20240802_15_00_00/vexv5\libv5rt.a(vex_brain.cpp.obj)
                0x038090f8                vex::brain::lcd::yPosition()
 .text._ZN3vex5brain3lcd6renderEv
                0x0380911c        0xc c:\Users\br-98\AppData\Roaming\Code\User\globalStorage\vexrobotics.vexcode\sdk\cpp\V5\V5_20240802_15_00_00/vexv5\libv5rt.a(vex_brain.cpp.obj)
                0x0380911c                vex::brain::lcd::render()
 .text._ZN3vex5brainD2Ev
                0x03809128       0x20 c:\Users\br-98\AppData\Roaming\Code\User\globalStorage\vexrobotics.vexcode\sdk\cpp\V5\V5_20240802_15_00_00/vexv5\libv5rt.a(vex_brain.cpp.obj)
                0x03809128                vex::brain::~brain()
                0x03809128                vex::brain::~brain()
 .text._ZN3vex11competition8_disableEPv
                0x03809148       0xa4 c:\Users\br-98\AppData\Roaming\Code\User\globalStorage\vexrobotics.vexcode\sdk\cpp\V5\V5_20240802_15_00_00/vexv5\libv5rt.a(vex_competition.cpp.obj)
                0x03809148                vex::competition::_disable(void*)
 .text._ZN3vex11competition11_autonomousEv
                0x038091ec       0x80 c:\Users\br-98\AppData\Roaming\Code\User\globalStorage\vexrobotics.vexcode\sdk\cpp\V5\V5_20240802_15_00_00/vexv5\libv5rt.a(vex_competition.cpp.obj)
                0x038091ec                vex::competition::_autonomous()
 .text._ZN3vex11competition14_drivercontrolEv
                0x0380926c       0x80 c:\Users\br-98\AppData\Roaming\Code\User\globalStorage\vexrobotics.vexcode\sdk\cpp\V5\V5_20240802_15_00_00/vexv5\libv5rt.a(vex_competition.cpp.obj)
                0x0380926c                vex::competition::_drivercontrol()
 .text._ZN3vex11competitionC2Ev
                0x038092ec      0x13c c:\Users\br-98\AppData\Roaming\Code\User\globalStorage\vexrobotics.vexcode\sdk\cpp\V5\V5_20240802_15_00_00/vexv5\libv5rt.a(vex_competition.cpp.obj)
                0x038092ec                vex::competition::competition()
                0x038092ec                vex::competition::competition()
 .text._ZN3vex11competitionD2Ev
                0x03809428        0x4 c:\Users\br-98\AppData\Roaming\Code\User\globalStorage\vexrobotics.vexcode\sdk\cpp\V5\V5_20240802_15_00_00/vexv5\libv5rt.a(vex_competition.cpp.obj)
                0x03809428                vex::competition::~competition()
                0x03809428                vex::competition::~competition()
 .text._ZN3vex11competition10autonomousEPFvvE
                0x0380942c       0x44 c:\Users\br-98\AppData\Roaming\Code\User\globalStorage\vexrobotics.vexcode\sdk\cpp\V5\V5_20240802_15_00_00/vexv5\libv5rt.a(vex_competition.cpp.obj)
                0x0380942c                vex::competition::autonomous(void (*)())
 .text._ZN3vex11competition13drivercontrolEPFvvE
                0x03809470       0x44 c:\Users\br-98\AppData\Roaming\Code\User\globalStorage\vexrobotics.vexcode\sdk\cpp\V5\V5_20240802_15_00_00/vexv5\libv5rt.a(vex_competition.cpp.obj)
                0x03809470                vex::competition::drivercontrol(void (*)())
 .text._ZN3vex11competition9isEnabledEv
                0x038094b4       0x14 c:\Users\br-98\AppData\Roaming\Code\User\globalStorage\vexrobotics.vexcode\sdk\cpp\V5\V5_20240802_15_00_00/vexv5\libv5rt.a(vex_competition.cpp.obj)
                0x038094b4                vex::competition::isEnabled()
 .text._ZN3vex7triportD2Ev
                0x038094c8       0x38 c:\Users\br-98\AppData\Roaming\Code\User\globalStorage\vexrobotics.vexcode\sdk\cpp\V5\V5_20240802_15_00_00/vexv5\libv5rt.a(vex_triport.cpp.obj)
                0x038094c8                vex::triport::~triport()
                0x038094c8                vex::triport::~triport()
 .text._ZN3vex7triportD0Ev
                0x03809500       0x1c c:\Users\br-98\AppData\Roaming\Code\User\globalStorage\vexrobotics.vexcode\sdk\cpp\V5\V5_20240802_15_00_00/vexv5\libv5rt.a(vex_triport.cpp.obj)
                0x03809500                vex::triport::~triport()
 .text._ZN3vex7triport9installedEv
                0x0380951c       0x18 c:\Users\br-98\AppData\Roaming\Code\User\globalStorage\vexrobotics.vexcode\sdk\cpp\V5\V5_20240802_15_00_00/vexv5\libv5rt.a(vex_triport.cpp.obj)
                0x0380951c                vex::triport::installed()
 .text._ZN3vex7triport4portC2ElPS0_
                0x03809534       0x74 c:\Users\br-98\AppData\Roaming\Code\User\globalStorage\vexrobotics.vexcode\sdk\cpp\V5\V5_20240802_15_00_00/vexv5\libv5rt.a(vex_triport.cpp.obj)
                0x03809534                vex::triport::port::port(long, vex::triport*)
                0x03809534                vex::triport::port::port(long, vex::triport*)
 .text._ZN3vex7triportC2El
                0x038095a8       0xf0 c:\Users\br-98\AppData\Roaming\Code\User\globalStorage\vexrobotics.vexcode\sdk\cpp\V5\V5_20240802_15_00_00/vexv5\libv5rt.a(vex_triport.cpp.obj)
                0x038095a8                vex::triport::triport(long)
                0x038095a8                vex::triport::triport(long)
 .text._ZN3vex7triport4port4typeENS_11triportTypeE
                0x03809698       0x30 c:\Users\br-98\AppData\Roaming\Code\User\globalStorage\vexrobotics.vexcode\sdk\cpp\V5\V5_20240802_15_00_00/vexv5\libv5rt.a(vex_triport.cpp.obj)
                0x03809698                vex::triport::port::type(vex::triportType)
 .text._ZN3vex7triport4port4typeEv
                0x038096c8       0x38 c:\Users\br-98\AppData\Roaming\Code\User\globalStorage\vexrobotics.vexcode\sdk\cpp\V5\V5_20240802_15_00_00/vexv5\libv5rt.a(vex_triport.cpp.obj)
                0x038096c8                vex::triport::port::type()
 .text._ZN3vex7triport4port5valueEl
                0x03809700       0x18 c:\Users\br-98\AppData\Roaming\Code\User\globalStorage\vexrobotics.vexcode\sdk\cpp\V5\V5_20240802_15_00_00/vexv5\libv5rt.a(vex_triport.cpp.obj)
                0x03809700                vex::triport::port::value(long)
 .text._ZN3vex11__trideviceC2ERNS_7triport4portENS_11triportTypeE
                0x03809718       0x5c c:\Users\br-98\AppData\Roaming\Code\User\globalStorage\vexrobotics.vexcode\sdk\cpp\V5\V5_20240802_15_00_00/vexv5\libv5rt.a(vex_triport.cpp.obj)
                0x03809718                vex::__tridevice::__tridevice(vex::triport::port&, vex::triportType)
                0x03809718                vex::__tridevice::__tridevice(vex::triport::port&, vex::triportType)
 .text._ZN3vex11digital_outC2ERNS_7triport4portE
                0x03809774       0x18 c:\Users\br-98\AppData\Roaming\Code\User\globalStorage\vexrobotics.vexcode\sdk\cpp\V5\V5_20240802_15_00_00/vexv5\libv5rt.a(vex_triport.cpp.obj)
                0x03809774                vex::digital_out::digital_out(vex::triport::port&)
                0x03809774                vex::digital_out::digital_out(vex::triport::port&)
 .text._ZN3vex11digital_outD2Ev
                0x0380978c        0x4 c:\Users\br-98\AppData\Roaming\Code\User\globalStorage\vexrobotics.vexcode\sdk\cpp\V5\V5_20240802_15_00_00/vexv5\libv5rt.a(vex_triport.cpp.obj)
                0x0380978c                vex::digital_out::~digital_out()
                0x0380978c                vex::digital_out::~digital_out()
 .text._ZN3vex11digital_out3setEb
                0x03809790        0x8 c:\Users\br-98\AppData\Roaming\Code\User\globalStorage\vexrobotics.vexcode\sdk\cpp\V5\V5_20240802_15_00_00/vexv5\libv5rt.a(vex_triport.cpp.obj)
                0x03809790                vex::digital_out::set(bool)
 .text._ZN3vex5colorD2Ev
                0x03809798        0x4 c:\Users\br-98\AppData\Roaming\Code\User\globalStorage\vexrobotics.vexcode\sdk\cpp\V5\V5_20240802_15_00_00/vexv5\libv5rt.a(vex_color.cpp.obj)
                0x03809798                vex::color::~color()
                0x03809798                vex::color::~color()
 .text._ZNK3vex5colorcvmEv
                0x0380979c        0x8 c:\Users\br-98\AppData\Roaming\Code\User\globalStorage\vexrobotics.vexcode\sdk\cpp\V5\V5_20240802_15_00_00/vexv5\libv5rt.a(vex_color.cpp.obj)
                0x0380979c                vex::color::operator unsigned long() const
 .text._ZNK3vex5color13isTransparentEv
                0x038097a4        0x8 c:\Users\br-98\AppData\Roaming\Code\User\globalStorage\vexrobotics.vexcode\sdk\cpp\V5\V5_20240802_15_00_00/vexv5\libv5rt.a(vex_color.cpp.obj)
                0x038097a4                vex::color::isTransparent() const
 .text.startup._GLOBAL__sub_I__ZN3vex5color5blackE
                0x038097ac      0x164 c:\Users\br-98\AppData\Roaming\Code\User\globalStorage\vexrobotics.vexcode\sdk\cpp\V5\V5_20240802_15_00_00/vexv5\libv5rt.a(vex_color.cpp.obj)
 .text._ZN3vex5timerD2Ev
                0x03809910        0x4 c:\Users\br-98\AppData\Roaming\Code\User\globalStorage\vexrobotics.vexcode\sdk\cpp\V5\V5_20240802_15_00_00/vexv5\libv5rt.a(vex_timer.cpp.obj)
                0x03809910                vex::timer::~timer()
                0x03809910                vex::timer::~timer()
 .text._ZN3vex5timer5clearEv
                0x03809914       0x1c c:\Users\br-98\AppData\Roaming\Code\User\globalStorage\vexrobotics.vexcode\sdk\cpp\V5\V5_20240802_15_00_00/vexv5\libv5rt.a(vex_timer.cpp.obj)
                0x03809914                vex::timer::clear()
 .text._ZN3vex5timerC2Ev
                0x03809930       0x14 c:\Users\br-98\AppData\Roaming\Code\User\globalStorage\vexrobotics.vexcode\sdk\cpp\V5\V5_20240802_15_00_00/vexv5\libv5rt.a(vex_timer.cpp.obj)
                0x03809930                vex::timer::timer()
                0x03809930                vex::timer::timer()
 .text._ZN3vex5timeraSEm
                0x03809944       0x18 c:\Users\br-98\AppData\Roaming\Code\User\globalStorage\vexrobotics.vexcode\sdk\cpp\V5\V5_20240802_15_00_00/vexv5\libv5rt.a(vex_timer.cpp.obj)